 WzAG

 Timestamp is 58af3481 (Thu Feb 23 16:14:09 2017)

 Preferred load address is 10000000

 Start         Length     Name                   Class
 0001:00000000 0003e114H .text$mn                CODE
 0002:00000000 0000016cH .idata$5                DATA
 0002:0000016c 00000004H .00cfg                  DATA
 0002:00000170 00000004H .CRT$XCA                DATA
 0002:00000174 00000004H .CRT$XCZ                DATA
 0002:00000178 00000004H .CRT$XIA                DATA
 0002:0000017c 0000000cH .CRT$XIC                DATA
 0002:00000188 00000004H .CRT$XIZ                DATA
 0002:0000018c 00000004H .CRT$XPA                DATA
 0002:00000190 00000008H .CRT$XPX                DATA
 0002:00000198 00000004H .CRT$XPXA               DATA
 0002:0000019c 00000004H .CRT$XPZ                DATA
 0002:000001a0 00000004H .CRT$XTA                DATA
 0002:000001a4 0000000cH .CRT$XTZ                DATA
 0002:000001b0 000073f4H .rdata                  DATA
 0002:000075a4 000002fcH .rdata$r                DATA
 0002:000078a0 0000000cH .rdata$sxdata           DATA
 0002:000078ac 00000314H .rdata$zzzdbg           DATA
 0002:00007bc0 00000004H .rtc$IAA                DATA
 0002:00007bc4 00000004H .rtc$IZZ                DATA
 0002:00007bc8 00000004H .rtc$TAA                DATA
 0002:00007bcc 00000004H .rtc$TZZ                DATA
 0002:00007bd0 00000930H .xdata$x                DATA
 0002:00008500 00000110H .edata                  DATA
 0002:00008610 00000028H .idata$2                DATA
 0002:00008638 00000014H .idata$3                DATA
 0002:0000864c 0000016cH .idata$4                DATA
 0002:000087b8 000006aeH .idata$6                DATA
 0003:00000000 000008d0H .data                   DATA
 0003:000008d0 00000118H .data$r                 DATA
 0003:000009e8 000012d0H .bss                    DATA
 0004:00000000 000000ecH .gfids$x                DATA
 0004:000000ec 000000a4H .gfids$y                DATA
 0005:00000000 000000a0H .rsrc$01                DATA
 0005:000000a0 00000438H .rsrc$02                DATA

  Address         Publics by Value              Rva+Base       Lib:Object

 0000:00000000       __except_list              00000000     <absolute>
 0000:00000000       ___guard_fids_table        00000000     <absolute>
 0000:00000000       ___guard_iat_count         00000000     <absolute>
 0000:00000000       ___guard_fids_count        00000000     <absolute>
 0000:00000000       ___guard_longjmp_count     00000000     <absolute>
 0000:00000000       ___guard_longjmp_table     00000000     <absolute>
 0000:00000000       ___guard_iat_table         00000000     <absolute>
 0000:00000000       ___dynamic_value_reloc_table 00000000     <absolute>
 0000:00000003       ___safe_se_handler_count   00000003     <absolute>
 0000:00000100       ___guard_flags             00000100     <absolute>
 0000:00000000       ___ImageBase               10000000     <linker-defined>
 0001:00000000       _AGConnectSetFS            10001000 f   WzAG.obj
 0001:00000010       _AGGetClientVersion        10001010 f   WzAG.obj
 0001:000000c0       _AGGetDataBuffer           100010c0 f   WzAG.obj
 0001:000000d0       _AGGetDataBufferSize       100010d0 f   WzAG.obj
 0001:000000e0       _AGGetKey                  100010e0 f   WzAG.obj
 0001:00000110       _AGReleaseHandle           10001110 f   WzAG.obj
 0001:00000120       _AGRequestData             10001120 f   WzAG.obj
 0001:000003e0       _AGSetInfo                 100013e0 f   WzAG.obj
 0001:00000450       _AGSetSubInfo              10001450 f   WzAG.obj
 0001:00000460       _DllMain@12                10001460 f   WzAG.obj
 0001:00000468       _ExitProcess@4             10001468 f   kernel32:KERNEL32.dll
 0001:0000046e       _GetPrivateProfileStringA@24 1000146e f   kernel32:KERNEL32.dll
 0001:00000474       _MessageBoxA@16            10001474 f   user32:USER32.dll
 0001:0000047a       ??_U@YAPAXI@Z              1000147a f   LIBCMT:new_array.obj
 0001:00000483       @__security_check_cookie@4 10001483 f   LIBCMT:_secchk_.obj
 0001:0000079c       __CRT_INIT@12              1000179c f   LIBCMT:dll_dllmain.obj
 0001:000007a5       __DllMainCRTStartup@12     100017a5 f   LIBCMT:dll_dllmain.obj
 0001:000007c8       ??2@YAPAXI@Z               100017c8 f   LIBCMT:new_scalar.obj
 0001:000007fb       ___raise_securityfailure   100017fb f   LIBCMT:gs_report.obj
 0001:00000823       ___report_gsfailure        10001823 f   LIBCMT:gs_report.obj
 0001:0000091e       ___report_rangecheckfailure 1000191e f   LIBCMT:gs_report.obj
 0001:0000092a       ___report_securityfailure  1000192a f   LIBCMT:gs_report.obj
 0001:000009fa       ___report_securityfailureEx 100019fa f   LIBCMT:gs_report.obj
 0001:00000b10       ??$__crt_fast_decode_pointer@PAP6AXXZ@@YAPAP6AXXZQAP6AXXZ@Z 10001b10 f i LIBCMT:utility.obj
 0001:00000b24       ??$__crt_fast_encode_pointer@PAP6AXXZ@@YAPAP6AXXZQAP6AXXZ@Z 10001b24 f i LIBCMT:utility.obj
 0001:00000b41       ?__crt_rotate_pointer_value@@YAIIH@Z 10001b41 f i LIBCMT:utility.obj
 0001:00000b4e       ?configure_argv@__scrt_narrow_argv_policy@@SAHXZ 10001b4e f i LIBCMT:utility.obj
 0001:00000bd2       _NtCurrentTeb              10001bd2 f i LIBCMT:utility.obj
 0001:00000bd9       ___scrt_acquire_startup_lock 10001bd9 f   LIBCMT:utility.obj
 0001:00000c0e       ___scrt_dllmain_after_initialize_c 10001c0e f   LIBCMT:utility.obj
 0001:00000c39       ___scrt_dllmain_before_initialize_c 10001c39 f   LIBCMT:utility.obj
 0001:00000c47       ___scrt_dllmain_crt_thread_attach 10001c47 f   LIBCMT:utility.obj
 0001:00000c66       ___scrt_dllmain_crt_thread_detach 10001c66 f   LIBCMT:utility.obj
 0001:00000c73       ___scrt_dllmain_exception_filter 10001c73 f   LIBCMT:utility.obj
 0001:00000ca6       ___scrt_dllmain_uninitialize_c 10001ca6 f   LIBCMT:utility.obj
 0001:00000cc9       ___scrt_dllmain_uninitialize_critical 10001cc9 f   LIBCMT:utility.obj
 0001:00000cd6       ___scrt_initialize_crt     10001cd6 f   LIBCMT:utility.obj
 0001:00000d0f       ___scrt_initialize_onexit_tables 10001d0f f   LIBCMT:utility.obj
 0001:00000da6       ___scrt_is_nonwritable_in_current_image 10001da6 f   LIBCMT:utility.obj
 0001:00000e30       ___scrt_release_startup_lock 10001e30 f   LIBCMT:utility.obj
 0001:00000e4d       ___scrt_uninitialize_crt   10001e4d f   LIBCMT:utility.obj
 0001:00000e75       __onexit                   10001e75 f   LIBCMT:utility.obj
 0001:00000eb0       _at_quick_exit             10001eb0 f   LIBCMT:utility.obj
 0001:00000ee1       _atexit                    10001ee1 f   LIBCMT:utility.obj
 0001:00000ef6       ___security_init_cookie    10001ef6 f   LIBCMT:gs_support.obj
 0001:00000f92       ?__scrt_initialize_type_info@@YAXXZ 10001f92 f   LIBCMT:tncleanup.obj
 0001:00000f9e       ?__scrt_uninitialize_type_info@@YAXXZ 10001f9e f   LIBCMT:tncleanup.obj
 0001:00000faa       ___local_stdio_printf_options 10001faa f i LIBCMT:default_local_stdio_options.obj
 0001:00000fb0       ___local_stdio_scanf_options 10001fb0 f i LIBCMT:default_local_stdio_options.obj
 0001:00000fb6       ___scrt_initialize_default_local_stdio_options 10001fb6 f   LIBCMT:default_local_stdio_options.obj
 0001:00000fd3       ___scrt_get_dyn_tls_init_callback 10001fd3 f   LIBCMT:dyn_tls_init.obj
 0001:00000fd9       ___scrt_fastfail           10001fd9 f   LIBCMT:utility_desktop.obj
 0001:000010f4       ___scrt_get_show_window_mode 100020f4 f   LIBCMT:utility_desktop.obj
 0001:00001127       ___scrt_initialize_winrt   10002127 f   LIBCMT:utility_desktop.obj
 0001:0000112a       ___scrt_is_managed_app     1000212a f   LIBCMT:utility_desktop.obj
 0001:0000116e       ___scrt_set_unhandled_exception_filter 1000216e f   LIBCMT:utility_desktop.obj
 0001:0000117a       ___scrt_unhandled_exception_filter@4 1000217a f   LIBCMT:utility_desktop.obj
 0001:000011bb       __crt_debugger_hook        100021bb f   LIBCMT:utility_desktop.obj
 0001:000011c3       __RTC_Initialize           100021c3 f   LIBCMT:_initsect_.obj
 0001:000011ee       __RTC_Terminate            100021ee f   LIBCMT:_initsect_.obj
 0001:00001219       @_guard_check_icall@4      10002219 f i LIBCMT:checkcfg.obj
 0001:00001220       __SEH_prolog4              10002220 f   LIBCMT:_sehprolg4_.obj
 0001:00001266       __SEH_epilog4              10002266 f   LIBCMT:_sehprolg4_.obj
 0001:0000127b       ??0bad_alloc@std@@AAE@QBD@Z 1000227b f i LIBCMT:throw_bad_alloc.obj
 0001:00001298       ??0bad_alloc@std@@QAE@ABV01@@Z 10002298 f i LIBCMT:throw_bad_alloc.obj
 0001:000012b3       ??0bad_alloc@std@@QAE@XZ   100022b3 f i LIBCMT:throw_bad_alloc.obj
 0001:000012cb       ??0bad_array_new_length@std@@QAE@ABV01@@Z 100022cb f i LIBCMT:throw_bad_alloc.obj
 0001:000012e6       ??0bad_array_new_length@std@@QAE@XZ 100022e6 f i LIBCMT:throw_bad_alloc.obj
 0001:000012fe       ??0exception@std@@QAE@ABV01@@Z 100022fe f i LIBCMT:throw_bad_alloc.obj
 0001:0000132a       ??0exception@std@@QAE@QBDH@Z 1000232a f i LIBCMT:throw_bad_alloc.obj
 0001:00001347       ??1bad_alloc@std@@UAE@XZ   10002347 f i LIBCMT:throw_bad_alloc.obj
 0001:00001358       ??1bad_array_new_length@std@@UAE@XZ 10002358 f i LIBCMT:throw_bad_alloc.obj
 0001:00001369       ??1exception@std@@UAE@XZ   10002369 f i LIBCMT:throw_bad_alloc.obj
 0001:0000137a       ??_Gbad_alloc@std@@UAEPAXI@Z 1000237a f i LIBCMT:throw_bad_alloc.obj
 0001:0000137a       ??_Ebad_alloc@std@@UAEPAXI@Z 1000237a f i LIBCMT:throw_bad_alloc.obj
 0001:000013a7       ??_Gbad_array_new_length@std@@UAEPAXI@Z 100023a7 f i LIBCMT:throw_bad_alloc.obj
 0001:000013a7       ??_Ebad_array_new_length@std@@UAEPAXI@Z 100023a7 f i LIBCMT:throw_bad_alloc.obj
 0001:000013d4       ??_Eexception@std@@UAEPAXI@Z 100023d4 f i LIBCMT:throw_bad_alloc.obj
 0001:000013d4       ??_Gexception@std@@UAEPAXI@Z 100023d4 f i LIBCMT:throw_bad_alloc.obj
 0001:00001401       ?__scrt_throw_std_bad_alloc@@YAXXZ 10002401 f   LIBCMT:throw_bad_alloc.obj
 0001:0000141e       ?__scrt_throw_std_bad_array_new_length@@YAXXZ 1000241e f   LIBCMT:throw_bad_alloc.obj
 0001:0000143b       ?what@exception@std@@UBEPBDXZ 1000243b f i LIBCMT:throw_bad_alloc.obj
 0001:00001448       ___isa_available_init      10002448 f   LIBCMT:_cpu_disp_.obj
 0001:000015e2       __get_startup_argv_mode    100025e2 f   LIBCMT:argv_mode.obj
 0001:000015e6       ___scrt_is_ucrt_dll_in_use 100025e6 f   LIBCMT:ucrt_detection.obj
 0001:000015f2       @_guard_check_icall_nop@4  100025f2 f i LIBCMT:guard_support.obj
 0001:000015f3       __guard_icall_checks_enforced 100025f3 f i LIBCMT:guard_support.obj
 0001:00001605       ??3@YAXPAXI@Z              10002605 f   LIBCMT:delete_scalar_size.obj
 0001:00001613       ??1type_info@@UAE@XZ       10002613 f   LIBCMT:std_type_info_static.obj
 0001:0000161a       ??_Etype_info@@UAEPAXI@Z   1000261a f i LIBCMT:std_type_info_static.obj
 0001:0000161a       ??_Gtype_info@@UAEPAXI@Z   1000261a f i LIBCMT:std_type_info_static.obj
 0001:0000163d       ??3@YAXPAX@Z               1000263d f   LIBCMT:delete_scalar.obj
 0001:00001690       __except_handler4          10002690 f   libvcruntime:_chandler4_.obj
 0001:000017f6       ___vcrt_initialize         100027f6 f   libvcruntime:initialization.obj
 0001:0000181f       ___vcrt_thread_attach      1000281f f   libvcruntime:initialization.obj
 0001:0000182a       ___vcrt_thread_detach      1000282a f   libvcruntime:initialization.obj
 0001:00001835       ___vcrt_uninitialize       10002835 f   libvcruntime:initialization.obj
 0001:00001854       ___vcrt_uninitialize_critical 10002854 f   libvcruntime:initialization.obj
 0001:0000186b       ??$?RD@__crt_internal_free_policy@@QBEXQBD@Z 1000286b f i libvcruntime:std_type_info.obj
 0001:0000187b       ??$?RX@__crt_internal_free_policy@@QBEXQBX@Z 1000287b f i libvcruntime:std_type_info.obj
 0001:0000188b       ??$__crt_interlocked_compare_exchange_pointer@$$CBD$$T$$T@@YAPBDPDSBD$$T1@Z 1000288b f i libvcruntime:std_type_info.obj
 0001:0000189d       ??$__crt_interlocked_compare_exchange_pointer@$$CBDPAD$$T@@YAPBDPDSBDQAD$$T@Z 1000289d f i libvcruntime:std_type_info.obj
 0001:000018af       ??$__crt_interlocked_read_pointer@$$CBD@@YAPBDPDSBD@Z 100028af f i libvcruntime:std_type_info.obj
 0001:000018bf       ??0?$__crt_unique_heap_ptr@DU__crt_internal_free_policy@@@@QAE@QAD@Z 100028bf f i libvcruntime:std_type_info.obj
 0001:000018cd       ??0?$__crt_unique_heap_ptr@XU__crt_internal_free_policy@@@@QAE@QAX@Z 100028cd f i libvcruntime:std_type_info.obj
 0001:000018db       ??1?$__crt_unique_heap_ptr@DU__crt_internal_free_policy@@@@QAE@XZ 100028db f i libvcruntime:std_type_info.obj
 0001:000018eb       ??1?$__crt_unique_heap_ptr@XU__crt_internal_free_policy@@@@QAE@XZ 100028eb f i libvcruntime:std_type_info.obj
 0001:00001907       ??B?$__crt_unique_heap_ptr@DU__crt_internal_free_policy@@@@QBE_NXZ 10002907 f i libvcruntime:std_type_info.obj
 0001:0000190e       ??B?$__crt_unique_heap_ptr@XU__crt_internal_free_policy@@@@QBE_NXZ 1000290e f i libvcruntime:std_type_info.obj
 0001:00001935       ?detach@?$__crt_unique_heap_ptr@XU__crt_internal_free_policy@@@@QAEPAXXZ 10002935 f i libvcruntime:std_type_info.obj
 0001:0000193b       ?get@?$__crt_unique_heap_ptr@DU__crt_internal_free_policy@@@@QBEPADXZ 1000293b f i libvcruntime:std_type_info.obj
 0001:0000193e       ?get@?$__crt_unique_heap_ptr@XU__crt_internal_free_policy@@@@QBEPAXXZ 1000293e f i libvcruntime:std_type_info.obj
 0001:00001941       ?is_valid@?$__crt_unique_heap_ptr@DU__crt_internal_free_policy@@@@QBE_NXZ 10002941 f i libvcruntime:std_type_info.obj
 0001:00001948       ?is_valid@?$__crt_unique_heap_ptr@XU__crt_internal_free_policy@@@@QBE_NXZ 10002948 f i libvcruntime:std_type_info.obj
 0001:0000194f       ?release@?$__crt_unique_heap_ptr@DU__crt_internal_free_policy@@@@QAEXXZ 1000294f f i libvcruntime:std_type_info.obj
 0001:0000195f       ?release@?$__crt_unique_heap_ptr@XU__crt_internal_free_policy@@@@QAEXXZ 1000295f f i libvcruntime:std_type_info.obj
 0001:0000196f       ___std_type_info_compare   1000296f f   libvcruntime:std_type_info.obj
 0001:000019ab       ___std_type_info_destroy_list 100029ab f   libvcruntime:std_type_info.obj
 0001:000019ce       ___std_type_info_hash      100029ce f   libvcruntime:std_type_info.obj
 0001:000019f4       ___std_type_info_name      100029f4 f   libvcruntime:std_type_info.obj
 0001:00001ac0       _memset                    10002ac0 f   libvcruntime:memset.obj
 0001:00001c1a       ??$?RD@__crt_public_free_policy@@QBEXQBD@Z 10002c1a f i libvcruntime:std_exception.obj
 0001:00001c2a       ??0?$__crt_unique_heap_ptr@DU__crt_public_free_policy@@@@QAE@QAD@Z 10002c2a f i libvcruntime:std_exception.obj
 0001:00001c38       ??1?$__crt_unique_heap_ptr@DU__crt_public_free_policy@@@@QAE@XZ 10002c38 f i libvcruntime:std_exception.obj
 0001:00001c48       ??B?$__crt_unique_heap_ptr@DU__crt_public_free_policy@@@@QBE_NXZ 10002c48 f i libvcruntime:std_exception.obj
 0001:00001c4f       ?detach@?$__crt_unique_heap_ptr@DU__crt_public_free_policy@@@@QAEPADXZ 10002c4f f i libvcruntime:std_exception.obj
 0001:00001c55       ?get@?$__crt_unique_heap_ptr@DU__crt_public_free_policy@@@@QBEPADXZ 10002c55 f i libvcruntime:std_exception.obj
 0001:00001c58       ?is_valid@?$__crt_unique_heap_ptr@DU__crt_public_free_policy@@@@QBE_NXZ 10002c58 f i libvcruntime:std_exception.obj
 0001:00001c5f       ?release@?$__crt_unique_heap_ptr@DU__crt_public_free_policy@@@@QAEXXZ 10002c5f f i libvcruntime:std_exception.obj
 0001:00001c6f       ___std_exception_copy      10002c6f f   libvcruntime:std_exception.obj
 0001:00001cd2       ___std_exception_destroy   10002cd2 f   libvcruntime:std_exception.obj
 0001:00001cf1       __CxxThrowException@8      10002cf1 f   libvcruntime:throw.obj
 0001:00001d60       __local_unwind4            10002d60 f   libvcruntime:_exsup4_.obj
 0001:00001e36       __seh_longjmp_unwind4@4    10002e36 f   libvcruntime:_exsup4_.obj
 0001:00001e5e       @_EH4_CallFilterFunc@8     10002e5e f   libvcruntime:_exsup4_.obj
 0001:00001e75       @_EH4_TransferToHandler@8  10002e75 f   libvcruntime:_exsup4_.obj
 0001:00001e8e       @_EH4_GlobalUnwind2@8      10002e8e f   libvcruntime:_exsup4_.obj
 0001:00001ea7       @_EH4_LocalUnwind@16       10002ea7 f   libvcruntime:_exsup4_.obj
 0001:00001ebe       ___except_validate_context_record 10002ebe f   libvcruntime:jbcxrval.obj
 0001:00001ebf       ___except_validate_jump_buffer 10002ebf f   libvcruntime:jbcxrval.obj
 0001:00001ec0       ??$?RU__vcrt_ptd@@@__crt_internal_free_policy@@QBEXQBU__vcrt_ptd@@@Z 10002ec0 f i libvcruntime:per_thread_data.obj
 0001:00001ed0       ??0?$__crt_unique_heap_ptr@U__vcrt_ptd@@U__crt_internal_free_policy@@@@QAE@QAU__vcrt_ptd@@@Z 10002ed0 f i libvcruntime:per_thread_data.obj
 0001:00001eed       ??1?$__crt_unique_heap_ptr@U__vcrt_ptd@@U__crt_internal_free_policy@@@@QAE@XZ 10002eed f i libvcruntime:per_thread_data.obj
 0001:00001f06       ??B?$__crt_unique_heap_ptr@U__vcrt_ptd@@U__crt_internal_free_policy@@@@QBE_NXZ 10002f06 f i libvcruntime:per_thread_data.obj
 0001:00001f0d       ?detach@?$__crt_unique_heap_ptr@U__vcrt_ptd@@U__crt_internal_free_policy@@@@QAEPAU__vcrt_ptd@@XZ 10002f0d f i libvcruntime:per_thread_data.obj
 0001:00001f13       ?get@?$__crt_unique_heap_ptr@U__vcrt_ptd@@U__crt_internal_free_policy@@@@QBEPAU__vcrt_ptd@@XZ 10002f13 f i libvcruntime:per_thread_data.obj
 0001:00001f16       ?is_valid@?$__crt_unique_heap_ptr@U__vcrt_ptd@@U__crt_internal_free_policy@@@@QBE_NXZ 10002f16 f i libvcruntime:per_thread_data.obj
 0001:00001f1d       ?release@?$__crt_unique_heap_ptr@U__vcrt_ptd@@U__crt_internal_free_policy@@@@QAEXXZ 10002f1d f i libvcruntime:per_thread_data.obj
 0001:00001f47       ___vcrt_freefls@4          10002f47 f   libvcruntime:per_thread_data.obj
 0001:00001f63       ___vcrt_freeptd            10002f63 f   libvcruntime:per_thread_data.obj
 0001:00001f99       ___vcrt_getptd             10002f99 f   libvcruntime:per_thread_data.obj
 0001:00001fa7       ___vcrt_getptd_noexit      10002fa7 f   libvcruntime:per_thread_data.obj
 0001:00002039       ___vcrt_initialize_ptd     10003039 f   libvcruntime:per_thread_data.obj
 0001:0000206c       ___vcrt_uninitialize_ptd   1000306c f   libvcruntime:per_thread_data.obj
 0001:00002087       ___vcrt_initialize_locks   10003087 f   libvcruntime:locks.obj
 0001:000020c3       ___vcrt_lock               100030c3 f   libvcruntime:locks.obj
 0001:000020d8       ___vcrt_uninitialize_locks 100030d8 f   libvcruntime:locks.obj
 0001:00002107       ___vcrt_unlock             10003107 f   libvcruntime:locks.obj
 0001:0000211c       ??$?BX@__crt_fast_encoded_nullptr_t@@QBEPAXXZ 1000311c f i libvcruntime:winapi_downlevel.obj
 0001:00002134       ??$__crt_fast_decode_pointer@PAX@@YAPAXQAX@Z 10003134 f i libvcruntime:winapi_downlevel.obj
 0001:00002148       ??$__crt_fast_encode_pointer@PAX@@YAPAXQAX@Z 10003148 f i libvcruntime:winapi_downlevel.obj
 0001:00002165       ??$__crt_interlocked_compare_exchange_pointer@UHINSTANCE__@@$$T$$T@@YAPAUHINSTANCE__@@PDSAU0@$$T1@Z 10003165 f i libvcruntime:winapi_downlevel.obj
 0001:00002177       ??$__crt_interlocked_compare_exchange_pointer@X$$T$$T@@YAPAXPDSAX$$T1@Z 10003177 f i libvcruntime:winapi_downlevel.obj
 0001:00002189       ??$__crt_interlocked_exchange_pointer@UHINSTANCE__@@PAU1@@@YAPAUHINSTANCE__@@PDSAU0@QAU0@@Z 10003189 f i libvcruntime:winapi_downlevel.obj
 0001:00002196       ??$__crt_interlocked_exchange_pointer@UHINSTANCE__@@PAX@@YAPAUHINSTANCE__@@PDSAU0@QAX@Z 10003196 f i libvcruntime:winapi_downlevel.obj
 0001:000021a3       ??$__crt_interlocked_exchange_pointer@XPAX@@YAPAXPDSAXQAX@Z 100031a3 f i libvcruntime:winapi_downlevel.obj
 0001:000021b0       ??$__crt_interlocked_read_pointer@UHINSTANCE__@@@@YAPAUHINSTANCE__@@PDSAU0@@Z 100031b0 f i libvcruntime:winapi_downlevel.obj
 0001:000021c0       ??$__crt_interlocked_read_pointer@X@@YAPAXPDSAX@Z 100031c0 f i libvcruntime:winapi_downlevel.obj
 0001:000021d0       ?__crt_fast_encode_pointer@@YA?AU__crt_fast_encoded_nullptr_t@@$$T@Z 100031d0 f i libvcruntime:winapi_downlevel.obj
 0001:00002473       ___vcrt_EventRegister      10003473 f   libvcruntime:winapi_downlevel.obj
 0001:000024b3       ___vcrt_EventSetInformation 100034b3 f   libvcruntime:winapi_downlevel.obj
 0001:000024f6       ___vcrt_EventUnregister    100034f6 f   libvcruntime:winapi_downlevel.obj
 0001:00002530       ___vcrt_EventWriteTransfer 10003530 f   libvcruntime:winapi_downlevel.obj
 0001:00002579       ___vcrt_FlsAlloc           10003579 f   libvcruntime:winapi_downlevel.obj
 0001:000025b3       ___vcrt_FlsFree            100035b3 f   libvcruntime:winapi_downlevel.obj
 0001:000025ed       ___vcrt_FlsGetValue        100035ed f   libvcruntime:winapi_downlevel.obj
 0001:00002627       ___vcrt_FlsSetValue        10003627 f   libvcruntime:winapi_downlevel.obj
 0001:00002664       ___vcrt_InitializeCriticalSectionEx 10003664 f   libvcruntime:winapi_downlevel.obj
 0001:000026aa       ___vcrt_initialize_winapi_thunks 100036aa f   libvcruntime:winapi_downlevel.obj
 0001:000026e4       ___vcrt_uninitialize_winapi_thunks 100036e4 f   libvcruntime:winapi_downlevel.obj
 0001:00002716       ??$?B$$A6AXXZ@__crt_fast_encoded_nullptr_t@@QBEP6AXXZXZ 10003716 f i libvcruntime:purevirt_data.obj
 0001:0000272e       ??$__crt_fast_encode_pointer@P6AXXZ@@YAP6AXXZQ6AXXZ@Z 1000372e f i libvcruntime:purevirt_data.obj
 0001:0000274b       ___vcrt_initialize_pure_virtual_call_handler 1000374b f   libvcruntime:purevirt_data.obj
 0001:00002768       ??$__vcrt_va_start_verify_argument_type@QBD@@YAXXZ 10003768 f i libvcruntime:undname.obj
 0001:00002769       ??0Block@_HeapManager@@QAE@XZ 10003769 f i libvcruntime:undname.obj
 0001:0000276f       ??0DName@@QAE@AAPBDD@Z     1000376f f   libvcruntime:undname.obj
 0001:00002828       ??0DName@@QAE@ABV0@@Z      10003828 f i libvcruntime:undname.obj
 0001:0000283e       ??0DName@@QAE@D@Z          1000383e f   libvcruntime:undname.obj
 0001:0000286a       ??0DName@@QAE@PAV0@@Z      1000386a f   libvcruntime:undname.obj
 0001:000028b7       ??0DName@@QAE@PBD@Z        100038b7 f   libvcruntime:undname.obj
 0001:000028f1       ??0DName@@QAE@W4DNameStatus@@@Z 100038f1 f   libvcruntime:undname.obj
 0001:00002934       ??0DName@@QAE@XZ           10003934 f i libvcruntime:undname.obj
 0001:00002945       ??0DName@@QAE@_J@Z         10003945 f   libvcruntime:undname.obj
 0001:000029da       ??0DName@@QAE@_K@Z         100039da f   libvcruntime:undname.obj
 0001:00002a49       ??0DNameNode@@IAE@XZ       10003a49 f   libvcruntime:undname.obj
 0001:00002a52       ??0DNameStatusNode@@AAE@W4DNameStatus@@@Z 10003a52 f   libvcruntime:undname.obj
 0001:00002a75       ??0Replicator@@QAE@XZ      10003a75 f i libvcruntime:undname.obj
 0001:00002a7b       ??0UnDecorator@@QAE@PADPBDHP6APADJ@ZK@Z 10003a7b f i libvcruntime:undname.obj
 0001:00002ae4       ??0charNode@@QAE@D@Z       10003ae4 f   libvcruntime:undname.obj
 0001:00002af9       ??0pDNameNode@@QAE@PAVDName@@@Z 10003af9 f   libvcruntime:undname.obj
 0001:00002b21       ??0pairNode@@QAE@PAVDNameNode@@0@Z 10003b21 f   libvcruntime:undname.obj
 0001:00002b40       ??0pcharNode@@QAE@PBDH@Z   10003b40 f   libvcruntime:undname.obj
 0001:00002b99       ??2@YAPAXIAAV_HeapManager@@H@Z 10003b99 f i libvcruntime:undname.obj
 0001:00002bae       ??4DName@@QAEAAV0@ABV0@@Z  10003bae f   libvcruntime:undname.obj
 0001:00002bc4       ??4DName@@QAEAAV0@D@Z      10003bc4 f i libvcruntime:undname.obj
 0001:00002bf0       ??4DName@@QAEAAV0@PAV0@@Z  10003bf0 f   libvcruntime:undname.obj
 0001:00002c39       ??4DName@@QAEAAV0@PBD@Z    10003c39 f   libvcruntime:undname.obj
 0001:00002c6b       ??4DName@@QAEAAV0@W4DNameStatus@@@Z 10003c6b f   libvcruntime:undname.obj
 0001:00002ca0       ??AReplicator@@QBE?AVDName@@H@Z 10003ca0 f   libvcruntime:undname.obj
 0001:00002cdc       ??BUnDecorator@@QAEPADXZ   10003cdc f i libvcruntime:undname.obj
 0001:00002e55       ??H@YA?AVDName@@DABV0@@Z   10003e55 f i libvcruntime:undname.obj
 0001:00002e79       ??H@YA?AVDName@@PBDABV0@@Z 10003e79 f i libvcruntime:undname.obj
 0001:00002e9d       ??H@YA?AVDName@@W4DNameStatus@@ABV0@@Z 10003e9d f i libvcruntime:undname.obj
 0001:00002ec1       ??HDName@@QBE?AV0@ABV0@@Z  10003ec1 f   libvcruntime:undname.obj
 0001:00002ee3       ??HDName@@QBE?AV0@D@Z      10003ee3 f   libvcruntime:undname.obj
 0001:00002f05       ??HDName@@QBE?AV0@PAV0@@Z  10003f05 f   libvcruntime:undname.obj
 0001:00002f27       ??HDName@@QBE?AV0@PBD@Z    10003f27 f   libvcruntime:undname.obj
 0001:00002f49       ??HDName@@QBE?AV0@W4DNameStatus@@@Z 10003f49 f   libvcruntime:undname.obj
 0001:00002f6b       ??YDName@@QAEAAV0@ABV0@@Z  10003f6b f   libvcruntime:undname.obj
 0001:00002fae       ??YDName@@QAEAAV0@D@Z      10003fae f   libvcruntime:undname.obj
 0001:00002ffe       ??YDName@@QAEAAV0@PAV0@@Z  10003ffe f   libvcruntime:undname.obj
 0001:00003063       ??YDName@@QAEAAV0@PBD@Z    10004063 f   libvcruntime:undname.obj
 0001:000030c4       ??YDName@@QAEAAV0@W4DNameStatus@@@Z 100040c4 f   libvcruntime:undname.obj
 0001:00003104       ??YReplicator@@QAEAAV0@ABVDName@@@Z 10004104 f   libvcruntime:undname.obj
 0001:0000314e       ??_5DName@@QAEAAV0@ABV0@@Z 1000414e f   libvcruntime:undname.obj
 0001:0000316a       ?Constructor@_HeapManager@@QAEXP6APAXI@ZP6AXPAX@Z@Z 1000416a f i libvcruntime:undname.obj
 0001:00003187       ?Destructor@_HeapManager@@QAEXXZ 10004187 f i libvcruntime:undname.obj
 0001:000031c0       ?UScore@UnDecorator@@SAPBDW4Tokens@@@Z 100041c0 f   libvcruntime:undname.obj
 0001:000031dd       ?append@DName@@AAEXPAVDNameNode@@@Z 100041dd f   libvcruntime:undname.obj
 0001:00003223       ?composeDeclaration@UnDecorator@@CA?AVDName@@ABV2@@Z 10004223 f i libvcruntime:undname.obj
 0001:00003f1f       ?doAccessSpecifiers@UnDecorator@@SAHXZ 10004f1f f i libvcruntime:undname.obj
 0001:00003f2d       ?doAllocationLanguage@UnDecorator@@SAHXZ 10004f2d f i libvcruntime:undname.obj
 0001:00003f3b       ?doAllocationModel@UnDecorator@@SAHXZ 10004f3b f i libvcruntime:undname.obj
 0001:00003f49       ?doEcsu@UnDecorator@@SAHXZ 10004f49 f i libvcruntime:undname.obj
 0001:00003f57       ?doEllipsis@UnDecorator@@SAHXZ 10004f57 f i libvcruntime:undname.obj
 0001:00003f65       ?doFunctionReturns@UnDecorator@@SAHXZ 10004f65 f i libvcruntime:undname.obj
 0001:00003f73       ?doMSKeywords@UnDecorator@@SAHXZ 10004f73 f i libvcruntime:undname.obj
 0001:00003f80       ?doMemberTypes@UnDecorator@@SAHXZ 10004f80 f i libvcruntime:undname.obj
 0001:00003f8e       ?doNameOnly@UnDecorator@@SAHXZ 10004f8e f i libvcruntime:undname.obj
 0001:00003f99       ?doNoIdentCharCheck@UnDecorator@@SAHXZ 10004f99 f i libvcruntime:undname.obj
 0001:00003fa4       ?doPchar@DName@@AAEXPBDH@Z 10004fa4 f   libvcruntime:undname.obj
 0001:0000402e       ?doPtr64@UnDecorator@@SAHXZ 1000502e f i libvcruntime:undname.obj
 0001:0000403c       ?doRestrictionSpec@UnDecorator@@SAHXZ 1000503c f i libvcruntime:undname.obj
 0001:0000404a       ?doThisTypes@UnDecorator@@SAHXZ 1000504a f i libvcruntime:undname.obj
 0001:0000405c       ?doThrowTypes@UnDecorator@@SAHXZ 1000505c f i libvcruntime:undname.obj
 0001:0000406a       ?doTypeOnly@UnDecorator@@SAHXZ 1000506a f i libvcruntime:undname.obj
 0001:00004075       ?doUnderScore@UnDecorator@@SAHXZ 10005075 f i libvcruntime:undname.obj
 0001:00004080       ?getArgumentList@UnDecorator@@CA?AVDName@@XZ 10005080 f   libvcruntime:undname.obj
 0001:0000418c       ?getArgumentTypes@UnDecorator@@CA?AVDName@@XZ 1000518c f   libvcruntime:undname.obj
 0001:0000426c       ?getArrayType@UnDecorator@@CA?AVDName@@ABV2@@Z 1000526c f i libvcruntime:undname.obj
 0001:0000446e       ?getBasedType@UnDecorator@@CA?AVDName@@XZ 1000546e f   libvcruntime:undname.obj
 0001:00004507       ?getBasicDataType@UnDecorator@@CA?AVDName@@ABV2@@Z 10005507 f   libvcruntime:undname.obj
 0001:000048f6       ?getCallIndex@UnDecorator@@CA?AVDName@@XZ 100058f6 f i libvcruntime:undname.obj
 0001:0000490a       ?getCallingConvention@UnDecorator@@CA?AVDName@@XZ 1000590a f   libvcruntime:undname.obj
 0001:000049c9       ?getDataIndirectType@UnDecorator@@CA?AVDName@@ABV2@PBD0H@Z 100059c9 f   libvcruntime:undname.obj
 0001:00004fec       ?getDataIndirectType@UnDecorator@@CA?AVDName@@XZ 10005fec f i libvcruntime:undname.obj
 0001:00005025       ?getDataType@UnDecorator@@CA?AVDName@@PAV2@@Z 10006025 f   libvcruntime:undname.obj
 0001:000050f7       ?getDecoratedName@UnDecorator@@CA?AVDName@@XZ 100060f7 f   libvcruntime:undname.obj
 0001:00005343       ?getDimension@UnDecorator@@CA?AVDName@@_N@Z 10006343 f   libvcruntime:undname.obj
 0001:0000547a       ?getDispatchTarget@UnDecorator@@CA?AVDName@@XZ 1000647a f   libvcruntime:undname.obj
 0001:000054d5       ?getDisplacement@UnDecorator@@CA?AVDName@@XZ 100064d5 f i libvcruntime:undname.obj
 0001:000054e9       ?getECSUDataType@UnDecorator@@CA?AVDName@@XZ 100064e9 f   libvcruntime:undname.obj
 0001:00005606       ?getECSUName@UnDecorator@@CA?AVDName@@XZ 10006606 f i libvcruntime:undname.obj
 0001:00005617       ?getEnumType@UnDecorator@@CA?AVDName@@XZ 10006617 f i libvcruntime:undname.obj
 0001:00005703       ?getExtendedDataIndirectType@UnDecorator@@CA?AVDName@@AAPBDAA_NH@Z 10006703 f   libvcruntime:undname.obj
 0001:000058ac       ?getExternalDataType@UnDecorator@@CA?AVDName@@ABV2@@Z 100068ac f i libvcruntime:undname.obj
 0001:00005925       ?getFunctionIndirectType@UnDecorator@@CA?AVDName@@ABV2@@Z 10006925 f   libvcruntime:undname.obj
 0001:00005d2e       ?getGuardNumber@UnDecorator@@CA?AVDName@@XZ 10006d2e f i libvcruntime:undname.obj
 0001:00005d42       ?getLastChar@DName@@QBEDXZ 10006d42 f i libvcruntime:undname.obj
 0001:00005d61       ?getLastChar@DNameStatusNode@@UBEDXZ 10006d61 f i libvcruntime:undname.obj
 0001:00005d6d       ?getLastChar@charNode@@UBEDXZ 10006d6d f i libvcruntime:undname.obj
 0001:00005d71       ?getLastChar@pDNameNode@@UBEDXZ 10006d71 f i libvcruntime:undname.obj
 0001:00005d7f       ?getLastChar@pairNode@@UBEDXZ 10006d7f f i libvcruntime:undname.obj
 0001:00005db2       ?getLastChar@pcharNode@@UBEDXZ 10006db2 f i libvcruntime:undname.obj
 0001:00005dc4       ?getLexicalFrame@UnDecorator@@CA?AVDName@@XZ 10006dc4 f i libvcruntime:undname.obj
 0001:00005e01       ?getMemory@_HeapManager@@QAEPAXIH@Z 10006e01 f   libvcruntime:undname.obj
 0001:00005e8f       ?getNumberOfDimensions@UnDecorator@@CAHXZ 10006e8f f   libvcruntime:undname.obj
 0001:00005ef0       ?getOperatorName@UnDecorator@@CA?AVDName@@_NPA_N@Z 10006ef0 f i libvcruntime:undname.obj
 0001:00006517       ?getPointerType@UnDecorator@@CA?AVDName@@ABV2@0@Z 10007517 f i libvcruntime:undname.obj
 0001:00006535       ?getPointerTypeArray@UnDecorator@@CA?AVDName@@ABV2@0@Z 10007535 f i libvcruntime:undname.obj
 0001:00006553       ?getPrimaryDataType@UnDecorator@@CA?AVDName@@ABV2@@Z 10007553 f   libvcruntime:undname.obj
 0001:00006747       ?getPtrRefDataType@UnDecorator@@CA?AVDName@@ABV2@H@Z 10007747 f   libvcruntime:undname.obj
 0001:00006849       ?getPtrRefType@UnDecorator@@CA?AVDName@@ABV2@0PBD@Z 10007849 f   libvcruntime:undname.obj
 0001:00006945       ?getReferenceType@UnDecorator@@CA?AVDName@@ABV2@0PBD@Z 10007945 f i libvcruntime:undname.obj
 0001:00006961       ?getRestrictionSpec@UnDecorator@@CA?AVDName@@XZ 10007961 f   libvcruntime:undname.obj
 0001:00006a53       ?getReturnType@UnDecorator@@CA?AVDName@@PAV2@@Z 10007a53 f   libvcruntime:undname.obj
 0001:00006a82       ?getScope@UnDecorator@@CA?AVDName@@XZ 10007a82 f   libvcruntime:undname.obj
 0001:00006e60       ?getScopedName@UnDecorator@@CA?AVDName@@XZ 10007e60 f   libvcruntime:undname.obj
 0001:00006f5b       ?getSignedDimension@UnDecorator@@CA?AVDName@@XZ 10007f5b f   libvcruntime:undname.obj
 0001:00006fae       ?getStorageConvention@UnDecorator@@CA?AVDName@@XZ 10007fae f i libvcruntime:undname.obj
 0001:00006fbf       ?getString@DName@@QBEPADPAD0@Z 10007fbf f i libvcruntime:undname.obj
 0001:00006feb       ?getString@DName@@QBEPADPADH@Z 10007feb f i libvcruntime:undname.obj
 0001:00007041       ?getString@DNameStatusNode@@UBEPADPAD0@Z 10008041 f i libvcruntime:undname.obj
 0001:00007068       ?getString@charNode@@UBEPADPAD0@Z 10008068 f i libvcruntime:undname.obj
 0001:0000707d       ?getString@pDNameNode@@UBEPADPAD0@Z 1000807d f i libvcruntime:undname.obj
 0001:00007094       ?getString@pairNode@@UBEPADPAD0@Z 10008094 f i libvcruntime:undname.obj
 0001:000070d8       ?getString@pcharNode@@UBEPADPAD0@Z 100080d8 f i libvcruntime:undname.obj
 0001:000070f3       ?getStringEncoding@UnDecorator@@CA?AVDName@@PADH@Z 100080f3 f   libvcruntime:undname.obj
 0001:00007196       ?getStringHelper@@YAPADPAD00H@Z 10008196 f i libvcruntime:undname.obj
 0001:000071cd       ?getSymbolName@UnDecorator@@CA?AVDName@@XZ 100081cd f i libvcruntime:undname.obj
 0001:00007215       ?getTemplateArgumentList@UnDecorator@@CA?AVDName@@XZ 10008215 f   libvcruntime:undname.obj
 0001:000074b9       ?getTemplateConstant@UnDecorator@@CA?AVDName@@XZ 100084b9 f   libvcruntime:undname.obj
 0001:000077fd       ?getTemplateName@UnDecorator@@CA?AVDName@@_N@Z 100087fd f   libvcruntime:undname.obj
 0001:00007953       ?getThisType@UnDecorator@@CA?AVDName@@XZ 10008953 f i libvcruntime:undname.obj
 0001:0000798d       ?getThrowTypes@UnDecorator@@CA?AVDName@@XZ 1000898d f   libvcruntime:undname.obj
 0001:00007a17       ?getTypeEncoding@UnDecorator@@CAHXZ 10008a17 f i libvcruntime:undname.obj
 0001:00007d47       ?getVCallThunkType@UnDecorator@@CA?AVDName@@XZ 10008d47 f i libvcruntime:undname.obj
 0001:00007d82       ?getVbTableType@UnDecorator@@CA?AVDName@@ABV2@@Z 10008d82 f i libvcruntime:undname.obj
 0001:00007d97       ?getVdispMapType@UnDecorator@@CA?AVDName@@ABV2@@Z 10008d97 f i libvcruntime:undname.obj
 0001:00007ded       ?getVfTableType@UnDecorator@@CA?AVDName@@ABV2@@Z 10008ded f i libvcruntime:undname.obj
 0001:00007f52       ?getZName@UnDecorator@@CA?AVDName@@_N0@Z 10008f52 f   libvcruntime:undname.obj
 0001:00008192       ?haveTemplateParameters@UnDecorator@@SAHXZ 10009192 f i libvcruntime:undname.obj
 0001:0000819d       ?isArray@DName@@QBEHXZ     1000919d f i libvcruntime:undname.obj
 0001:000081a7       ?isComArray@DName@@QBEHXZ  100091a7 f i libvcruntime:undname.obj
 0001:000081b1       ?isEmpty@DName@@QBEHXZ     100091b1 f i libvcruntime:undname.obj
 0001:000081b9       ?isFull@Replicator@@QBEHXZ 100091b9 f i libvcruntime:undname.obj
 0001:000081c2       ?isNoTE@DName@@QBEHXZ      100091c2 f i libvcruntime:undname.obj
 0001:000081cc       ?isPinPtr@DName@@QBEHXZ    100091cc f i libvcruntime:undname.obj
 0001:000081d6       ?isPtrRef@DName@@QBEHXZ    100091d6 f i libvcruntime:undname.obj
 0001:000081e0       ?isUDC@DName@@QBEHXZ       100091e0 f i libvcruntime:undname.obj
 0001:000081f1       ?isUDTThunk@DName@@QBEHXZ  100091f1 f i libvcruntime:undname.obj
 0001:00008202       ?isVCallThunk@DName@@QBEHXZ 10009202 f i libvcruntime:undname.obj
 0001:0000820c       ?isValid@DName@@QBEHXZ     1000920c f i libvcruntime:undname.obj
 0001:00008216       ?length@DName@@QBEHXZ      10009216 f i libvcruntime:undname.obj
 0001:00008234       ?length@DNameStatusNode@@UBEHXZ 10009234 f i libvcruntime:undname.obj
 0001:00008238       ?length@charNode@@UBEHXZ   10009238 f i libvcruntime:undname.obj
 0001:0000823c       ?length@pDNameNode@@UBEHXZ 1000923c f i libvcruntime:undname.obj
 0001:0000824a       ?length@pairNode@@UBEHXZ   1000924a f i libvcruntime:undname.obj
 0001:00008294       ?length@pcharNode@@UBEHXZ  10009294 f i libvcruntime:undname.obj
 0001:00008298       ?make@DNameStatusNode@@SAPAV1@W4DNameStatus@@@Z 10009298 f i libvcruntime:undname.obj
 0001:0000831e       ?setIsArray@DName@@QAEXXZ  1000931e f i libvcruntime:undname.obj
 0001:00008326       ?setIsComArray@DName@@QAEXXZ 10009326 f i libvcruntime:undname.obj
 0001:0000832e       ?setIsNoTE@DName@@QAEXXZ   1000932e f i libvcruntime:undname.obj
 0001:00008336       ?setIsPinPtr@DName@@QAEXXZ 10009336 f i libvcruntime:undname.obj
 0001:0000833e       ?setIsUDC@DName@@QAEXXZ    1000933e f i libvcruntime:undname.obj
 0001:0000834b       ?setIsVCallThunk@DName@@QAEXXZ 1000934b f i libvcruntime:undname.obj
 0001:00008353       ?setPtrRef@DName@@QAEAAV1@XZ 10009353 f i libvcruntime:undname.obj
 0001:0000835d       ?status@DName@@QBE?AW4DNameStatus@@XZ 1000935d f i libvcruntime:undname.obj
 0001:000083c9       ___unDName                 100093c9 f   libvcruntime:undname.obj
 0001:0000845e       ___unDNameEx               1000945e f   libvcruntime:undname.obj
 0001:000084f3       __vsprintf_s_l             100094f3 f i libvcruntime:undname.obj
 0001:00008520       _sprintf_s                 10009520 f i libvcruntime:undname.obj
 0001:00008540       __global_unwind2           10009540 f   libvcruntime:_exsup_.obj
 0001:000085a5       __local_unwind2            100095a5 f   libvcruntime:_exsup_.obj
 0001:00008629       __abnormal_termination     10009629 f   libvcruntime:_exsup_.obj
 0001:0000864c       __NLG_Notify1              1000964c f   libvcruntime:_exsup_.obj
 0001:00008655       __NLG_Notify               10009655 f   libvcruntime:_exsup_.obj
 0001:0000866c       __NLG_Dispatch             1000966c     libvcruntime:_exsup_.obj
 0001:0000866c       __NLG_Dispatch2            1000966c     libvcruntime:_exsup_.obj
 0001:00008674       __NLG_Call                 10009674 f   libvcruntime:_exsup_.obj
 0001:00008676       __NLG_Return2              10009676     libvcruntime:_exsup_.obj
 0001:00008677       ??$__crt_fast_decode_pointer@P6AXXZ@@YAP6AXXZQ6AXXZ@Z 10009677 f i libvcruntime:purevirt.obj
 0001:0000868b       ??$__crt_interlocked_compare_exchange_pointer@$$A6AXXZ$$T$$T@@YAP6AXXZPDS6AXXZ$$T1@Z 1000968b f i libvcruntime:purevirt.obj
 0001:0000869d       ??$__crt_interlocked_exchange_pointer@$$A6AXXZP6AXXZ@@YAP6AXXZPDS6AXXZQ6AXXZ@Z 1000969d f i libvcruntime:purevirt.obj
 0001:000086aa       ??$__crt_interlocked_read_pointer@$$A6AXXZ@@YAP6AXXZPDS6AXXZ@Z 100096aa f i libvcruntime:purevirt.obj
 0001:000086ba       __get_purecall_handler     100096ba f   libvcruntime:purevirt.obj
 0001:000086d9       __purecall                 100096d9 f   libvcruntime:purevirt.obj
 0001:000086f4       __set_purecall_handler     100096f4 f   libvcruntime:purevirt.obj
 0001:00008719       ??$__crt_interlocked_read@J@@YAJPDJ@Z 10009719 f i libucrt:fclose.obj
 0001:00008725       ??0__crt_stdio_stream@@QAE@QAU_iobuf@@@Z 10009725 f i libucrt:fclose.obj
 0001:00008735       ??C__crt_stdio_stream@@QBEPAU__crt_stdio_stream_data@@XZ 10009735 f i libucrt:fclose.obj
 0001:00008738       ?__crt_interlocked_read_32@@YAHPDH@Z 10009738 f i libucrt:fclose.obj
 0001:00008744       ?get_flags@__crt_stdio_stream@@QBEJXZ 10009744 f i libucrt:fclose.obj
 0001:0000874a       ?is_in_use@__crt_stdio_stream@@QBE_NXZ 1000974a f i libucrt:fclose.obj
 0001:00008756       ?is_string_backed@__crt_stdio_stream@@QBE_NXZ 10009756 f i libucrt:fclose.obj
 0001:00008762       ?public_stream@__crt_stdio_stream@@QBEPAU_iobuf@@XZ 10009762 f i libucrt:fclose.obj
 0001:00008765       ?valid@__crt_stdio_stream@@QBE_NXZ 10009765 f i libucrt:fclose.obj
 0001:0000876d       __fclose_nolock            1000976d f   libucrt:fclose.obj
 0001:000087e3       _fclose                    100097e3 f   libucrt:fclose.obj
 0001:00008a73       ??$open_file@ABQBDABQBDABHPAU_iobuf@@@?$__crt_char_traits@D@@SAPAU_iobuf@@ABQBD0ABH$$QAPAU1@@Z 10009a73 f i libucrt:fopen.obj
 0001:00008a96       ??$open_file@ABQB_WABQB_WABHPAU_iobuf@@@?$__crt_char_traits@_W@@SAPAU_iobuf@@ABQB_W0ABH$$QAPAU1@@Z 10009a96 f i libucrt:fopen.obj
 0001:00008ab9       ?unlock@__crt_stdio_stream@@QBEXXZ 10009ab9 f i libucrt:fopen.obj
 0001:00008ac2       __fsopen                   10009ac2 f   libucrt:fopen.obj
 0001:00008acd       __wfopen                   10009acd f   libucrt:fopen.obj
 0001:00008ae4       __wfopen_s                 10009ae4 f   libucrt:fopen.obj
 0001:00008b2b       __wfsopen                  10009b2b f   libucrt:fopen.obj
 0001:00008b36       _fopen                     10009b36 f   libucrt:fopen.obj
 0001:00008b4d       _fopen_s                   10009b4d f   libucrt:fopen.obj
 0001:00008b94       ?has_any_buffer@__crt_stdio_stream@@QBE_NXZ 10009b94 f i libucrt:fread.obj
 0001:00008ba5       ?has_any_of@__crt_stdio_stream@@QBE_NJ@Z 10009ba5 f i libucrt:fread.obj
 0001:00008bbc       ?set_flags@__crt_stdio_stream@@QBE_NJ@Z 10009bbc f i libucrt:fread.obj
 0001:00008be3       __fread_nolock             10009be3 f   libucrt:fread.obj
 0001:00008c00       __fread_nolock_s           10009c00 f   libucrt:fread.obj
 0001:00008dcc       _fread                     10009dcc f   libucrt:fread.obj
 0001:00008de9       _fread_s                   10009de9 f   libucrt:fread.obj
 0001:00008efd       ?LongLongSub@@YAJ_J0PA_J@Z 10009efd f i libucrt:fseek.obj
 0001:00008f7e       ?__acrt_stdio_reset_buffer@@YAXV__crt_stdio_stream@@@Z 10009f7e f i libucrt:fseek.obj
 0001:000091cd       ?has_all_of@__crt_stdio_stream@@QBE_NJ@Z 1000a1cd f i libucrt:fseek.obj
 0001:000091e6       ?lowio_handle@__crt_stdio_stream@@QBEHXZ 1000a1e6 f i libucrt:fseek.obj
 0001:000091ec       ?unset_flags@__crt_stdio_stream@@QBE_NJ@Z 1000a1ec f i libucrt:fseek.obj
 0001:00009216       __fseek_nolock             1000a216 f   libucrt:fseek.obj
 0001:00009231       __fseeki64                 1000a231 f   libucrt:fseek.obj
 0001:0000924c       __fseeki64_nolock          1000a24c f   libucrt:fseek.obj
 0001:00009267       _fseek                     1000a267 f   libucrt:fseek.obj
 0001:0000984a       ?ctrl_z@__crt_stdio_stream@@QBE_NXZ 1000a84a f i libucrt:ftell.obj
 0001:00009856       ?has_big_buffer@__crt_stdio_stream@@QBE_NXZ 1000a856 f i libucrt:ftell.obj
 0001:00009864       ?has_crt_buffer@__crt_stdio_stream@@QBE_NXZ 1000a864 f i libucrt:ftell.obj
 0001:00009870       ?has_setvbuf_buffer@__crt_stdio_stream@@QBE_NXZ 1000a870 f i libucrt:ftell.obj
 0001:0000987c       __ftell_nolock             1000a87c f   libucrt:ftell.obj
 0001:00009887       __ftelli64                 1000a887 f   libucrt:ftell.obj
 0001:00009892       __ftelli64_nolock          1000a892 f   libucrt:ftell.obj
 0001:0000989d       _ftell                     1000a89d f   libucrt:ftell.obj
 0001:000098a8       __initterm                 1000a8a8 f   libucrt:initterm.obj
 0001:00009904       __initterm_e               1000a904 f   libucrt:initterm.obj
 0001:00009949       ??$?B$$A6AHI@Z@__crt_fast_encoded_nullptr_t@@QBEP6AHI@ZXZ 1000a949 f i libucrt:new_handler.obj
 0001:00009961       ??$__crt_fast_decode_pointer@P6AHI@Z@@YAP6AHI@ZQ6AHI@Z@Z 1000a961 f i libucrt:new_handler.obj
 0001:00009977       ??$__crt_fast_encode_pointer@P6AHI@Z@@YAP6AHI@ZQ6AHI@Z@Z 1000a977 f i libucrt:new_handler.obj
 0001:00009996       ?_set_new_handler@@YAP6AHI@ZH@Z 1000a996 f   libucrt:new_handler.obj
 0001:000099b5       ?get_current_state_index@__crt_state_management@@YAIXZ 1000a9b5 f i libucrt:new_handler.obj
 0001:000099b8       ?initialize@?$dual_state_global@P6AHI@Z@__crt_state_management@@QAEXQ6AHI@Z@Z 1000a9b8 f i libucrt:new_handler.obj
 0001:000099e9       ?value@?$dual_state_global@P6AHI@Z@__crt_state_management@@QAEAAP6AHI@ZXZ 1000a9e9 f i libucrt:new_handler.obj
 0001:000099ec       ___acrt_initialize_new_handler 1000a9ec f   libucrt:new_handler.obj
 0001:00009a00       __callnewh                 1000aa00 f   libucrt:new_handler.obj
 0001:00009a44       __query_new_handler        1000aa44 f   libucrt:new_handler.obj
 0001:00009a96       __set_new_handler          1000aa96 f   libucrt:new_handler.obj
 0001:00009af6       _malloc                    1000aaf6 f   libucrt:malloc.obj
 0001:00009b25       __seh_filter_dll           1000ab25 f   libucrt:exception_filter.obj
 0001:00009b45       __seh_filter_exe           1000ab45 f   libucrt:exception_filter.obj
 0001:00009cb8       ??$?B$$A6GXPAXK0@Z@__crt_fast_encoded_nullptr_t@@QBEP6GXPAXK0@ZXZ 1000acb8 f i libucrt:exit.obj
 0001:00009cd0       ??$__crt_fast_decode_pointer@P6GXPAXK0@Z@@YAP6GXPAXK0@ZQ6GX0K0@Z@Z 1000acd0 f i libucrt:exit.obj
 0001:00009ce6       ??$__crt_fast_encode_pointer@P6GXPAXK0@Z@@YAP6GXPAXK0@ZQ6GX0K0@Z@Z 1000ace6 f i libucrt:exit.obj
 0001:00009d05       ??$__crt_get_proc_address@P6GXI@Z@@YAP6GXI@ZQAUHINSTANCE__@@QBD@Z 1000ad05 f i libucrt:exit.obj
 0001:00009d18       ??0?$__crt_unique_handle_t@U__crt_hmodule_traits@@@@QAE@QAUHINSTANCE__@@@Z 1000ad18 f i libucrt:exit.obj
 0001:00009d28       ??1?$__crt_unique_handle_t@U__crt_hmodule_traits@@@@QAE@XZ 1000ad28 f i libucrt:exit.obj
 0001:00009d52       ?close@?$__crt_unique_handle_t@U__crt_hmodule_traits@@@@QAEXXZ 1000ad52 f i libucrt:exit.obj
 0001:00009d69       ?close@__crt_hmodule_traits@@SA_NPAUHINSTANCE__@@@Z 1000ad69 f i libucrt:exit.obj
 0001:00009ed9       ?get@?$__crt_unique_handle_t@U__crt_hmodule_traits@@@@QBEPAUHINSTANCE__@@XZ 1000aed9 f i libucrt:exit.obj
 0001:00009edc       ?get_address_of@?$__crt_unique_handle_t@U__crt_hmodule_traits@@@@QAEPAPAUHINSTANCE__@@XZ 1000aedc f i libucrt:exit.obj
 0001:00009edf       ?get_invalid_value@__crt_hmodule_traits@@SAPAUHINSTANCE__@@XZ 1000aedf f i libucrt:exit.obj
 0001:00009fab       __Exit                     1000afab f   libucrt:exit.obj
 0001:00009fc1       ___acrt_initialize_thread_local_exit_callback 1000afc1 f   libucrt:exit.obj
 0001:00009fd0       __c_exit                   1000afd0 f   libucrt:exit.obj
 0001:00009fdf       __cexit                    1000afdf f   libucrt:exit.obj
 0001:00009fee       __exit                     1000afee f   libucrt:exit.obj
 0001:0000a004       __is_c_termination_complete 1000b004 f   libucrt:exit.obj
 0001:0000a00a       __register_thread_local_exe_atexit_callback 1000b00a f   libucrt:exit.obj
 0001:0000a042       _exit                      1000b042 f   libucrt:exit.obj
 0001:0000a058       _quick_exit                1000b058 f   libucrt:exit.obj
 0001:0000a06e       ??$?RE@__crt_internal_free_policy@@QBEXQBE@Z 1000b06e f i libucrt:argv_parsing.obj
 0001:0000a080       ??$?RPAD@__crt_internal_free_policy@@QBEXQBQAD@Z 1000b080 f i libucrt:argv_parsing.obj
 0001:0000a092       ??$?RPA_W@__crt_internal_free_policy@@QBEXQBQA_W@Z 1000b092 f i libucrt:argv_parsing.obj
 0001:0000a2e7       ??$get_module_file_name@$$TAAY0BAF@DH@?$__crt_char_traits@D@@SAK$$QA$$TAAY0BAF@D$$QAH@Z 1000b2e7 f i libucrt:argv_parsing.obj
 0001:0000a301       ??$get_module_file_name@$$TAAY0BAF@_WH@?$__crt_char_traits@_W@@SAK$$QA$$TAAY0BAF@_W$$QAH@Z 1000b301 f i libucrt:argv_parsing.obj
 0001:0000a616       ??$set_program_name@PAD@?$__crt_char_traits@D@@SAX$$QAPAD@Z 1000b616 f i libucrt:argv_parsing.obj
 0001:0000a627       ??$set_program_name@PA_W@?$__crt_char_traits@_W@@SAX$$QAPA_W@Z 1000b627 f i libucrt:argv_parsing.obj
 0001:0000a658       ??0?$__crt_unique_heap_ptr@EU__crt_internal_free_policy@@@@QAE@QAE@Z 1000b658 f i libucrt:argv_parsing.obj
 0001:0000a668       ??0?$__crt_unique_heap_ptr@PADU__crt_internal_free_policy@@@@QAE@QAPAD@Z 1000b668 f i libucrt:argv_parsing.obj
 0001:0000a678       ??0?$__crt_unique_heap_ptr@PA_WU__crt_internal_free_policy@@@@QAE@QAPA_W@Z 1000b678 f i libucrt:argv_parsing.obj
 0001:0000a688       ??1?$__crt_unique_heap_ptr@EU__crt_internal_free_policy@@@@QAE@XZ 1000b688 f i libucrt:argv_parsing.obj
 0001:0000a69a       ??1?$__crt_unique_heap_ptr@PADU__crt_internal_free_policy@@@@QAE@XZ 1000b69a f i libucrt:argv_parsing.obj
 0001:0000a6ac       ??1?$__crt_unique_heap_ptr@PA_WU__crt_internal_free_policy@@@@QAE@XZ 1000b6ac f i libucrt:argv_parsing.obj
 0001:0000a6be       ??B?$__crt_unique_heap_ptr@EU__crt_internal_free_policy@@@@QBE_NXZ 1000b6be f i libucrt:argv_parsing.obj
 0001:0000a6f2       ?detach@?$__crt_unique_heap_ptr@EU__crt_internal_free_policy@@@@QAEPAEXZ 1000b6f2 f i libucrt:argv_parsing.obj
 0001:0000a6f8       ?detach@?$__crt_unique_heap_ptr@PADU__crt_internal_free_policy@@@@QAEPAPADXZ 1000b6f8 f i libucrt:argv_parsing.obj
 0001:0000a6fe       ?detach@?$__crt_unique_heap_ptr@PA_WU__crt_internal_free_policy@@@@QAEPAPA_WXZ 1000b6fe f i libucrt:argv_parsing.obj
 0001:0000a720       ?get@?$__crt_unique_heap_ptr@EU__crt_internal_free_policy@@@@QBEPAEXZ 1000b720 f i libucrt:argv_parsing.obj
 0001:0000a723       ?get@?$__crt_unique_heap_ptr@PADU__crt_internal_free_policy@@@@QBEPAPADXZ 1000b723 f i libucrt:argv_parsing.obj
 0001:0000a726       ?get@?$__crt_unique_heap_ptr@PA_WU__crt_internal_free_policy@@@@QBEPAPA_WXZ 1000b726 f i libucrt:argv_parsing.obj
 0001:0000a729       ?get_address_of@?$__crt_unique_heap_ptr@PADU__crt_internal_free_policy@@@@QAEPAPAPADXZ 1000b729 f i libucrt:argv_parsing.obj
 0001:0000a72c       ?get_address_of@?$__crt_unique_heap_ptr@PA_WU__crt_internal_free_policy@@@@QAEPAPAPA_WXZ 1000b72c f i libucrt:argv_parsing.obj
 0001:0000a747       ?is_valid@?$__crt_unique_heap_ptr@EU__crt_internal_free_policy@@@@QBE_NXZ 1000b747 f i libucrt:argv_parsing.obj
 0001:0000a74f       ?release@?$__crt_unique_heap_ptr@EU__crt_internal_free_policy@@@@QAEXXZ 1000b74f f i libucrt:argv_parsing.obj
 0001:0000a761       ?release@?$__crt_unique_heap_ptr@PADU__crt_internal_free_policy@@@@QAEXXZ 1000b761 f i libucrt:argv_parsing.obj
 0001:0000a773       ?release@?$__crt_unique_heap_ptr@PA_WU__crt_internal_free_policy@@@@QAEXXZ 1000b773 f i libucrt:argv_parsing.obj
 0001:0000a7a0       ___acrt_allocate_buffer_for_argv 1000b7a0 f   libucrt:argv_parsing.obj
 0001:0000a7f5       __configure_narrow_argv    1000b7f5 f   libucrt:argv_parsing.obj
 0001:0000a800       __configure_wide_argv      1000b800 f   libucrt:argv_parsing.obj
 0001:0000a80b       __set_pgmptr               1000b80b f i libucrt:argv_parsing.obj
 0001:0000a81a       __set_wpgmptr              1000b81a f i libucrt:argv_parsing.obj
 0001:0000a829       ??$?R_W@__crt_internal_free_policy@@QBEXQB_W@Z 1000b829 f i libucrt:environment_initialization.obj
 0001:0000ac12       ??$get_environment_from_os@$$$V@?$__crt_char_traits@D@@SAPADXZ 1000bc12 f i libucrt:environment_initialization.obj
 0001:0000ac17       ??$get_environment_from_os@$$$V@?$__crt_char_traits@_W@@SAPA_WXZ 1000bc17 f i libucrt:environment_initialization.obj
 0001:0000ad14       ??$set_variable_in_environment_nolock@PADH@?$__crt_char_traits@D@@SAH$$QAPAD$$QAH@Z 1000bd14 f i libucrt:environment_initialization.obj
 0001:0000ad2c       ??$set_variable_in_environment_nolock@PA_WH@?$__crt_char_traits@_W@@SAH$$QAPA_W$$QAH@Z 1000bd2c f i libucrt:environment_initialization.obj
 0001:0000ad44       ??$tcscpy_s@PADABIAAPAD@?$__crt_char_traits@D@@SAH$$QAPADABIAAPAD@Z 1000bd44 f i libucrt:environment_initialization.obj
 0001:0000ad62       ??$tcscpy_s@PA_WABIAAPA_W@?$__crt_char_traits@_W@@SAH$$QAPA_WABIAAPA_W@Z 1000bd62 f i libucrt:environment_initialization.obj
 0001:0000ad80       ??$tcslen@AAPAD@?$__crt_char_traits@D@@SAIAAPAD@Z 1000bd80 f i libucrt:environment_initialization.obj
 0001:0000ad98       ??$tcslen@AAPA_W@?$__crt_char_traits@_W@@SAIAAPA_W@Z 1000bd98 f i libucrt:environment_initialization.obj
 0001:0000adb6       ??$uninitialize@A6AXAAPAPAD@Z@?$dual_state_global@PAPAD@__crt_state_management@@QAEXA6AXAAPAPAD@Z@Z 1000bdb6 f i libucrt:environment_initialization.obj
 0001:0000adf6       ??$uninitialize@A6AXAAPAPA_W@Z@?$dual_state_global@PAPA_W@__crt_state_management@@QAEXA6AXAAPAPA_W@Z@Z 1000bdf6 f i libucrt:environment_initialization.obj
 0001:0000ae6c       ??0?$__crt_unique_heap_ptr@_WU__crt_internal_free_policy@@@@QAE@QA_W@Z 1000be6c f i libucrt:environment_initialization.obj
 0001:0000ae7c       ??1?$__crt_unique_heap_ptr@_WU__crt_internal_free_policy@@@@QAE@XZ 1000be7c f i libucrt:environment_initialization.obj
 0001:0000ae8e       ??B?$__crt_unique_heap_ptr@PADU__crt_internal_free_policy@@@@QBE_NXZ 1000be8e f i libucrt:environment_initialization.obj
 0001:0000ae96       ??B?$__crt_unique_heap_ptr@PA_WU__crt_internal_free_policy@@@@QBE_NXZ 1000be96 f i libucrt:environment_initialization.obj
 0001:0000ae9e       ??B?$__crt_unique_heap_ptr@_WU__crt_internal_free_policy@@@@QBE_NXZ 1000be9e f i libucrt:environment_initialization.obj
 0001:0000aea6       ?__crt_compute_required_transform_buffer_count@@YAIIQBD@Z 1000bea6 f i libucrt:environment_initialization.obj
 0001:0000aec0       ?__crt_compute_required_transform_buffer_count@@YAIIQB_W@Z 1000bec0 f i libucrt:environment_initialization.obj
 0001:0000aedc       ?__crt_transform_string@@YAIIQBDQA_WI@Z 1000bedc f i libucrt:environment_initialization.obj
 0001:0000aef9       ?__crt_transform_string@@YAIIQB_WQADI@Z 1000bef9 f i libucrt:environment_initialization.obj
 0001:0000af19       ?detach@?$__crt_unique_heap_ptr@DU__crt_internal_free_policy@@@@QAEPADXZ 1000bf19 f i libucrt:environment_initialization.obj
 0001:0000af1f       ?detach@?$__crt_unique_heap_ptr@_WU__crt_internal_free_policy@@@@QAEPA_WXZ 1000bf1f f i libucrt:environment_initialization.obj
 0001:0000af25       ?get@?$__crt_unique_heap_ptr@_WU__crt_internal_free_policy@@@@QBEPA_WXZ 1000bf25 f i libucrt:environment_initialization.obj
 0001:0000af4c       ?initialize@?$dual_state_global@PAPAD@__crt_state_management@@QAEXQAPAD@Z 1000bf4c f i libucrt:environment_initialization.obj
 0001:0000af7d       ?initialize@?$dual_state_global@PAPA_W@__crt_state_management@@QAEXQAPA_W@Z 1000bf7d f i libucrt:environment_initialization.obj
 0001:0000afae       ?is_valid@?$__crt_unique_heap_ptr@PADU__crt_internal_free_policy@@@@QBE_NXZ 1000bfae f i libucrt:environment_initialization.obj
 0001:0000afb6       ?is_valid@?$__crt_unique_heap_ptr@PA_WU__crt_internal_free_policy@@@@QBE_NXZ 1000bfb6 f i libucrt:environment_initialization.obj
 0001:0000afbe       ?is_valid@?$__crt_unique_heap_ptr@_WU__crt_internal_free_policy@@@@QBE_NXZ 1000bfbe f i libucrt:environment_initialization.obj
 0001:0000afcc       ?release@?$__crt_unique_heap_ptr@_WU__crt_internal_free_policy@@@@QAEXXZ 1000bfcc f i libucrt:environment_initialization.obj
 0001:0000afde       ?value@?$dual_state_global@PAPAD@__crt_state_management@@QAEAAPAPADXZ 1000bfde f i libucrt:environment_initialization.obj
 0001:0000afe1       ?value@?$dual_state_global@PAPA_W@__crt_state_management@@QAEAAPAPA_WXZ 1000bfe1 f i libucrt:environment_initialization.obj
 0001:0000afe4       ___dcrt_get_or_create_narrow_environment_nolock 1000bfe4 f   libucrt:environment_initialization.obj
 0001:0000afe9       ___dcrt_get_or_create_wide_environment_nolock 1000bfe9 f   libucrt:environment_initialization.obj
 0001:0000afee       ___dcrt_uninitialize_environments_nolock 1000bfee f   libucrt:environment_initialization.obj
 0001:0000b025       ___p__environ              1000c025 f   libucrt:environment_initialization.obj
 0001:0000b02b       ___p__wenviron             1000c02b f   libucrt:environment_initialization.obj
 0001:0000b031       __get_initial_narrow_environment 1000c031 f   libucrt:environment_initialization.obj
 0001:0000b045       __get_initial_wide_environment 1000c045 f   libucrt:environment_initialization.obj
 0001:0000b059       __initialize_narrow_environment 1000c059 f   libucrt:environment_initialization.obj
 0001:0000b05e       __initialize_wide_environment 1000c05e f   libucrt:environment_initialization.obj
 0001:0000b063       __invoke_watson_if_error   1000c063 f i libucrt:environment_initialization.obj
 0001:0000b085       ??$?BP6AXXZ@__crt_fast_encoded_nullptr_t@@QBEPAP6AXXZXZ 1000c085 f i libucrt:onexit.obj
 0001:0000b09d       ??$?RP6AXXZ@__crt_internal_free_policy@@QBEXQBQ6AXXZ@Z 1000c09d f i libucrt:onexit.obj
 0001:0000b0af       ??$?RV<lambda_800076c951b434888f4765a74a194fcc>@@AAV<lambda_4e60a939b0d047cfe11ddc22648dfba9>@@V<lambda_6dbb1268764f43b569ce7b67e331d33a>@@@?$__crt_seh_guarded_call@H@@QAEH$$QAV<lambda_800076c951b434888f4765a74a194fcc>@@AAV<lambda_4e60a939b0d047cfe11ddc22648dfba9>@@$$QAV<lambda_6dbb1268764f43b569ce7b67e331d33a>@@@Z 1000c0af f i libucrt:onexit.obj
 0001:0000b100       ??$?RV<lambda_995298e7d72eb4c2aab26c0585b3abe5>@@AAV<lambda_275893d493268fdec8709772e3fcec0e>@@V<lambda_293819299cbf9a7022e18b56a874bb5c>@@@?$__crt_seh_guarded_call@H@@QAEH$$QAV<lambda_995298e7d72eb4c2aab26c0585b3abe5>@@AAV<lambda_275893d493268fdec8709772e3fcec0e>@@$$QAV<lambda_293819299cbf9a7022e18b56a874bb5c>@@@Z 1000c100 f i libucrt:onexit.obj
 0001:0000b151       ??$__acrt_lock_and_call@V<lambda_275893d493268fdec8709772e3fcec0e>@@@@YAHW4__acrt_lock_id@@$$QAV<lambda_275893d493268fdec8709772e3fcec0e>@@@Z 1000c151 f i libucrt:onexit.obj
 0001:0000b179       ??$__acrt_lock_and_call@V<lambda_4e60a939b0d047cfe11ddc22648dfba9>@@@@YAHW4__acrt_lock_id@@$$QAV<lambda_4e60a939b0d047cfe11ddc22648dfba9>@@@Z 1000c179 f i libucrt:onexit.obj
 0001:0000b1a1       ??$__crt_fast_encode_pointer@P6AHXZ@@YAP6AHXZQ6AHXZ@Z 1000c1a1 f i libucrt:onexit.obj
 0001:0000b22e       ??0?$__crt_unique_heap_ptr@P6AXXZU__crt_internal_free_policy@@@@QAE@QAP6AXXZ@Z 1000c22e f i libucrt:onexit.obj
 0001:0000b23e       ??1?$__crt_unique_heap_ptr@P6AXXZU__crt_internal_free_policy@@@@QAE@XZ 1000c23e f i libucrt:onexit.obj
 0001:0000b4d5       ?detach@?$__crt_unique_heap_ptr@P6AXXZU__crt_internal_free_policy@@@@QAEPAP6AXXZXZ 1000c4d5 f i libucrt:onexit.obj
 0001:0000b4db       ?release@?$__crt_unique_heap_ptr@P6AXXZU__crt_internal_free_policy@@@@QAEXXZ 1000c4db f i libucrt:onexit.obj
 0001:0000b4ed       __crt_at_quick_exit        1000c4ed f   libucrt:onexit.obj
 0001:0000b503       __crt_atexit               1000c503 f   libucrt:onexit.obj
 0001:0000b519       __execute_onexit_table     1000c519 f   libucrt:onexit.obj
 0001:0000b536       __initialize_onexit_table  1000c536 f   libucrt:onexit.obj
 0001:0000b573       __register_onexit_function 1000c573 f   libucrt:onexit.obj
 0001:0000b697       ?initialize@?$dual_state_global@PAU__crt_locale_data@@@__crt_state_management@@QAEXQAU__crt_locale_data@@@Z 1000c697 f i libucrt:initialization.obj
 0001:0000b6c8       ___acrt_initialize         1000c6c8 f   libucrt:initialization.obj
 0001:0000b6da       ___acrt_thread_attach      1000c6da f   libucrt:initialization.obj
 0001:0000b6e5       ___acrt_thread_detach      1000c6e5 f   libucrt:initialization.obj
 0001:0000b6ed       ___acrt_uninitialize       1000c6ed f   libucrt:initialization.obj
 0001:0000b6ff       ___acrt_uninitialize_critical 1000c6ff f   libucrt:initialization.obj
 0001:0000b727       __get_terminate            1000c727 f   libucrt:terminate.obj
 0001:0000b739       _set_terminate             1000c739 f   libucrt:terminate.obj
 0001:0000b759       _terminate                 1000c759 f   libucrt:terminate.obj
 0001:0000b795       _free                      1000c795 f   libucrt:free.obj
 0001:0000b79a       ??$__crt_interlocked_exchange_pointer@X$$T@@YAPAXPDSAX$$T@Z 1000c79a f i libucrt:free_base.obj
 0001:0000b7af       ___acrt_get_msvcrt_heap_handle 1000c7af f   libucrt:free_base.obj
 0001:0000b823       __free_base                1000c823 f   libucrt:free_base.obj
 0001:0000b85d       __malloc_base              1000c85d f   libucrt:malloc_base.obj
 0001:0000b905       _strcpy_s                  1000c905 f   libucrt:strcpy_s.obj
 0001:0000b95f       __set_abort_behavior       1000c95f f   libucrt:abort.obj
 0001:0000b980       _abort                     1000c980 f   libucrt:abort.obj
 0001:0000b9c3       __calloc_base              1000c9c3 f   libucrt:calloc_base.obj
 0001:0000ba20       ??$?0ABV?$stream_output_adapter@D@__crt_stdio_output@@AB_KABQBDABQAU__crt_locale_pointers@@ABQAD@?$format_validation_base@DV?$stream_output_adapter@D@__crt_stdio_output@@@__crt_stdio_output@@IAE@ABV?$stream_output_adapter@D@1@AB_KABQBDABQAU__crt_locale_pointers@@ABQAD@Z 1000ca20 f i libucrt:output.obj
 0001:0000ba43       ??$?0ABV?$stream_output_adapter@D@__crt_stdio_output@@AB_KABQBDABQAU__crt_locale_pointers@@ABQAD@?$positional_parameter_base@DV?$stream_output_adapter@D@__crt_stdio_output@@@__crt_stdio_output@@IAE@ABV?$stream_output_adapter@D@1@AB_KABQBDABQAU__crt_locale_pointers@@ABQAD@Z 1000ca43 f i libucrt:output.obj
 0001:0000ba8b       ??$?0ABV?$stream_output_adapter@D@__crt_stdio_output@@AB_KABQBDABQAU__crt_locale_pointers@@ABQAD@?$standard_base@DV?$stream_output_adapter@D@__crt_stdio_output@@@__crt_stdio_output@@IAE@ABV?$stream_output_adapter@D@1@AB_KABQBDABQAU__crt_locale_pointers@@ABQAD@Z 1000ca8b f i libucrt:output.obj
 0001:0000bac0       ??$?0ABV?$stream_output_adapter@_W@__crt_stdio_output@@AB_KABQB_WABQAU__crt_locale_pointers@@ABQAD@?$format_validation_base@_WV?$stream_output_adapter@_W@__crt_stdio_output@@@__crt_stdio_output@@IAE@ABV?$stream_output_adapter@_W@1@AB_KABQB_WABQAU__crt_locale_pointers@@ABQAD@Z 1000cac0 f i libucrt:output.obj
 0001:0000bae3       ??$?0ABV?$stream_output_adapter@_W@__crt_stdio_output@@AB_KABQB_WABQAU__crt_locale_pointers@@ABQAD@?$positional_parameter_base@_WV?$stream_output_adapter@_W@__crt_stdio_output@@@__crt_stdio_output@@IAE@ABV?$stream_output_adapter@_W@1@AB_KABQB_WABQAU__crt_locale_pointers@@ABQAD@Z 1000cae3 f i libucrt:output.obj
 0001:0000bb2b       ??$?0ABV?$stream_output_adapter@_W@__crt_stdio_output@@AB_KABQB_WABQAU__crt_locale_pointers@@ABQAD@?$standard_base@_WV?$stream_output_adapter@_W@__crt_stdio_output@@@__crt_stdio_output@@IAE@ABV?$stream_output_adapter@_W@1@AB_KABQB_WABQAU__crt_locale_pointers@@ABQAD@Z 1000cb2b f i libucrt:output.obj
 0001:0000bb60       ??$?0ABV?$string_output_adapter@D@__crt_stdio_output@@AB_KABQBDABQAU__crt_locale_pointers@@ABQAD@?$format_validation_base@DV?$string_output_adapter@D@__crt_stdio_output@@@__crt_stdio_output@@IAE@ABV?$string_output_adapter@D@1@AB_KABQBDABQAU__crt_locale_pointers@@ABQAD@Z 1000cb60 f i libucrt:output.obj
 0001:0000bb83       ??$?0ABV?$string_output_adapter@D@__crt_stdio_output@@AB_KABQBDABQAU__crt_locale_pointers@@ABQAD@?$positional_parameter_base@DV?$string_output_adapter@D@__crt_stdio_output@@@__crt_stdio_output@@IAE@ABV?$string_output_adapter@D@1@AB_KABQBDABQAU__crt_locale_pointers@@ABQAD@Z 1000cb83 f i libucrt:output.obj
 0001:0000bbcb       ??$?0ABV?$string_output_adapter@D@__crt_stdio_output@@AB_KABQBDABQAU__crt_locale_pointers@@ABQAD@?$standard_base@DV?$string_output_adapter@D@__crt_stdio_output@@@__crt_stdio_output@@IAE@ABV?$string_output_adapter@D@1@AB_KABQBDABQAU__crt_locale_pointers@@ABQAD@Z 1000cbcb f i libucrt:output.obj
 0001:0000bc00       ??$?0ABV?$string_output_adapter@_W@__crt_stdio_output@@AB_KABQB_WABQAU__crt_locale_pointers@@ABQAD@?$format_validation_base@_WV?$string_output_adapter@_W@__crt_stdio_output@@@__crt_stdio_output@@IAE@ABV?$string_output_adapter@_W@1@AB_KABQB_WABQAU__crt_locale_pointers@@ABQAD@Z 1000cc00 f i libucrt:output.obj
 0001:0000bc23       ??$?0ABV?$string_output_adapter@_W@__crt_stdio_output@@AB_KABQB_WABQAU__crt_locale_pointers@@ABQAD@?$positional_parameter_base@_WV?$string_output_adapter@_W@__crt_stdio_output@@@__crt_stdio_output@@IAE@ABV?$string_output_adapter@_W@1@AB_KABQB_WABQAU__crt_locale_pointers@@ABQAD@Z 1000cc23 f i libucrt:output.obj
 0001:0000bc6b       ??$?0ABV?$string_output_adapter@_W@__crt_stdio_output@@AB_KABQB_WABQAU__crt_locale_pointers@@ABQAD@?$standard_base@_WV?$string_output_adapter@_W@__crt_stdio_output@@@__crt_stdio_output@@IAE@ABV?$string_output_adapter@_W@1@AB_KABQB_WABQAU__crt_locale_pointers@@ABQAD@Z 1000cc6b f i libucrt:output.obj
 0001:0000bca0       ??$?RV<lambda_2293f24e3ce1ad6fe22ccfb9dec07671>@@AAV<lambda_2565fc715a641e539f44ad02d6823606>@@V<lambda_d3217f279b832965d9ca670dc2993570>@@@?$__crt_seh_guarded_call@H@@QAEH$$QAV<lambda_2293f24e3ce1ad6fe22ccfb9dec07671>@@AAV<lambda_2565fc715a641e539f44ad02d6823606>@@$$QAV<lambda_d3217f279b832965d9ca670dc2993570>@@@Z 1000cca0 f i libucrt:output.obj
 0001:0000bcf1       ??$?RV<lambda_4d4ac866be0fa3c441830420fabdd2cb>@@AAV<lambda_63a10c2dc8dbb9e4dd1890be52af7c93>@@V<lambda_002af9fa0f8fe472b648c51882d4fc32>@@@?$__crt_seh_guarded_call@H@@QAEH$$QAV<lambda_4d4ac866be0fa3c441830420fabdd2cb>@@AAV<lambda_63a10c2dc8dbb9e4dd1890be52af7c93>@@$$QAV<lambda_002af9fa0f8fe472b648c51882d4fc32>@@@Z 1000ccf1 f i libucrt:output.obj
 0001:0000bd42       ??$?RV<lambda_5be909dfbae0a631386585770cd7b676>@@AAV<lambda_e516058a9c289d98c8ca9fea99247804>@@V<lambda_afe2e0cdc5e0ecf6f0d6f5e2f8985e38>@@@?$__crt_seh_guarded_call@H@@QAEH$$QAV<lambda_5be909dfbae0a631386585770cd7b676>@@AAV<lambda_e516058a9c289d98c8ca9fea99247804>@@$$QAV<lambda_afe2e0cdc5e0ecf6f0d6f5e2f8985e38>@@@Z 1000cd42 f i libucrt:output.obj
 0001:0000bd93       ??$?RV<lambda_823d65812123d985753d53e2a8c25d20>@@AAV<lambda_0a97c9e57da7be065955385c79108ff2>@@V<lambda_4d2973f3ad2d226f00468307185dca1b>@@@?$__crt_seh_guarded_call@H@@QAEH$$QAV<lambda_823d65812123d985753d53e2a8c25d20>@@AAV<lambda_0a97c9e57da7be065955385c79108ff2>@@$$QAV<lambda_4d2973f3ad2d226f00468307185dca1b>@@@Z 1000cd93 f i libucrt:output.obj
 0001:0000bde4       ??$?RV<lambda_ab9923ffb5d694ec0d78876dd103e44f>@@AAV<lambda_481dd5778c961fbcd3b60b650e9b9dc4>@@V<lambda_7923d86c9e3f319b415918ec4b39749c>@@@?$__crt_seh_guarded_call@H@@QAEH$$QAV<lambda_ab9923ffb5d694ec0d78876dd103e44f>@@AAV<lambda_481dd5778c961fbcd3b60b650e9b9dc4>@@$$QAV<lambda_7923d86c9e3f319b415918ec4b39749c>@@@Z 1000cde4 f i libucrt:output.obj
 0001:0000be35       ??$?RV<lambda_db08b09ef7aa9d4f8620ce68402612bc>@@AAV<lambda_4f2c1eaeead2a5fc776db5b62ea0fb9b>@@V<lambda_3ae262bc35d4ba6a3825c4f6bcaaf95c>@@@?$__crt_seh_guarded_call@H@@QAEH$$QAV<lambda_db08b09ef7aa9d4f8620ce68402612bc>@@AAV<lambda_4f2c1eaeead2a5fc776db5b62ea0fb9b>@@$$QAV<lambda_3ae262bc35d4ba6a3825c4f6bcaaf95c>@@@Z 1000ce35 f i libucrt:output.obj
 0001:0000be86       ??$__acrt_lock_stream_and_call@V<lambda_0a97c9e57da7be065955385c79108ff2>@@@@YAHQAU_iobuf@@$$QAV<lambda_0a97c9e57da7be065955385c79108ff2>@@@Z 1000ce86 f i libucrt:output.obj
 0001:0000beae       ??$__acrt_lock_stream_and_call@V<lambda_2565fc715a641e539f44ad02d6823606>@@@@YAHQAU_iobuf@@$$QAV<lambda_2565fc715a641e539f44ad02d6823606>@@@Z 1000ceae f i libucrt:output.obj
 0001:0000bed6       ??$__acrt_lock_stream_and_call@V<lambda_481dd5778c961fbcd3b60b650e9b9dc4>@@@@YAHQAU_iobuf@@$$QAV<lambda_481dd5778c961fbcd3b60b650e9b9dc4>@@@Z 1000ced6 f i libucrt:output.obj
 0001:0000befe       ??$__acrt_lock_stream_and_call@V<lambda_4f2c1eaeead2a5fc776db5b62ea0fb9b>@@@@YAHQAU_iobuf@@$$QAV<lambda_4f2c1eaeead2a5fc776db5b62ea0fb9b>@@@Z 1000cefe f i libucrt:output.obj
 0001:0000bf26       ??$__acrt_lock_stream_and_call@V<lambda_63a10c2dc8dbb9e4dd1890be52af7c93>@@@@YAHQAU_iobuf@@$$QAV<lambda_63a10c2dc8dbb9e4dd1890be52af7c93>@@@Z 1000cf26 f i libucrt:output.obj
 0001:0000bf4e       ??$__acrt_lock_stream_and_call@V<lambda_e516058a9c289d98c8ca9fea99247804>@@@@YAHQAU_iobuf@@$$QAV<lambda_e516058a9c289d98c8ca9fea99247804>@@@Z 1000cf4e f i libucrt:output.obj
 0001:0000ce0f       ??$count@D@formatting_buffer@__crt_stdio_output@@QBEIXZ 1000de0f f i libucrt:output.obj
 0001:0000ce27       ??$data@D@formatting_buffer@__crt_stdio_output@@QAEPADXZ 1000de27 f i libucrt:output.obj
 0001:0000ce34       ??$data@_W@formatting_buffer@__crt_stdio_output@@QAEPA_WXZ 1000de34 f i libucrt:output.obj
 0001:0000ce41       ??$ensure_buffer_is_big_enough@D@formatting_buffer@__crt_stdio_output@@QAE_NI@Z 1000de41 f i libucrt:output.obj
 0001:0000cec7       ??$extract_argument_from_va_list@C_J@?$positional_parameter_base@DV?$stream_output_adapter@D@__crt_stdio_output@@@__crt_stdio_output@@IAE_NAA_J@Z 1000dec7 f i libucrt:output.obj
 0001:0000cf46       ??$extract_argument_from_va_list@C_J@?$positional_parameter_base@DV?$string_output_adapter@D@__crt_stdio_output@@@__crt_stdio_output@@IAE_NAA_J@Z 1000df46 f i libucrt:output.obj
 0001:0000cfc5       ??$extract_argument_from_va_list@C_J@?$positional_parameter_base@_WV?$stream_output_adapter@_W@__crt_stdio_output@@@__crt_stdio_output@@IAE_NAA_J@Z 1000dfc5 f i libucrt:output.obj
 0001:0000d044       ??$extract_argument_from_va_list@C_J@?$positional_parameter_base@_WV?$string_output_adapter@_W@__crt_stdio_output@@@__crt_stdio_output@@IAE_NAA_J@Z 1000e044 f i libucrt:output.obj
 0001:0000d0c3       ??$extract_argument_from_va_list@C_J@?$standard_base@DV?$stream_output_adapter@D@__crt_stdio_output@@@__crt_stdio_output@@IAE_NAA_J@Z 1000e0c3 f i libucrt:output.obj
 0001:0000d0e2       ??$extract_argument_from_va_list@C_J@?$standard_base@DV?$string_output_adapter@D@__crt_stdio_output@@@__crt_stdio_output@@IAE_NAA_J@Z 1000e0e2 f i libucrt:output.obj
 0001:0000d101       ??$extract_argument_from_va_list@C_J@?$standard_base@_WV?$stream_output_adapter@_W@__crt_stdio_output@@@__crt_stdio_output@@IAE_NAA_J@Z 1000e101 f i libucrt:output.obj
 0001:0000d120       ??$extract_argument_from_va_list@C_J@?$standard_base@_WV?$string_output_adapter@_W@__crt_stdio_output@@@__crt_stdio_output@@IAE_NAA_J@Z 1000e120 f i libucrt:output.obj
 0001:0000d13f       ??$extract_argument_from_va_list@E_J@?$positional_parameter_base@DV?$stream_output_adapter@D@__crt_stdio_output@@@__crt_stdio_output@@IAE_NAA_J@Z 1000e13f f i libucrt:output.obj
 0001:0000d1be       ??$extract_argument_from_va_list@E_J@?$positional_parameter_base@DV?$string_output_adapter@D@__crt_stdio_output@@@__crt_stdio_output@@IAE_NAA_J@Z 1000e1be f i libucrt:output.obj
 0001:0000d23d       ??$extract_argument_from_va_list@E_J@?$positional_parameter_base@_WV?$stream_output_adapter@_W@__crt_stdio_output@@@__crt_stdio_output@@IAE_NAA_J@Z 1000e23d f i libucrt:output.obj
 0001:0000d2bc       ??$extract_argument_from_va_list@E_J@?$positional_parameter_base@_WV?$string_output_adapter@_W@__crt_stdio_output@@@__crt_stdio_output@@IAE_NAA_J@Z 1000e2bc f i libucrt:output.obj
 0001:0000d33b       ??$extract_argument_from_va_list@E_J@?$standard_base@DV?$stream_output_adapter@D@__crt_stdio_output@@@__crt_stdio_output@@IAE_NAA_J@Z 1000e33b f i libucrt:output.obj
 0001:0000d35a       ??$extract_argument_from_va_list@E_J@?$standard_base@DV?$string_output_adapter@D@__crt_stdio_output@@@__crt_stdio_output@@IAE_NAA_J@Z 1000e35a f i libucrt:output.obj
 0001:0000d379       ??$extract_argument_from_va_list@E_J@?$standard_base@_WV?$stream_output_adapter@_W@__crt_stdio_output@@@__crt_stdio_output@@IAE_NAA_J@Z 1000e379 f i libucrt:output.obj
 0001:0000d398       ??$extract_argument_from_va_list@E_J@?$standard_base@_WV?$string_output_adapter@_W@__crt_stdio_output@@@__crt_stdio_output@@IAE_NAA_J@Z 1000e398 f i libucrt:output.obj
 0001:0000d3b7       ??$extract_argument_from_va_list@F_J@?$positional_parameter_base@DV?$stream_output_adapter@D@__crt_stdio_output@@@__crt_stdio_output@@IAE_NAA_J@Z 1000e3b7 f i libucrt:output.obj
 0001:0000d436       ??$extract_argument_from_va_list@F_J@?$positional_parameter_base@DV?$string_output_adapter@D@__crt_stdio_output@@@__crt_stdio_output@@IAE_NAA_J@Z 1000e436 f i libucrt:output.obj
 0001:0000d4b5       ??$extract_argument_from_va_list@F_J@?$positional_parameter_base@_WV?$stream_output_adapter@_W@__crt_stdio_output@@@__crt_stdio_output@@IAE_NAA_J@Z 1000e4b5 f i libucrt:output.obj
 0001:0000d534       ??$extract_argument_from_va_list@F_J@?$positional_parameter_base@_WV?$string_output_adapter@_W@__crt_stdio_output@@@__crt_stdio_output@@IAE_NAA_J@Z 1000e534 f i libucrt:output.obj
 0001:0000d5b3       ??$extract_argument_from_va_list@F_J@?$standard_base@DV?$stream_output_adapter@D@__crt_stdio_output@@@__crt_stdio_output@@IAE_NAA_J@Z 1000e5b3 f i libucrt:output.obj
 0001:0000d5d2       ??$extract_argument_from_va_list@F_J@?$standard_base@DV?$string_output_adapter@D@__crt_stdio_output@@@__crt_stdio_output@@IAE_NAA_J@Z 1000e5d2 f i libucrt:output.obj
 0001:0000d5f1       ??$extract_argument_from_va_list@F_J@?$standard_base@_WV?$stream_output_adapter@_W@__crt_stdio_output@@@__crt_stdio_output@@IAE_NAA_J@Z 1000e5f1 f i libucrt:output.obj
 0001:0000d610       ??$extract_argument_from_va_list@F_J@?$standard_base@_WV?$string_output_adapter@_W@__crt_stdio_output@@@__crt_stdio_output@@IAE_NAA_J@Z 1000e610 f i libucrt:output.obj
 0001:0000d62f       ??$extract_argument_from_va_list@GD@?$positional_parameter_base@DV?$stream_output_adapter@D@__crt_stdio_output@@@__crt_stdio_output@@IAE_NAAD@Z 1000e62f f i libucrt:output.obj
 0001:0000d6ad       ??$extract_argument_from_va_list@GD@?$positional_parameter_base@DV?$string_output_adapter@D@__crt_stdio_output@@@__crt_stdio_output@@IAE_NAAD@Z 1000e6ad f i libucrt:output.obj
 0001:0000d72b       ??$extract_argument_from_va_list@GD@?$standard_base@DV?$stream_output_adapter@D@__crt_stdio_output@@@__crt_stdio_output@@IAE_NAAD@Z 1000e72b f i libucrt:output.obj
 0001:0000d745       ??$extract_argument_from_va_list@GD@?$standard_base@DV?$string_output_adapter@D@__crt_stdio_output@@@__crt_stdio_output@@IAE_NAAD@Z 1000e745 f i libucrt:output.obj
 0001:0000d75f       ??$extract_argument_from_va_list@G_J@?$positional_parameter_base@DV?$stream_output_adapter@D@__crt_stdio_output@@@__crt_stdio_output@@IAE_NAA_J@Z 1000e75f f i libucrt:output.obj
 0001:0000d7de       ??$extract_argument_from_va_list@G_J@?$positional_parameter_base@DV?$string_output_adapter@D@__crt_stdio_output@@@__crt_stdio_output@@IAE_NAA_J@Z 1000e7de f i libucrt:output.obj
 0001:0000d85d       ??$extract_argument_from_va_list@G_J@?$positional_parameter_base@_WV?$stream_output_adapter@_W@__crt_stdio_output@@@__crt_stdio_output@@IAE_NAA_J@Z 1000e85d f i libucrt:output.obj
 0001:0000d8dc       ??$extract_argument_from_va_list@G_J@?$positional_parameter_base@_WV?$string_output_adapter@_W@__crt_stdio_output@@@__crt_stdio_output@@IAE_NAA_J@Z 1000e8dc f i libucrt:output.obj
 0001:0000d95b       ??$extract_argument_from_va_list@G_J@?$standard_base@DV?$stream_output_adapter@D@__crt_stdio_output@@@__crt_stdio_output@@IAE_NAA_J@Z 1000e95b f i libucrt:output.obj
 0001:0000d97a       ??$extract_argument_from_va_list@G_J@?$standard_base@DV?$string_output_adapter@D@__crt_stdio_output@@@__crt_stdio_output@@IAE_NAA_J@Z 1000e97a f i libucrt:output.obj
 0001:0000d999       ??$extract_argument_from_va_list@G_J@?$standard_base@_WV?$stream_output_adapter@_W@__crt_stdio_output@@@__crt_stdio_output@@IAE_NAA_J@Z 1000e999 f i libucrt:output.obj
 0001:0000d9b8       ??$extract_argument_from_va_list@G_J@?$standard_base@_WV?$string_output_adapter@_W@__crt_stdio_output@@@__crt_stdio_output@@IAE_NAA_J@Z 1000e9b8 f i libucrt:output.obj
 0001:0000d9d7       ??$extract_argument_from_va_list@H_J@?$positional_parameter_base@DV?$stream_output_adapter@D@__crt_stdio_output@@@__crt_stdio_output@@IAE_NAA_J@Z 1000e9d7 f i libucrt:output.obj
 0001:0000da54       ??$extract_argument_from_va_list@H_J@?$positional_parameter_base@DV?$string_output_adapter@D@__crt_stdio_output@@@__crt_stdio_output@@IAE_NAA_J@Z 1000ea54 f i libucrt:output.obj
 0001:0000dad1       ??$extract_argument_from_va_list@H_J@?$positional_parameter_base@_WV?$stream_output_adapter@_W@__crt_stdio_output@@@__crt_stdio_output@@IAE_NAA_J@Z 1000ead1 f i libucrt:output.obj
 0001:0000db4e       ??$extract_argument_from_va_list@H_J@?$positional_parameter_base@_WV?$string_output_adapter@_W@__crt_stdio_output@@@__crt_stdio_output@@IAE_NAA_J@Z 1000eb4e f i libucrt:output.obj
 0001:0000dbcb       ??$extract_argument_from_va_list@H_J@?$standard_base@DV?$stream_output_adapter@D@__crt_stdio_output@@@__crt_stdio_output@@IAE_NAA_J@Z 1000ebcb f i libucrt:output.obj
 0001:0000dbe9       ??$extract_argument_from_va_list@H_J@?$standard_base@DV?$string_output_adapter@D@__crt_stdio_output@@@__crt_stdio_output@@IAE_NAA_J@Z 1000ebe9 f i libucrt:output.obj
 0001:0000dc07       ??$extract_argument_from_va_list@H_J@?$standard_base@_WV?$stream_output_adapter@_W@__crt_stdio_output@@@__crt_stdio_output@@IAE_NAA_J@Z 1000ec07 f i libucrt:output.obj
 0001:0000dc25       ??$extract_argument_from_va_list@H_J@?$standard_base@_WV?$string_output_adapter@_W@__crt_stdio_output@@@__crt_stdio_output@@IAE_NAA_J@Z 1000ec25 f i libucrt:output.obj
 0001:0000dc43       ??$extract_argument_from_va_list@I_J@?$positional_parameter_base@DV?$stream_output_adapter@D@__crt_stdio_output@@@__crt_stdio_output@@IAE_NAA_J@Z 1000ec43 f i libucrt:output.obj
 0001:0000dcc9       ??$extract_argument_from_va_list@I_J@?$positional_parameter_base@DV?$string_output_adapter@D@__crt_stdio_output@@@__crt_stdio_output@@IAE_NAA_J@Z 1000ecc9 f i libucrt:output.obj
 0001:0000dd4f       ??$extract_argument_from_va_list@I_J@?$positional_parameter_base@_WV?$stream_output_adapter@_W@__crt_stdio_output@@@__crt_stdio_output@@IAE_NAA_J@Z 1000ed4f f i libucrt:output.obj
 0001:0000ddd5       ??$extract_argument_from_va_list@I_J@?$positional_parameter_base@_WV?$string_output_adapter@_W@__crt_stdio_output@@@__crt_stdio_output@@IAE_NAA_J@Z 1000edd5 f i libucrt:output.obj
 0001:0000de5b       ??$extract_argument_from_va_list@I_J@?$standard_base@DV?$stream_output_adapter@D@__crt_stdio_output@@@__crt_stdio_output@@IAE_NAA_J@Z 1000ee5b f i libucrt:output.obj
 0001:0000de79       ??$extract_argument_from_va_list@I_J@?$standard_base@DV?$string_output_adapter@D@__crt_stdio_output@@@__crt_stdio_output@@IAE_NAA_J@Z 1000ee79 f i libucrt:output.obj
 0001:0000de97       ??$extract_argument_from_va_list@I_J@?$standard_base@_WV?$stream_output_adapter@_W@__crt_stdio_output@@@__crt_stdio_output@@IAE_NAA_J@Z 1000ee97 f i libucrt:output.obj
 0001:0000deb5       ??$extract_argument_from_va_list@I_J@?$standard_base@_WV?$string_output_adapter@_W@__crt_stdio_output@@@__crt_stdio_output@@IAE_NAA_J@Z 1000eeb5 f i libucrt:output.obj
 0001:0000ded3       ??$extract_argument_from_va_list@PADPAD@?$positional_parameter_base@DV?$stream_output_adapter@D@__crt_stdio_output@@@__crt_stdio_output@@IAE_NAAPAD@Z 1000eed3 f i libucrt:output.obj
 0001:0000df51       ??$extract_argument_from_va_list@PADPAD@?$positional_parameter_base@DV?$string_output_adapter@D@__crt_stdio_output@@@__crt_stdio_output@@IAE_NAAPAD@Z 1000ef51 f i libucrt:output.obj
 0001:0000dfcf       ??$extract_argument_from_va_list@PADPAD@?$positional_parameter_base@_WV?$stream_output_adapter@_W@__crt_stdio_output@@@__crt_stdio_output@@IAE_NAAPAD@Z 1000efcf f i libucrt:output.obj
 0001:0000e04d       ??$extract_argument_from_va_list@PADPAD@?$positional_parameter_base@_WV?$string_output_adapter@_W@__crt_stdio_output@@@__crt_stdio_output@@IAE_NAAPAD@Z 1000f04d f i libucrt:output.obj
 0001:0000e0cb       ??$extract_argument_from_va_list@PADPAD@?$standard_base@DV?$stream_output_adapter@D@__crt_stdio_output@@@__crt_stdio_output@@IAE_NAAPAD@Z 1000f0cb f i libucrt:output.obj
 0001:0000e0e5       ??$extract_argument_from_va_list@PADPAD@?$standard_base@DV?$string_output_adapter@D@__crt_stdio_output@@@__crt_stdio_output@@IAE_NAAPAD@Z 1000f0e5 f i libucrt:output.obj
 0001:0000e0ff       ??$extract_argument_from_va_list@PADPAD@?$standard_base@_WV?$stream_output_adapter@_W@__crt_stdio_output@@@__crt_stdio_output@@IAE_NAAPAD@Z 1000f0ff f i libucrt:output.obj
 0001:0000e119       ??$extract_argument_from_va_list@PADPAD@?$standard_base@_WV?$string_output_adapter@_W@__crt_stdio_output@@@__crt_stdio_output@@IAE_NAAPAD@Z 1000f119 f i libucrt:output.obj
 0001:0000e133       ??$extract_argument_from_va_list@PAUansi_string@?1??type_case_Z@?$output_processor@DV?$stream_output_adapter@D@__crt_stdio_output@@V?$format_validation_base@DV?$stream_output_adapter@D@__crt_stdio_output@@@2@@__crt_stdio_output@@AAE_NXZ@PAU1?1??234@AAE_NXZ@@?$standard_base@DV?$stream_output_adapter@D@__crt_stdio_output@@@__crt_stdio_output@@IAE_NAAPAUansi_string@?1??type_case_Z@?$output_processor@DV?$stream_output_adapter@D@__crt_stdio_output@@V?$format_validation_base@DV?$stream_output_adapter@D@__crt_stdio_output@@@2@@1@AAE_NXZ@@Z 1000f133 f i libucrt:output.obj
 0001:0000e14d       ??$extract_argument_from_va_list@PAUansi_string@?1??type_case_Z@?$output_processor@DV?$stream_output_adapter@D@__crt_stdio_output@@V?$positional_parameter_base@DV?$stream_output_adapter@D@__crt_stdio_output@@@2@@__crt_stdio_output@@AAE_NXZ@PAU1?1??234@AAE_NXZ@@?$positional_parameter_base@DV?$stream_output_adapter@D@__crt_stdio_output@@@__crt_stdio_output@@IAE_NAAPAUansi_string@?1??type_case_Z@?$output_processor@DV?$stream_output_adapter@D@__crt_stdio_output@@V?$positional_parameter_base@DV?$stream_output_adapter@D@__crt_stdio_output@@@2@@1@AAE_NXZ@@Z 1000f14d f i libucrt:output.obj
[...]
 0002:00007f88       __sehtable$??$?RV<lambda_123407a5e2ac06da108355a851863b7a>@@AAV<lambda_2fe9b910cf3cbf4a0ab98a02ba45b3ec>@@V<lambda_ae55bdf541ad94d75914d381c370e64d>@@@?$__crt_seh_guarded_call@H@@QAEH$$QAV<lambda_123407a5e2ac06da108355a851863b7a>@@AAV<lambda_2fe9b910cf3cbf4a0ab98a02ba45b3ec>@@$$QAV<lambda_ae55bdf541ad94d75914d381c370e64d>@@@Z 10047f88     libucrt:close.obj
 0002:00007fa8       __sehtable$?__acrt_stdio_allocate_stream@@YA?AV__crt_stdio_stream@@XZ 10047fa8     libucrt:stream.obj
 0002:00007fc8       __sehtable$_fflush         10047fc8     libucrt:fflush.obj
 0002:00007fe8       __sehtable$_common_flush_all 10047fe8     libucrt:fflush.obj
 0002:00008010       __sehtable$__read          10048010     libucrt:read.obj
 0002:00008030       __sehtable$??$common_lseek@J@@YAJHJH@Z 10048030     libucrt:lseek.obj
 0002:00008050       __sehtable$??$common_lseek@_J@@YA_JH_JH@Z 10048050     libucrt:lseek.obj
 0002:00008070       __sehtable$___acrt_initialize_lowio 10048070     libucrt:ioinit.obj
 0002:00008090       __sehtable$??$?RV<lambda_9df27f884b057bc3edfc946cb5b7cf47>@@AAV<lambda_e69574bed617af4e071282c136b37893>@@V<lambda_cc0d902bcbbeb830f749456577db4721>@@@?$__crt_seh_guarded_call@X@@QAEX$$QAV<lambda_9df27f884b057bc3edfc946cb5b7cf47>@@AAV<lambda_e69574bed617af4e071282c136b37893>@@$$QAV<lambda_cc0d902bcbbeb830f749456577db4721>@@@Z 10048090     libucrt:per_thread_data.obj
 0002:000080b0       __sehtable$??$?RV<lambda_3518db117f0e7cdb002338c5d3c47b6c>@@AAV<lambda_b2ea41f6bbb362cd97d94c6828d90b61>@@V<lambda_abdedf541bb04549bc734292b4a045d4>@@@?$__crt_seh_guarded_call@X@@QAEX$$QAV<lambda_3518db117f0e7cdb002338c5d3c47b6c>@@AAV<lambda_b2ea41f6bbb362cd97d94c6828d90b61>@@$$QAV<lambda_abdedf541bb04549bc734292b4a045d4>@@@Z 100480b0     libucrt:per_thread_data.obj
 0002:000080d0       __sehtable$??$?RV<lambda_51b6e8b1eb166f2a3faf91f424b38130>@@AAV<lambda_6250bd4b2a391816dd638c3bf72b0bcb>@@V<lambda_0b5a4a3e68152e1d9b943535f5f47bed>@@@?$__crt_seh_guarded_call@X@@QAEX$$QAV<lambda_51b6e8b1eb166f2a3faf91f424b38130>@@AAV<lambda_6250bd4b2a391816dd638c3bf72b0bcb>@@$$QAV<lambda_0b5a4a3e68152e1d9b943535f5f47bed>@@@Z 100480d0     libucrt:per_thread_data.obj
 0002:000080f0       __sehtable$??$?RV<lambda_5b71d36f03204c0beab531769a5b5694>@@AAV<lambda_be2b3da3f62db62e9dad5dc70221a656>@@V<lambda_8f9ce462984622f9bf76b59e2aaaf805>@@@?$__crt_seh_guarded_call@X@@QAEX$$QAV<lambda_5b71d36f03204c0beab531769a5b5694>@@AAV<lambda_be2b3da3f62db62e9dad5dc70221a656>@@$$QAV<lambda_8f9ce462984622f9bf76b59e2aaaf805>@@@Z 100480f0     libucrt:per_thread_data.obj
 0002:00008110       __sehtable$??$?RV<lambda_9227be29367c048ad7fd93a717dcb1a1>@@AAV<lambda_a463b7b0560cfcaf9b17f27c6ef46564>@@V<lambda_ccea11b5727ccf69be64f5f5d9a08d9f>@@@?$__crt_seh_guarded_call@H@@QAEH$$QAV<lambda_9227be29367c048ad7fd93a717dcb1a1>@@AAV<lambda_a463b7b0560cfcaf9b17f27c6ef46564>@@$$QAV<lambda_ccea11b5727ccf69be64f5f5d9a08d9f>@@@Z 10048110     libucrt:winapi_thunks.obj
 0002:00008130       __sehtable$___acrt_update_thread_multibyte_data 10048130     libucrt:mbctype.obj
 0002:00008150       __sehtable$??$?RV<lambda_978dc153c237d78434369da87b74ff60>@@AAV<lambda_ad1ced32f4ac17aa236e5ef05d6b3b7c>@@V<lambda_4a8533e2866a575feecb8298ce776b0d>@@@?$__crt_seh_guarded_call@X@@QAEX$$QAV<lambda_978dc153c237d78434369da87b74ff60>@@AAV<lambda_ad1ced32f4ac17aa236e5ef05d6b3b7c>@@$$QAV<lambda_4a8533e2866a575feecb8298ce776b0d>@@@Z 10048150     libucrt:mbctype.obj
 0002:00008170       __sehtable$_signal         10048170     libucrt:signal.obj
 0002:00008190       __sehtable$_raise          10048190     libucrt:signal.obj
 0002:000081b0       __sehtable$?ctrlevent_capture@@YGHK@Z 100481b0     libucrt:signal.obj
 0002:000081d0       __sehtable$??$?RV<lambda_a048d3beccc847880fc8490e18b82769>@@AAV<lambda_ec61778202f4f5fc7e7711acc23c3bca>@@V<lambda_f7496a158712204296dd6628a163878e>@@@?$__crt_seh_guarded_call@P6AXH@Z@@QAEP6AXH@Z$$QAV<lambda_a048d3beccc847880fc8490e18b82769>@@AAV<lambda_ec61778202f4f5fc7e7711acc23c3bca>@@$$QAV<lambda_f7496a158712204296dd6628a163878e>@@@Z 100481d0     libucrt:signal.obj
 0002:000081f0       __sehtable$_fputwc         100481f0     libucrt:fputwc.obj
 0002:00008210       __sehtable$_fputc          10048210     libucrt:fputc.obj
 0002:00008230       __sehtable$__free_locale   10048230     libucrt:wsetlocale.obj
 0002:00008258       __sehtable$___acrt_uninitialize_locale 10048258     libucrt:wsetlocale.obj
 0002:00008278       __sehtable$??$?RV<lambda_76aaead6e312921abc834cb00a638bdd>@@AAV<lambda_176e34f99554166dd2fac165c457248c>@@V<lambda_998ee1c9f4290b119b936bcd6215875a>@@@?$__crt_seh_guarded_call@X@@QAEX$$QAV<lambda_76aaead6e312921abc834cb00a638bdd>@@AAV<lambda_176e34f99554166dd2fac165c457248c>@@$$QAV<lambda_998ee1c9f4290b119b936bcd6215875a>@@@Z 10048278     libucrt:wsetlocale.obj
 0002:00008298       __sehtable$??$?RV<lambda_c9469061b39d205f0f236529d4a41659>@@AAV<lambda_b7fb1a997d3ebc0cc0186c5835178808>@@V<lambda_14b92c79d699846b5cc916cd4cf280e4>@@@?$__crt_seh_guarded_call@X@@QAEX$$QAV<lambda_c9469061b39d205f0f236529d4a41659>@@AAV<lambda_b7fb1a997d3ebc0cc0186c5835178808>@@$$QAV<lambda_14b92c79d699846b5cc916cd4cf280e4>@@@Z 10048298     libucrt:wsetlocale.obj
 0002:000082b8       __sehtable$??$?RV<lambda_70818de7b02deff9841e8b0962a60ed9>@@AAV<lambda_2af78c5f5901b1372d98f9ab3177dfa6>@@AAV<lambda_f51fe5fd7c79a33db34fc9310f277369>@@@?$__crt_seh_guarded_call@X@@QAEX$$QAV<lambda_70818de7b02deff9841e8b0962a60ed9>@@AAV<lambda_2af78c5f5901b1372d98f9ab3177dfa6>@@AAV<lambda_f51fe5fd7c79a33db34fc9310f277369>@@@Z 100482b8     libucrt:wsetlocale.obj
 0002:000082d8       __sehtable$??$?RV<lambda_c76fdea48760d5f9368b465f31df4405>@@AAV<lambda_e378711a6f6581bf7f0efd7cdf97f5d9>@@V<lambda_e927a58b2a85c081d733e8c6192ae2d2>@@@?$__crt_seh_guarded_call@X@@QAEX$$QAV<lambda_c76fdea48760d5f9368b465f31df4405>@@AAV<lambda_e378711a6f6581bf7f0efd7cdf97f5d9>@@$$QAV<lambda_e927a58b2a85c081d733e8c6192ae2d2>@@@Z 100482d8     libucrt:wsetlocale.obj
 0002:000082f8       __sehtable$__open_osfhandle 100482f8     libucrt:osfinfo.obj
 0002:00008318       __sehtable$__alloc_osfhnd  10048318     libucrt:osfinfo.obj
 0002:00008338       __sehtable$___acrt_lowio_ensure_fh_exists 10048338     libucrt:osfinfo.obj
 0002:00008358       __sehtable$__fcloseall     10048358     libucrt:closeall.obj
 0002:00008378       __sehtable$??$?RV<lambda_61cee617f5178ae960314fd4d05640a0>@@AAV<lambda_6978c1fb23f02e42e1d9e99668cc68aa>@@V<lambda_9cd88cf8ad10232537feb2133f08c833>@@@?$__crt_seh_guarded_call@H@@QAEH$$QAV<lambda_61cee617f5178ae960314fd4d05640a0>@@AAV<lambda_6978c1fb23f02e42e1d9e99668cc68aa>@@$$QAV<lambda_9cd88cf8ad10232537feb2133f08c833>@@@Z 10048378     libucrt:commit.obj
 0002:00008398       __sehtable$__write         10048398     libucrt:write.obj
 0002:000083b8       __sehtable$??$common_open@D@@YAHQBDHH@Z 100483b8     libucrt:open.obj
 0002:000083d8       __sehtable$??$common_open@_W@@YAHQB_WHH@Z 100483d8     libucrt:open.obj
 0002:000083f8       __sehtable$??$common_sopen_dispatch@D@@YAHQBDHHHQAHH@Z 100483f8     libucrt:open.obj
 0002:00008418       __sehtable$??$common_sopen_dispatch@_W@@YAHQB_WHHHQAHH@Z 10048418     libucrt:open.obj
 0002:00008438       __sehtable$___acrt_update_thread_locale_data 10048438     libucrt:locale_refcounting.obj
 0002:00008458       __sehtable$??$?RV<lambda_4980db0136e49a56f91ef52c46ca659a>@@AAV<lambda_6e3e78bb6855d1e4040e022c1b427e22>@@V<lambda_9c074eaf62197b4fd0274ed9e7824161>@@@?$__crt_seh_guarded_call@G@@QAEG$$QAV<lambda_4980db0136e49a56f91ef52c46ca659a>@@AAV<lambda_6e3e78bb6855d1e4040e022c1b427e22>@@$$QAV<lambda_9c074eaf62197b4fd0274ed9e7824161>@@@Z 10048458     libucrt:putwch.obj
 0002:00008478       __sehtable$__setmode       10048478     libucrt:setmode.obj
 0002:00008498       __sehtable$??$?RV<lambda_4cfda81533ccf5a03113a1ca40a30445>@@AAV<lambda_1cffa78e445b1da5fba1a2e0e533226f>@@V<lambda_68c952aa1b860373b2109ef12d0bba9d>@@@?$__crt_seh_guarded_call@H@@QAEH$$QAV<lambda_4cfda81533ccf5a03113a1ca40a30445>@@AAV<lambda_1cffa78e445b1da5fba1a2e0e533226f>@@$$QAV<lambda_68c952aa1b860373b2109ef12d0bba9d>@@@Z 10048498     libucrt:chsize.obj
 0002:000084b8       __sehtable$___set_fpsr_sse2 100484b8     libucrt:fpctrl.obj
 0002:000084d8       __sehtable$__IsNonwritableInCurrentImage 100484d8     LIBCMT:pesect.obj
 0002:00008500       .edata                     10048500     WzAG.exp
 0002:00008528       rgpv                       10048528     WzAG.exp
 0002:0000854c       rgszName                   1004854c     WzAG.exp
 0002:00008570       rgwOrd                     10048570     WzAG.exp
 0002:00008582       szName                     10048582     WzAG.exp
 0002:0000858b       $N00001                    1004858b     WzAG.exp
 0002:0000859a       $N00002                    1004859a     WzAG.exp
 0002:000085ad       $N00003                    100485ad     WzAG.exp
 0002:000085bd       $N00004                    100485bd     WzAG.exp
 0002:000085d1       $N00005                    100485d1     WzAG.exp
 0002:000085da       $N00006                    100485da     WzAG.exp
 0002:000085ea       $N00007                    100485ea     WzAG.exp
 0002:000085f8       $N00008                    100485f8     WzAG.exp
 0002:00008602       $N00009                    10048602     WzAG.exp
 0002:000087e2       .idata$6                   100487e2     kernel32:KERNEL32.dll
 0002:000087fe       .idata$6                   100487fe     user32:USER32.dll
 0003:00000030       ?__vcrt_flsindex@@3KA      10049030     libvcruntime:per_thread_data.obj
 0003:00000050       ?global_msvcrt_heap_handle_cache@?1??__acrt_get_msvcrt_heap_handle@@9@4PAXA 10049050     libucrt:free_base.obj
 0003:00000058       _errno_no_memory           10049058     libucrt:errno.obj
 0003:0000005c       _doserrno_no_memory        1004905c     libucrt:errno.obj
 0003:00000238       ___acrt_flsindex           10049238     libucrt:per_thread_data.obj
 0003:0000023c       ___rgctypeflag             1004923c     libucrt:mbctype.obj
 0003:00000240       ___rgcode_page_info        10049240     libucrt:mbctype.obj
 0003:00000824       __ctype_loc_style          10049824     libucrt:wsetlocale.obj
 0003:000008b0       ?__DAZ_ENABLED@?1??__set_fpsr_sse2@@9@9 100498b0     libucrt:fpctrl.obj
 0003:00000a10       ?__proc_attached@@3HA      10049a10     LIBCMT:dll_dllmain.obj
 0003:00000a18       _GS_ExceptionRecord        10049a18     LIBCMT:gs_report.obj
 0003:00000a68       _GS_ContextRecord          10049a68     LIBCMT:gs_report.obj
 0003:00000d3c       ?module_local_atexit_table@@3U_onexit_table_t@@A 10049d3c     LIBCMT:utility.obj
 0003:00000d48       ?module_local_at_quick_exit_table@@3U_onexit_table_t@@A 10049d48     LIBCMT:utility.obj
 0003:00000d54       ?is_initialized_as_dll@@3_NA 10049d54     LIBCMT:utility.obj
 0003:00000d7c       ?__vcrt_startup_thread_ptd@@3U__vcrt_ptd@@A 10049d7c     libvcruntime:per_thread_data.obj
 0003:00000da4       ___vcrt_lock_table         10049da4     libvcruntime:locks.obj
 0003:00000dbc       ___vcrt_locks_initialized  10049dbc     libvcruntime:locks.obj
 0003:00000dc0       ?module_handles@@3PAPAUHINSTANCE__@@A 10049dc0     libvcruntime:winapi_downlevel.obj
 0003:00000dd0       ?encoded_function_pointers@@3PAPAXA 10049dd0     libvcruntime:winapi_downlevel.obj
 0003:00000e20       ?heap@@3V_HeapManager@@A   10049e20     libvcruntime:undname.obj
 0003:00000e68       ___acrt_new_handler        10049e68     libucrt:new_handler.obj
 0003:00000e6c       _c_termination_complete    10049e6c     libucrt:exit.obj
 0003:00000e70       _thread_local_exit_callback_func 10049e70     libucrt:exit.obj
 0003:00000e74       ?c_exit_complete@?5??common_exit@@YAXHW4_crt_exit_cleanup_mode@@W4_crt_exit_return_mode@@@Z@4_NA 10049e74     libucrt:exit.obj
 0003:00000e78       ?program_name@?5???$common_configure_argv@D@@YAHW4_crt_argv_mode@@@Z@4PADA 10049e78     libucrt:argv_parsing.obj
 0003:00000f80       ?program_name@?5???$common_configure_argv@_W@@YAHW4_crt_argv_mode@@@Z@4PA_WA 10049f80     libucrt:argv_parsing.obj
 0003:000011b4       ___acrt_invalid_parameter_handler 1004a1b4     libucrt:invalid_parameter.obj
 0003:000013d0       ___acrt_lock_table         1004a3d0     libucrt:locks.obj
 0003:00001508       ___acrt_locks_initialized  1004a508     libucrt:locks.obj
 0003:00001510       _module_handles            1004a510     libucrt:winapi_thunks.obj
 0003:00001560       _encoded_function_pointers 1004a560     libucrt:winapi_thunks.obj
 0003:000015e0       ?static_enum_proc@?1??enum_system_locales_ex_nolock@@YAHQ6GHPA_WKJ@Z@Z@4P6GH0KJ@ZA 1004a5e0     libucrt:winapi_thunks.obj
 0003:000015e4       ?state_cache@?1??__acrt_is_packaged_app@@9@4JA 1004a5e4     libucrt:winapi_thunks.obj
 0003:00001600       _fSystemSet                1004a600     libucrt:mbctype.obj
 0003:00001604       ?initialized@?1??__acrt_initialize_multibyte@@9@4_NA 1004a604     libucrt:mbctype.obj
 0003:00001628       _console_ctrl_handler_installed 1004a628     libucrt:signal.obj
 0003:0000162c       _ctrlc_action              1004a62c     libucrt:signal.obj
 0003:00001630       _ctrlbreak_action          1004a630     libucrt:signal.obj
 0003:00001634       _abort_action              1004a634     libucrt:signal.obj
 0003:00001638       _term_action               1004a638     libucrt:signal.obj
 0003:0000163c       _user_matherr              1004a63c     libucrt:matherr.obj
 0003:0000164c       ___acrt_global_new_mode    1004a64c     libucrt:new_mode.obj
 0003:00001650       _enable_percent_n          1004a650     libucrt:printf_count_output.obj
 0003:00001664       ___acrt_app_type           1004a664     libucrt:report_runtime_error.obj
 0003:00001668       ?outmsg@?9??__acrt_report_runtime_error@@9@4PA_WA 1004a668     libucrt:report_runtime_error.obj
 0003:00001c94       ___acrt_error_mode         1004ac94     libucrt:set_error_mode.obj
 0003:00001ca0       __pmatherr_set             1004aca0     libucrt:libm_error.obj
 0004:00000000       __guard_fids____dcrt_uninitialize_environments_nolock 1004b000     libucrt:environment_initialization.obj
 0004:00000008       __guard_fids__             1004b008     libucrt:initialization.obj
 0004:00000068       __guard_fids__set_terminate 1004b068     libucrt:terminate.obj
 0004:0000006c       __guard_fids___get_terminate 1004b06c     libucrt:terminate.obj
 0004:00000070       __guard_fids_?get_terminate_or_default@@YAP6AXXZQBU__acrt_ptd@@@Z 1004b070     libucrt:terminate.obj
 0004:00000074       __guard_fids____acrt_initialize_ptd 1004b074     libucrt:per_thread_data.obj
 0004:00000078       __guard_fids_?enum_system_locales_ex_nolock@@YAHQ6GHPA_WKJ@Z@Z 1004b078     libucrt:winapi_thunks.obj
 0004:0000007c       __guard_fids_??B<lambda_5a01b672d24c8480ee9d6bdb50dd3881>@@QBEP6GHPA_W@ZXZ 1004b07c     libucrt:winapi_thunks.obj
 0004:00000080       __guard_fids_??R<lambda_a463b7b0560cfcaf9b17f27c6ef46564>@@QBEHXZ 1004b080     libucrt:winapi_thunks.obj
 0004:00000084       __guard_fids_??$?RV<lambda_9227be29367c048ad7fd93a717dcb1a1>@@AAV<lambda_a463b7b0560cfcaf9b17f27c6ef46564>@@V<lambda_ccea11b5727ccf69be64f5f5d9a08d9f>@@@?$__crt_seh_guarded_call@H@@QAEH$$QAV<lambda_9227be29367c048ad7fd93a717dcb1a1>@@AAV<lambda_a463b7b0560cfcaf9b17f27c6ef46564>@@$$QAV<lambda_ccea11b5727ccf69be64f5f5d9a08d9f>@@@Z 1004b084     libucrt:winapi_thunks.obj
 0004:00000088       __guard_fids_??$expand_argument_wildcards@D@@YAHQAD0AAV?$argument_list@D@?A0xb0e4b824@@@Z 1004b088     libucrt:argv_wildcards.obj
 0004:0000008c       __guard_fids_??$expand_argument_wildcards@_W@@YAHQA_W0AAV?$argument_list@_W@?A0xb0e4b824@@@Z 1004b08c     libucrt:argv_wildcards.obj
 0004:00000090       __guard_fids_??B<lambda_62bb7ecb46d0a77b591a051c43eb5ad1>@@QBEP6AHPBX0@ZXZ 1004b090     libucrt:argv_wildcards.obj
 0004:00000094       __guard_fids_??B<lambda_a75c72a202f46efc7a9b191949c2fc0f>@@QBEP6AHPBX0@ZXZ 1004b094     libucrt:argv_wildcards.obj
 0004:00000098       __guard_fids__signal       1004b098     libucrt:signal.obj
 0004:0000009c       __guard_fids__             1004b09c     libucrt:wsetlocale.obj
 0004:000000b4       __guard_fids__             1004b0b4     libucrt:stdio_initializer.obj
 0004:000000b8       __guard_fids__             1004b0b8     libucrt:stdio_initializer.obj
 0004:000000bc       __guard_fids__             1004b0bc     libucrt:multibyte_initializer.obj
 0004:000000c0       __guard_fids__             1004b0c0     libucrt:locale_initializer.obj
 0004:000000c4       __guard_fids__GetLocaleNameFromLangCountry 1004b0c4     libucrt:get_qualified_locale.obj
 0004:000000c8       __guard_fids__GetLocaleNameFromLanguage 1004b0c8     libucrt:get_qualified_locale.obj
 0004:000000cc       __guard_fids__GetLcidFromLangCountry 1004b0cc     libucrt:getqloc_downlevel.obj
 0004:000000d0       __guard_fids__GetLcidFromLanguage 1004b0d0     libucrt:getqloc_downlevel.obj
 0004:000000d4       __guard_fids__GetLcidFromCountry 1004b0d4     libucrt:getqloc_downlevel.obj
 0004:000000d8       __guard_fids_??$common_show_message_box@D@@YAHQBD0I@Z 1004b0d8     libucrt:crtmbox.obj
 0004:000000dc       __guard_fids_??$common_show_message_box@_W@@YAHQB_W0I@Z 1004b0dc     libucrt:crtmbox.obj
 0004:000000e0       __guard_fids____libm_error_support 1004b0e0     libucrt:libm_error.obj
 0004:000000e4       __guard_fids__             1004b0e4     libucrt:console_output_initializer.obj
 0004:000000e8       __guard_fids__             1004b0e8     libucrt:sse2_initializer.obj
 0004:000000ec       __guard_fids_?dllmain_crt_process_attach@@YAHQAUHINSTANCE__@@QAX@Z 1004b0ec     LIBCMT:dll_dllmain.obj
 0004:000000f4       __guard_fids_?dllmain_dispatch@@YAHQAUHINSTANCE__@@KQAX@Z 1004b0f4     LIBCMT:dll_dllmain.obj
 0004:000000f8       __guard_fids____scrt_set_unhandled_exception_filter 1004b0f8     LIBCMT:utility_desktop.obj
 0004:000000fc       __guard_fids__             1004b0fc     LIBCMT:throw_bad_alloc.obj
 0004:00000104       __guard_fids__             1004b104     LIBCMT:throw_bad_alloc.obj
 0004:0000010c       __guard_fids__             1004b10c     LIBCMT:throw_bad_alloc.obj
 0004:00000114       __guard_fids__             1004b114     LIBCMT:throw_bad_alloc.obj
 0004:00000118       __guard_fids__             1004b118     LIBCMT:throw_bad_alloc.obj
 0004:0000011c       __guard_fids__             1004b11c     LIBCMT:throw_bad_alloc.obj
 0004:00000120       __guard_fids__             1004b120     LIBCMT:throw_bad_alloc.obj
 0004:00000124       __guard_fids__             1004b124     LIBCMT:throw_bad_alloc.obj
 0004:00000128       __guard_fids__             1004b128     LIBCMT:guard_support.obj
 0004:0000012c       __guard_fids___guard_icall_checks_enforced 1004b12c     LIBCMT:guard_support.obj
 0004:00000130       __guard_fids__             1004b130     LIBCMT:std_type_info_static.obj
 0004:00000134       __guard_fids____std_type_info_name 1004b134     libvcruntime:std_type_info.obj
 0004:0000013c       __guard_fids_??B<lambda_e0128dce7362637f77e3b418282c6919>@@QBEP6APAXI@ZXZ 1004b13c     libvcruntime:std_type_info.obj
 0004:00000140       __guard_fids_??B<lambda_c4560dd375471d1680776ed19953e709>@@QBEP6AXQAX@ZXZ 1004b140     libvcruntime:std_type_info.obj
 0004:00000144       __guard_fids____vcrt_initialize_ptd 1004b144     libvcruntime:per_thread_data.obj
 0004:00000148       __guard_fids__             1004b148     libvcruntime:undname.obj
 0004:00000154       __guard_fids__             1004b154     libvcruntime:undname.obj
 0004:00000160       __guard_fids__             1004b160     libvcruntime:undname.obj
 0004:0000016c       __guard_fids__             1004b16c     libvcruntime:undname.obj
 0004:00000178       __guard_fids__             1004b178     libvcruntime:undname.obj
 0004:00000184       __guard_fids__             1004b184     libvcruntime:undname.obj
 0005:000000a0       $R000000                   1004c0a0     WzAG.res
 0005:00000358       $R0002B8                   1004c358     WzAG.res
