 WzAG

 Timestamp is 5e773fe3 (Sun Mar 22 13:37:23 2020)

 Preferred load address is 10000000

 Start         Length     Name                   Class
 0001:00000000 00041c34H .text$mn                CODE
 0001:00041c34 0000003eH .text$x                 CODE
 0002:00000000 00000154H .idata$5                DATA
 0002:00000154 00000008H .00cfg                  DATA
 0002:0000015c 00000004H .CRT$XCA                DATA
 0002:00000160 00000004H .CRT$XCZ                DATA
 0002:00000164 00000004H .CRT$XIA                DATA
 0002:00000168 0000000cH .CRT$XIC                DATA
 0002:00000174 00000004H .CRT$XIZ                DATA
 0002:00000178 00000004H .CRT$XPA                DATA
 0002:0000017c 00000008H .CRT$XPX                DATA
 0002:00000184 00000004H .CRT$XPXA               DATA
 0002:00000188 00000004H .CRT$XPZ                DATA
 0002:0000018c 00000004H .CRT$XTA                DATA
 0002:00000190 00000010H .CRT$XTZ                DATA
 0002:00000194 00000000H .gfids$y                DATA
 0002:000001a0 00007828H .rdata                  DATA
 0002:000079c8 0000033cH .rdata$r                DATA
 0002:00007d04 0000001cH .rdata$sxdata           DATA
 0002:00007d20 00000310H .rdata$zzzdbg           DATA
 0002:00008030 00000004H .rtc$IAA                DATA
 0002:00008034 00000004H .rtc$IZZ                DATA
 0002:00008038 00000004H .rtc$TAA                DATA
 0002:0000803c 00000004H .rtc$TZZ                DATA
 0002:00008040 00000ab0H .xdata$x                DATA
 0002:00008af0 00000110H .edata                  DATA
 0002:00008c00 00000028H .idata$2                DATA
 0002:00008c28 00000014H .idata$3                DATA
 0002:00008c3c 00000154H .idata$4                DATA
 0002:00008d90 0000062cH .idata$6                DATA
 0003:00000000 000008f0H .data                   DATA
 0003:000008f0 00000138H .data$r                 DATA
 0003:00000a28 000012ccH .bss                    DATA
 0004:00000000 000000a0H .rsrc$01                DATA
 0004:000000a0 00000438H .rsrc$02                DATA

  Address         Publics by Value              Rva+Base       Lib:Object

 0000:00000000       __except_list              00000000     <absolute>
 0000:00000000       ___enclave_config          00000000     <absolute>
 0000:00000000       ___guard_eh_cont_count     00000000     <absolute>
 0000:00000000       ___guard_iat_table         00000000     <absolute>
 0000:00000000       ___guard_iat_count         00000000     <absolute>
 0000:00000000       ___guard_longjmp_count     00000000     <absolute>
 0000:00000000       ___guard_fids_table        00000000     <absolute>
 0000:00000000       ___guard_eh_cont_table     00000000     <absolute>
 0000:00000000       ___guard_fids_count        00000000     <absolute>
 0000:00000000       ___hybrid_code_map_count   00000000     <absolute>
 0000:00000000       ___dynamic_value_reloc_table 00000000     <absolute>
 0000:00000000       ___guard_longjmp_table     00000000     <absolute>
 0000:00000000       ___volatile_metadata       00000000     <absolute>
 0000:00000000       ___hybrid_auxiliary_iat    00000000     <absolute>
 0000:00000000       ___AbsoluteZero            00000000     <absolute>
 0000:00000000       ___hybrid_code_map         00000000     <absolute>
 0000:00000007       ___safe_se_handler_count   00000007     <absolute>
 0000:00000100       ___guard_flags             00000100     <absolute>
 0000:00000000       ___ImageBase               10000000     <linker-defined>
 0001:00000000       _AGConnectSetFS            10001000 f   WzAG.obj
 0001:00000010       _AGGetClientVersion        10001010 f   WzAG.obj
 0001:000000c0       _AGGetDataBuffer           100010c0 f   WzAG.obj
 0001:000000d0       _AGGetDataBufferSize       100010d0 f   WzAG.obj
 0001:000000e0       _AGGetKey                  100010e0 f   WzAG.obj
 0001:00000110       _AGReleaseHandle           10001110 f   WzAG.obj
 0001:00000120       _AGRequestData             10001120 f   WzAG.obj
 0001:000003f0       _AGSetInfo                 100013f0 f   WzAG.obj
 0001:00000460       _AGSetSubInfo              10001460 f   WzAG.obj
 0001:00000470       _DllMain@12                10001470 f   WzAG.obj
 0001:00000478       _ExitProcess@4             10001478 f   kernel32:KERNEL32.dll
 0001:0000047e       _GetPrivateProfileStringA@24 1000147e f   kernel32:KERNEL32.dll
 0001:00000484       _MessageBoxA@16            10001484 f   user32:USER32.dll
 0001:0000048a       ??_U@YAPAXI@Z              1000148a f   LIBCMT:new_array.obj
 0001:00000493       @__security_check_cookie@4 10001493 f   LIBCMT:secchk.obj
 0001:000007e5       __CRT_INIT@12              100017e5 f   LIBCMT:dll_dllmain.obj
 0001:000007ee       __DllMainCRTStartup@12     100017ee f   LIBCMT:dll_dllmain.obj
 0001:00000811       ??2@YAPAXI@Z               10001811 f   LIBCMT:new_scalar.obj
 0001:00000841       ___raise_securityfailure   10001841 f   LIBCMT:gs_report.obj
 0001:00000869       ___report_gsfailure        10001869 f   LIBCMT:gs_report.obj
 0001:00000962       ___report_rangecheckfailure 10001962 f   LIBCMT:gs_report.obj
 0001:0000096e       ___report_securityfailure  1000196e f   LIBCMT:gs_report.obj
 0001:00000a3c       ___report_securityfailureEx 10001a3c f   LIBCMT:gs_report.obj
 0001:00000b9d       ___security_init_cookie    10001b9d f   LIBCMT:gs_support.obj
 0001:00000be8       ?__scrt_initialize_type_info@@YAXXZ 10001be8 f   LIBCMT:tncleanup.obj
 0001:00000bf4       ?__scrt_uninitialize_type_info@@YAXXZ 10001bf4 f   LIBCMT:tncleanup.obj
 0001:00000c00       ___local_stdio_printf_options 10001c00 f i LIBCMT:default_local_stdio_options.obj
 0001:00000c06       ___local_stdio_scanf_options 10001c06 f i LIBCMT:default_local_stdio_options.obj
 0001:00000c0c       ___scrt_initialize_default_local_stdio_options 10001c0c f   LIBCMT:default_local_stdio_options.obj
 0001:00000c29       ?configure_argv@__scrt_narrow_argv_policy@@SAHXZ 10001c29 f i LIBCMT:utility.obj
 0001:00000c7a       ?initialize_environment@__scrt_narrow_environment_policy@@SAHXZ 10001c7a f i LIBCMT:utility.obj
 0001:00000cb3       _NtCurrentTeb              10001cb3 f i LIBCMT:utility.obj
 0001:00000cba       ___scrt_acquire_startup_lock 10001cba f   LIBCMT:utility.obj
 0001:00000cec       ___scrt_dllmain_after_initialize_c 10001cec f   LIBCMT:utility.obj
 0001:00000d17       ___scrt_dllmain_before_initialize_c 10001d17 f   LIBCMT:utility.obj
 0001:00000d25       ___scrt_dllmain_crt_thread_attach 10001d25 f   LIBCMT:utility.obj
 0001:00000d44       ___scrt_dllmain_crt_thread_detach 10001d44 f   LIBCMT:utility.obj
 0001:00000d51       ___scrt_dllmain_exception_filter 10001d51 f   LIBCMT:utility.obj
 0001:00000d85       ___scrt_dllmain_uninitialize_c 10001d85 f   LIBCMT:utility.obj
 0001:00000da8       ___scrt_dllmain_uninitialize_critical 10001da8 f   LIBCMT:utility.obj
 0001:00000db5       ___scrt_initialize_crt     10001db5 f   LIBCMT:utility.obj
 0001:00000dee       ___scrt_initialize_onexit_tables 10001dee f   LIBCMT:utility.obj
 0001:00000e75       ___scrt_is_nonwritable_in_current_image 10001e75 f   LIBCMT:utility.obj
 0001:00000f09       ___scrt_release_startup_lock 10001f09 f   LIBCMT:utility.obj
 0001:00000f26       ___scrt_uninitialize_crt   10001f26 f   LIBCMT:utility.obj
 0001:00000f4e       __onexit                   10001f4e f   LIBCMT:utility.obj
 0001:00000f7b       _at_quick_exit             10001f7b f   LIBCMT:utility.obj
 0001:00000f9e       _atexit                    10001f9e f   LIBCMT:utility.obj
 0001:00000fb3       ___scrt_get_dyn_tls_init_callback 10001fb3 f   LIBCMT:dyn_tls_init.obj
 0001:00000fb9       ___scrt_fastfail           10001fb9 f   LIBCMT:utility_desktop.obj
 0001:000010d3       ___scrt_get_show_window_mode 100020d3 f   LIBCMT:utility_desktop.obj
 0001:00001104       ___scrt_initialize_mta     10002104 f   LIBCMT:utility_desktop.obj
 0001:00001109       ___scrt_initialize_winrt   10002109 f   LIBCMT:utility_desktop.obj
 0001:0000110c       ___scrt_is_managed_app     1000210c f   LIBCMT:utility_desktop.obj
 0001:0000114f       ___scrt_set_unhandled_exception_filter 1000214f f   LIBCMT:utility_desktop.obj
 0001:0000115b       ___scrt_stub_for_initialize_mta 1000215b f   LIBCMT:utility_desktop.obj
 0001:0000115b       ___scrt_exe_initialize_mta 1000215b f   LIBCMT:utility_desktop.obj
 0001:0000115e       ___scrt_unhandled_exception_filter@4 1000215e f   LIBCMT:utility_desktop.obj
 0001:000011b4       __crt_debugger_hook        100021b4 f   LIBCMT:utility_desktop.obj
 0001:000011bc       __RTC_Initialize           100021bc f   LIBCMT:initsect.obj
 0001:000011e8       __RTC_Terminate            100021e8 f   LIBCMT:initsect.obj
 0001:00001220       __SEH_prolog4              10002220 f   LIBCMT:sehprolg4.obj
 0001:00001266       __SEH_epilog4              10002266 f   LIBCMT:sehprolg4.obj
 0001:0000127b       @_guard_check_icall_nop@4  1000227b f i LIBCMT:guard_support.obj
 0001:0000127c       _ReadNoFence               1000227c f i LIBCMT:guard_support.obj
 0001:00001286       _ReadPointerNoFence        10002286 f i LIBCMT:guard_support.obj
 0001:00001290       __guard_icall_checks_enforced 10002290 f i LIBCMT:guard_support.obj
 0001:000012a2       ??0bad_alloc@std@@AAE@QBD@Z 100022a2 f i LIBCMT:throw_bad_alloc.obj
 0001:000012bf       ??0bad_alloc@std@@QAE@ABV01@@Z 100022bf f i LIBCMT:throw_bad_alloc.obj
 0001:000012da       ??0bad_alloc@std@@QAE@XZ   100022da f i LIBCMT:throw_bad_alloc.obj
 0001:000012f2       ??0bad_array_new_length@std@@QAE@ABV01@@Z 100022f2 f i LIBCMT:throw_bad_alloc.obj
 0001:0000130d       ??0bad_array_new_length@std@@QAE@XZ 1000230d f i LIBCMT:throw_bad_alloc.obj
 0001:00001325       ??0exception@std@@QAE@ABV01@@Z 10002325 f i LIBCMT:throw_bad_alloc.obj
 0001:00001351       ??0exception@std@@QAE@QBDH@Z 10002351 f i LIBCMT:throw_bad_alloc.obj
 0001:0000136e       ??1bad_alloc@std@@UAE@XZ   1000236e f i LIBCMT:throw_bad_alloc.obj
 0001:0000137f       ??1bad_array_new_length@std@@UAE@XZ 1000237f f i LIBCMT:throw_bad_alloc.obj
 0001:00001390       ??1exception@std@@UAE@XZ   10002390 f i LIBCMT:throw_bad_alloc.obj
 0001:000013a1       ??_Gbad_alloc@std@@UAEPAXI@Z 100023a1 f i LIBCMT:throw_bad_alloc.obj
 0001:000013a1       ??_Ebad_alloc@std@@UAEPAXI@Z 100023a1 f i LIBCMT:throw_bad_alloc.obj
 0001:000013ce       ??_Gbad_array_new_length@std@@UAEPAXI@Z 100023ce f i LIBCMT:throw_bad_alloc.obj
 0001:000013ce       ??_Ebad_array_new_length@std@@UAEPAXI@Z 100023ce f i LIBCMT:throw_bad_alloc.obj
 0001:000013fb       ??_Gexception@std@@UAEPAXI@Z 100023fb f i LIBCMT:throw_bad_alloc.obj
 0001:000013fb       ??_Eexception@std@@UAEPAXI@Z 100023fb f i LIBCMT:throw_bad_alloc.obj
 0001:00001428       ?__scrt_throw_std_bad_alloc@@YAXXZ 10002428 f   LIBCMT:throw_bad_alloc.obj
 0001:00001445       ?__scrt_throw_std_bad_array_new_length@@YAXXZ 10002445 f   LIBCMT:throw_bad_alloc.obj
 0001:00001462       ?what@exception@std@@UBEPBDXZ 10002462 f i LIBCMT:throw_bad_alloc.obj
 0001:0000146f       ___isa_available_init      1000246f f   LIBCMT:cpu_disp.obj
 0001:0000163f       __get_startup_argv_mode    1000263f f   LIBCMT:argv_mode.obj
 0001:00001643       ___scrt_is_ucrt_dll_in_use 10002643 f   LIBCMT:ucrt_detection.obj
 0001:0000164f       ??3@YAXPAXI@Z              1000264f f   LIBCMT:delete_scalar_size.obj
 0001:0000165d       ??1type_info@@UAE@XZ       1000265d f   LIBCMT:std_type_info_static.obj
 0001:00001664       ??_Etype_info@@UAEPAXI@Z   10002664 f i LIBCMT:std_type_info_static.obj
 0001:00001664       ??_Gtype_info@@UAEPAXI@Z   10002664 f i LIBCMT:std_type_info_static.obj
 0001:00001687       ??3@YAXPAX@Z               10002687 f   LIBCMT:delete_scalar.obj
 0001:000016d0       __except_handler4          100026d0 f   libvcruntime:chandler4.obj
 0001:0000183c       ??$?RD@__crt_internal_free_policy@@QBEXQBD@Z 1000283c f i libvcruntime:std_type_info.obj
 0001:0000184c       ??$?RX@__crt_internal_free_policy@@QBEXQBX@Z 1000284c f i libvcruntime:std_type_info.obj
 0001:0000185c       ??$__crt_interlocked_compare_exchange_pointer@$$CBDPAD$$T@@YAPBDPDSBDQAD$$T@Z 1000285c f i libvcruntime:std_type_info.obj
 0001:0000186e       ??$__crt_interlocked_read_pointer@$$CBD@@YAPBDPDSBD@Z 1000286e f i libvcruntime:std_type_info.obj
 0001:00001878       ??0?$__crt_unique_heap_ptr@DU__crt_internal_free_policy@@@@QAE@QAD@Z 10002878 f i libvcruntime:std_type_info.obj
 0001:00001886       ??0?$__crt_unique_heap_ptr@XU__crt_internal_free_policy@@@@QAE@QAX@Z 10002886 f i libvcruntime:std_type_info.obj
 0001:00001894       ??1?$__crt_unique_heap_ptr@DU__crt_internal_free_policy@@@@QAE@XZ 10002894 f i libvcruntime:std_type_info.obj
 0001:000018a4       ??1?$__crt_unique_heap_ptr@XU__crt_internal_free_policy@@@@QAE@XZ 100028a4 f i libvcruntime:std_type_info.obj
 0001:000018b4       ??B?$__crt_unique_heap_ptr@DU__crt_internal_free_policy@@@@QBE_NXZ 100028b4 f i libvcruntime:std_type_info.obj
 0001:000018bb       ??B?$__crt_unique_heap_ptr@XU__crt_internal_free_policy@@@@QBE_NXZ 100028bb f i libvcruntime:std_type_info.obj
 0001:000018ee       ?__crt_interlocked_read_32@@YAHPDH@Z 100028ee f i libvcruntime:std_type_info.obj
 0001:000018f8       ?detach@?$__crt_unique_heap_ptr@XU__crt_internal_free_policy@@@@QAEPAXXZ 100028f8 f i libvcruntime:std_type_info.obj
 0001:000018fe       ?get@?$__crt_unique_heap_ptr@DU__crt_internal_free_policy@@@@QBEPADXZ 100028fe f i libvcruntime:std_type_info.obj
 0001:00001901       ?get@?$__crt_unique_heap_ptr@XU__crt_internal_free_policy@@@@QBEPAXXZ 10002901 f i libvcruntime:std_type_info.obj
 0001:00001904       ?is_valid@?$__crt_unique_heap_ptr@DU__crt_internal_free_policy@@@@QBE_NXZ 10002904 f i libvcruntime:std_type_info.obj
 0001:0000190b       ?is_valid@?$__crt_unique_heap_ptr@XU__crt_internal_free_policy@@@@QBE_NXZ 1000290b f i libvcruntime:std_type_info.obj
 0001:00001912       ?release@?$__crt_unique_heap_ptr@DU__crt_internal_free_policy@@@@QAEXXZ 10002912 f i libvcruntime:std_type_info.obj
 0001:00001922       ?release@?$__crt_unique_heap_ptr@XU__crt_internal_free_policy@@@@QAEXXZ 10002922 f i libvcruntime:std_type_info.obj
 0001:00001932       ___std_type_info_compare   10002932 f   libvcruntime:std_type_info.obj
 0001:0000196e       ___std_type_info_destroy_list 1000296e f   libvcruntime:std_type_info.obj
 0001:00001991       ___std_type_info_hash      10002991 f   libvcruntime:std_type_info.obj
 0001:000019b7       ___std_type_info_name      100029b7 f   libvcruntime:std_type_info.obj
 0001:00001a7c       ___vcrt_initialize         10002a7c f   libvcruntime:initialization.obj
 0001:00001a9b       ___vcrt_thread_attach      10002a9b f   libvcruntime:initialization.obj
 0001:00001aa6       ___vcrt_thread_detach      10002aa6 f   libvcruntime:initialization.obj
 0001:00001ab1       ___vcrt_uninitialize       10002ab1 f   libvcruntime:initialization.obj
 0001:00001ac8       ___vcrt_uninitialize_critical 10002ac8 f   libvcruntime:initialization.obj
 0001:00001ad1       ___DestructExceptionObject 10002ad1 f   libvcruntime:ehhelpers.obj
 0001:00001b72       ?_CallMemberFunction0@@YGXQAX0@Z 10002b72 f i libvcruntime:ehhelpers.obj
 0001:00001bd7       ?raw_name@type_info@@QBEPBDXZ 10002bd7 f i libvcruntime:ehhelpers.obj
 0001:00001bdb       __IsExceptionObjectToBeDestroyed 10002bdb f   libvcruntime:ehhelpers.obj
 0001:00001c01       __SetWinRTOutOfMemoryExceptionCallback 10002c01 f   libvcruntime:ehhelpers.obj
 0001:00001c0e       ___AdjustPointer           10002c0e f   libvcruntime:ehhelpers.obj
 0001:00001c33       ___FrameUnwindFilter       10002c33 f   libvcruntime:ehhelpers.obj
 0001:00001c89       ___GetPlatformExceptionInfo 10002c89 f   libvcruntime:ehhelpers.obj
 0001:00001cd5       ___current_exception       10002cd5 f   libvcruntime:ehhelpers.obj
 0001:00001cde       ___current_exception_context 10002cde f   libvcruntime:ehhelpers.obj
 0001:00001ce7       ___processing_throw        10002ce7 f   libvcruntime:ehhelpers.obj
 0001:00001cf0       ___std_terminate           10002cf0 f   libvcruntime:ehhelpers.obj
 0001:00001cf5       __is_exception_typeof      10002cf5 f   libvcruntime:ehhelpers.obj
 0001:00001da0       _memset                    10002da0 f   libvcruntime:memset.obj
 0001:00001efa       ??$?RD@__crt_public_free_policy@@QBEXQBD@Z 10002efa f i libvcruntime:std_exception.obj
 0001:00001f0a       ??0?$__crt_unique_heap_ptr@DU__crt_public_free_policy@@@@QAE@QAD@Z 10002f0a f i libvcruntime:std_exception.obj
 0001:00001f18       ??1?$__crt_unique_heap_ptr@DU__crt_public_free_policy@@@@QAE@XZ 10002f18 f i libvcruntime:std_exception.obj
 0001:00001f28       ??B?$__crt_unique_heap_ptr@DU__crt_public_free_policy@@@@QBE_NXZ 10002f28 f i libvcruntime:std_exception.obj
 0001:00001f2f       ?detach@?$__crt_unique_heap_ptr@DU__crt_public_free_policy@@@@QAEPADXZ 10002f2f f i libvcruntime:std_exception.obj
 0001:00001f35       ?get@?$__crt_unique_heap_ptr@DU__crt_public_free_policy@@@@QBEPADXZ 10002f35 f i libvcruntime:std_exception.obj
 0001:00001f38       ?is_valid@?$__crt_unique_heap_ptr@DU__crt_public_free_policy@@@@QBE_NXZ 10002f38 f i libvcruntime:std_exception.obj
 0001:00001f3f       ?release@?$__crt_unique_heap_ptr@DU__crt_public_free_policy@@@@QAEXXZ 10002f3f f i libvcruntime:std_exception.obj
 0001:00001f4f       ___std_exception_copy      10002f4f f   libvcruntime:std_exception.obj
 0001:00001fb2       ___std_exception_destroy   10002fb2 f   libvcruntime:std_exception.obj
 0001:00001fd1       __CxxThrowException@8      10002fd1 f   libvcruntime:throw.obj
 0001:00002040       __local_unwind4            10003040 f   libvcruntime:exsup4.obj
 0001:00002118       __seh_longjmp_unwind4@4    10003118 f   libvcruntime:exsup4.obj
 0001:00002140       @_EH4_CallFilterFunc@8     10003140 f   libvcruntime:exsup4.obj
 0001:00002158       @_EH4_TransferToHandler@8  10003158 f   libvcruntime:exsup4.obj
 0001:00002174       @_EH4_GlobalUnwind2@8      10003174 f   libvcruntime:exsup4.obj
 0001:00002190       @_EH4_LocalUnwind@16       10003190 f   libvcruntime:exsup4.obj
 0001:000021b2       ___except_validate_context_record 100031b2 f   libvcruntime:jbcxrval.obj
 0001:000021e2       ___except_validate_jump_buffer 100031e2 f   libvcruntime:jbcxrval.obj
 0001:0000220f       ___except_validate_jump_buffer_common 1000320f f i libvcruntime:jbcxrval.obj
 0001:00002248       ??$?0$00@DName@@QAE@PBDU?$StringLifeSelector@$00@@@Z 10003248 f i libvcruntime:undname.obj
 0001:0000227b       ??$?0$00@pcharNode@@QAE@PBDHU?$StringLifeSelector@$00@@@Z 1000327b f i libvcruntime:undname.obj
 0001:00002296       ??$?0$01@DName@@QAE@PBDU?$StringLifeSelector@$01@@@Z 10003296 f i libvcruntime:undname.obj
 0001:000022c9       ??$?0$01@pcharNode@@QAE@PBDHU?$StringLifeSelector@$01@@@Z 100032c9 f i libvcruntime:undname.obj
 0001:00002309       ??$?0$0A@@DName@@QAE@PBDU?$StringLifeSelector@$0A@@@@Z 10003309 f i libvcruntime:undname.obj
 0001:0000233c       ??$?0$0A@@pcharNode@@QAE@PBDHU?$StringLifeSelector@$0A@@@@Z 1000333c f i libvcruntime:undname.obj
 0001:0000237c       ??$append@VDNameNode@@@DName@@AAEXPBVDNameNode@@@Z 1000337c f i libvcruntime:undname.obj
 0001:000023bd       ??$append@VDNameStatusNode@@@DName@@AAEXPBVDNameStatusNode@@@Z 100033bd f i libvcruntime:undname.obj
 0001:000023fe       ??$append@VcharNode@@@DName@@AAEXPBVcharNode@@@Z 100033fe f i libvcruntime:undname.obj
 0001:0000243f       ??$append@VpDNameNode@@@DName@@AAEXPBVpDNameNode@@@Z 1000343f f i libvcruntime:undname.obj
 0001:00002480       ??$append@VpcharNode@@@DName@@AAEXPBVpcharNode@@@Z 10003480 f i libvcruntime:undname.obj
 0001:000024c1       ??$doPchar@$00@DName@@AAEXPBDH@Z 100034c1 f i libvcruntime:undname.obj
 0001:0000252c       ??$doPchar@$01@DName@@AAEXPBDH@Z 1000352c f i libvcruntime:undname.obj
 0001:0000259d       ??$doPchar@$0A@@DName@@AAEXPBDH@Z 1000359d f i libvcruntime:undname.obj
 0001:0000260e       ??0Block@_HeapManager@@QAE@XZ 1000360e f i libvcruntime:undname.obj
 0001:00002614       ??0DName@@QAE@AAPBDD@Z     10003614 f   libvcruntime:undname.obj
 0001:00002694       ??0DName@@QAE@ABUStringLiteral@@@Z 10003694 f   libvcruntime:undname.obj
 0001:000026bb       ??0DName@@QAE@ABV0@@Z      100036bb f i libvcruntime:undname.obj
 0001:000026d1       ??0DName@@QAE@D@Z          100036d1 f   libvcruntime:undname.obj
 0001:000026ed       ??0DName@@QAE@PAV0@@Z      100036ed f   libvcruntime:undname.obj
 0001:00002734       ??0DName@@QAE@W4DNameStatus@@@Z 10003734 f   libvcruntime:undname.obj
 0001:00002774       ??0DName@@QAE@XZ           10003774 f i libvcruntime:undname.obj
 0001:0000277e       ??0DName@@QAE@_J@Z         1000377e f   libvcruntime:undname.obj
 0001:0000280a       ??0DName@@QAE@_K@Z         1000380a f   libvcruntime:undname.obj
 0001:00002870       ??0DNameNode@@IAE@XZ       10003870 f i libvcruntime:undname.obj
 0001:00002879       ??0Replicator@@QAE@XZ      10003879 f i libvcruntime:undname.obj
 0001:00002888       ??0UnDecorator@@QAE@PBDP6APADJ@ZK@Z 10003888 f i libvcruntime:undname.obj
 0001:000028d4       ??0charNode@@QAE@D@Z       100038d4 f i libvcruntime:undname.obj
 0001:000028e9       ??0pDNameNode@@QAE@PAVDName@@@Z 100038e9 f   libvcruntime:undname.obj
 0001:00002911       ??0pairNode@@QAE@PBVDNameNode@@0@Z 10003911 f i libvcruntime:undname.obj
 0001:00002937       ??2@YAPAXIAAV_HeapManager@@H@Z 10003937 f   libvcruntime:undname.obj
 0001:00002956       ??4DName@@QAEAAV0@ABUStringLiteral@@@Z 10003956 f   libvcruntime:undname.obj
 0001:00002977       ??4DName@@QAEAAV0@ABV0@@Z  10003977 f   libvcruntime:undname.obj
 0001:0000298d       ??4DName@@QAEAAV0@D@Z      1000398d f i libvcruntime:undname.obj
 0001:000029a9       ??4DName@@QAEAAV0@PAV0@@Z  100039a9 f   libvcruntime:undname.obj
 0001:000029ec       ??4DName@@QAEAAV0@W4DNameStatus@@@Z 100039ec f   libvcruntime:undname.obj
 0001:00002a1e       ??AReplicator@@QBE?AVDName@@H@Z 10003a1e f   libvcruntime:undname.obj
 0001:00002a64       ??H@YA?AVDName@@ABUStringLiteral@@ABV0@@Z 10003a64 f i libvcruntime:undname.obj
 0001:00002a86       ??H@YA?AVDName@@DABV0@@Z   10003a86 f i libvcruntime:undname.obj
 0001:00002ab1       ??H@YA?AVDName@@W4DNameStatus@@ABV0@@Z 10003ab1 f i libvcruntime:undname.obj
 0001:00002ad3       ??HDName@@QBE?AV0@ABUStringLiteral@@@Z 10003ad3 f   libvcruntime:undname.obj
 0001:00002af5       ??HDName@@QBE?AV0@ABV0@@Z  10003af5 f   libvcruntime:undname.obj
 0001:00002b17       ??HDName@@QBE?AV0@D@Z      10003b17 f   libvcruntime:undname.obj
 0001:00002b39       ??HDName@@QBE?AV0@PAV0@@Z  10003b39 f   libvcruntime:undname.obj
 0001:00002b5b       ??HDName@@QBE?AV0@W4DNameStatus@@@Z 10003b5b f   libvcruntime:undname.obj
 0001:00002b7d       ??HStringLiteral@@QBE?AU0@H@Z 10003b7d f i libvcruntime:undname.obj
 0001:00002b97       ??YDName@@QAEAAV0@ABUStringLiteral@@@Z 10003b97 f   libvcruntime:undname.obj
 0001:00002bef       ??YDName@@QAEAAV0@ABV0@@Z  10003bef f   libvcruntime:undname.obj
 0001:00002c46       ??YDName@@QAEAAV0@D@Z      10003c46 f   libvcruntime:undname.obj
 0001:00002c9b       ??YDName@@QAEAAV0@PAV0@@Z  10003c9b f   libvcruntime:undname.obj
 0001:00002cff       ??YDName@@QAEAAV0@W4DNameStatus@@@Z 10003cff f   libvcruntime:undname.obj
 0001:00002d3f       ??YReplicator@@QAEAAV0@ABVDName@@@Z 10003d3f f   libvcruntime:undname.obj
 0001:00002d7d       ??_5DName@@QAEAAV0@ABV0@@Z 10003d7d f   libvcruntime:undname.obj
 0001:00002d99       ??__K_l@@YA?AUStringLiteral@@PBDI@Z 10003d99 f i libvcruntime:undname.obj
 0001:00002da4       ?Constructor@_HeapManager@@QAEXP6APAXI@ZP6AXPAX@Z@Z 10003da4 f i libvcruntime:undname.obj
 0001:00002dc1       ?Destructor@_HeapManager@@QAEXXZ 10003dc1 f i libvcruntime:undname.obj
 0001:00002e08       ?UScore@UnDecorator@@SA?AUStringLiteral@@W4Tokens@@@Z 10003e08 f   libvcruntime:undname.obj
 0001:00002e2f       ?composeDeclaration@UnDecorator@@CA?AVDName@@ABV2@@Z 10003e2f f i libvcruntime:undname.obj
 0001:00003b62       ?doAccessSpecifiers@UnDecorator@@SAHXZ 10004b62 f i libvcruntime:undname.obj
 0001:00003b70       ?doAllocationLanguage@UnDecorator@@SAHXZ 10004b70 f i libvcruntime:undname.obj
 0001:00003b7e       ?doAllocationModel@UnDecorator@@SAHXZ 10004b7e f i libvcruntime:undname.obj
 0001:00003b8c       ?doEcsu@UnDecorator@@SAHXZ 10004b8c f i libvcruntime:undname.obj
 0001:00003b9a       ?doEllipsis@UnDecorator@@SAHXZ 10004b9a f i libvcruntime:undname.obj
 0001:00003ba8       ?doFunctionReturns@UnDecorator@@SAHXZ 10004ba8 f i libvcruntime:undname.obj
 0001:00003bb6       ?doMSKeywords@UnDecorator@@SAHXZ 10004bb6 f i libvcruntime:undname.obj
 0001:00003bc3       ?doMemberTypes@UnDecorator@@SAHXZ 10004bc3 f i libvcruntime:undname.obj
 0001:00003bd1       ?doNameOnly@UnDecorator@@SAHXZ 10004bd1 f i libvcruntime:undname.obj
 0001:00003bdc       ?doNoIdentCharCheck@UnDecorator@@SAHXZ 10004bdc f i libvcruntime:undname.obj
 0001:00003be7       ?doPchar@DName@@AAEXD@Z    10004be7 f   libvcruntime:undname.obj
 0001:00003c1f       ?doPtr64@UnDecorator@@SAHXZ 10004c1f f i libvcruntime:undname.obj
 0001:00003c2d       ?doRestrictionSpec@UnDecorator@@SAHXZ 10004c2d f i libvcruntime:undname.obj
 0001:00003c3b       ?doThisTypes@UnDecorator@@SAHXZ 10004c3b f i libvcruntime:undname.obj
 0001:00003c4d       ?doThrowTypes@UnDecorator@@SAHXZ 10004c4d f i libvcruntime:undname.obj
 0001:00003c5b       ?doTypeOnly@UnDecorator@@SAHXZ 10004c5b f i libvcruntime:undname.obj
 0001:00003c66       ?doUnderScore@UnDecorator@@SAHXZ 10004c66 f i libvcruntime:undname.obj
 0001:00003c71       ?getArgumentList@UnDecorator@@CA?AVDName@@XZ 10004c71 f   libvcruntime:undname.obj
 0001:00003d7e       ?getArgumentTypes@UnDecorator@@CA?AVDName@@XZ 10004d7e f   libvcruntime:undname.obj
 0001:00003e97       ?getArrayType@UnDecorator@@CA?AVDName@@ABV2@@Z 10004e97 f i libvcruntime:undname.obj
 0001:00004034       ?getBasedType@UnDecorator@@CA?AVDName@@XZ 10005034 f   libvcruntime:undname.obj
 0001:000040ef       ?getBasicDataType@UnDecorator@@CA?AVDName@@ABV2@@Z 100050ef f   libvcruntime:undname.obj
 0001:000045e2       ?getCHPEName@UnDecorator@@QAEPADPADH@Z 100055e2 f i libvcruntime:undname.obj
 0001:000046bf       ?getCallIndex@UnDecorator@@CA?AVDName@@XZ 100056bf f i libvcruntime:undname.obj
 0001:000046d3       ?getCallingConvention@UnDecorator@@CA?AVDName@@XZ 100056d3 f   libvcruntime:undname.obj
 0001:000047b0       ?getDataIndirectType@UnDecorator@@CA?AVDName@@ABV2@W4IndirectionKind@@0H@Z 100057b0 f   libvcruntime:undname.obj
 0001:00004e46       ?getDataIndirectType@UnDecorator@@CA?AVDName@@XZ 10005e46 f i libvcruntime:undname.obj
 0001:00004e74       ?getDataType@UnDecorator@@CA?AVDName@@PAV2@@Z 10005e74 f   libvcruntime:undname.obj
 0001:00004f4b       ?getDecoratedName@UnDecorator@@CA?AVDName@@XZ 10005f4b f   libvcruntime:undname.obj
 0001:000051b5       ?getDimension@UnDecorator@@CA?AVDName@@_N@Z 100061b5 f   libvcruntime:undname.obj
 0001:000052f5       ?getDispatchTarget@UnDecorator@@CA?AVDName@@XZ 100062f5 f   libvcruntime:undname.obj
 0001:00005349       ?getDisplacement@UnDecorator@@CA?AVDName@@XZ 10006349 f i libvcruntime:undname.obj
 0001:0000535d       ?getECSUDataType@UnDecorator@@CA?AVDName@@XZ 1000635d f   libvcruntime:undname.obj
 0001:000054ed       ?getECSUName@UnDecorator@@CA?AVDName@@XZ 100064ed f i libvcruntime:undname.obj
 0001:000054fe       ?getEnumType@UnDecorator@@CA?AVDName@@XZ 100064fe f i libvcruntime:undname.obj
 0001:0000561e       ?getExtendedDataIndirectType@UnDecorator@@CA?AVDName@@AAW4IndirectionKind@@AA_NH@Z 1000661e f   libvcruntime:undname.obj
 0001:000057d1       ?getExternalDataType@UnDecorator@@CA?AVDName@@ABV2@@Z 100067d1 f i libvcruntime:undname.obj
 0001:00005836       ?getFunctionIndirectType@UnDecorator@@CA?AVDName@@ABV2@@Z 10006836 f   libvcruntime:undname.obj
 0001:00005bef       ?getGuardNumber@UnDecorator@@CA?AVDName@@XZ 10006bef f i libvcruntime:undname.obj
 0001:00005c03       ?getLastChar@DName@@QBEDXZ 10006c03 f i libvcruntime:undname.obj
 0001:00005c23       ?getLastChar@DNameStatusNode@@UBEDXZ 10006c23 f i libvcruntime:undname.obj
 0001:00005c2f       ?getLastChar@charNode@@UBEDXZ 10006c2f f i libvcruntime:undname.obj
 0001:00005c33       ?getLastChar@pDNameNode@@UBEDXZ 10006c33 f i libvcruntime:undname.obj
 0001:00005c41       ?getLastChar@pairNode@@UBEDXZ 10006c41 f i libvcruntime:undname.obj
 0001:00005c76       ?getLastChar@pcharNode@@UBEDXZ 10006c76 f i libvcruntime:undname.obj
 0001:00005c88       ?getLexicalFrame@UnDecorator@@CA?AVDName@@XZ 10006c88 f i libvcruntime:undname.obj
 0001:00005cb9       ?getMemoryWithBuffer@_HeapManager@@QAEPAXI@Z 10006cb9 f   libvcruntime:undname.obj
 0001:00005d23       ?getMemoryWithoutBuffer@_HeapManager@@QAEPAXI@Z 10006d23 f   libvcruntime:undname.obj
 0001:00005d43       ?getNoexcept@UnDecorator@@CA?AVDName@@XZ 10006d43 f   libvcruntime:undname.obj
 0001:00005d97       ?getNumberOfDimensions@UnDecorator@@CAHXZ 10006d97 f   libvcruntime:undname.obj
 0001:00005df8       ?getOperatorName@UnDecorator@@CA?AVDName@@_NPA_N@Z 10006df8 f i libvcruntime:undname.obj
 0001:00006479       ?getPointerType@UnDecorator@@CA?AVDName@@ABV2@0@Z 10007479 f i libvcruntime:undname.obj
 0001:00006494       ?getPointerTypeArray@UnDecorator@@CA?AVDName@@ABV2@0@Z 10007494 f i libvcruntime:undname.obj
 0001:000064af       ?getPrimaryDataType@UnDecorator@@CA?AVDName@@ABV2@@Z 100074af f   libvcruntime:undname.obj
 0001:000066ce       ?getPtrRefDataType@UnDecorator@@CA?AVDName@@ABV2@H@Z 100076ce f   libvcruntime:undname.obj
 0001:0000683b       ?getPtrRefType@UnDecorator@@CA?AVDName@@ABV2@0W4IndirectionKind@@@Z 1000783b f   libvcruntime:undname.obj
 0001:0000694c       ?getReferenceType@UnDecorator@@CA?AVDName@@ABV2@0W4IndirectionKind@@@Z 1000794c f i libvcruntime:undname.obj
 0001:00006968       ?getRestrictionSpec@UnDecorator@@CA?AVDName@@XZ 10007968 f   libvcruntime:undname.obj
 0001:00006a91       ?getReturnType@UnDecorator@@CA?AVDName@@PAV2@@Z 10007a91 f   libvcruntime:undname.obj
 0001:00006ac0       ?getScope@UnDecorator@@CA?AVDName@@XZ 10007ac0 f   libvcruntime:undname.obj
 0001:00006e72       ?getScopedName@UnDecorator@@CA?AVDName@@XZ 10007e72 f   libvcruntime:undname.obj
 0001:00006f5d       ?getSignedDimension@UnDecorator@@CA?AVDName@@XZ 10007f5d f   libvcruntime:undname.obj
 0001:00006fae       ?getStorageConvention@UnDecorator@@CA?AVDName@@XZ 10007fae f i libvcruntime:undname.obj
 0001:00006fbf       ?getString@DName@@QBEPADPAD0@Z 10007fbf f i libvcruntime:undname.obj
 0001:00006fec       ?getString@DName@@QBEPADPADH@Z 10007fec f i libvcruntime:undname.obj
 0001:00007041       ?getString@DNameStatusNode@@UBEPADPAD0@Z 10008041 f i libvcruntime:undname.obj
 0001:00007087       ?getString@charNode@@UBEPADPAD0@Z 10008087 f i libvcruntime:undname.obj
 0001:0000709c       ?getString@pDNameNode@@UBEPADPAD0@Z 1000809c f i libvcruntime:undname.obj
 0001:000070b3       ?getString@pairNode@@UBEPADPAD0@Z 100080b3 f i libvcruntime:undname.obj
 0001:000070f9       ?getString@pcharNode@@UBEPADPAD0@Z 100080f9 f i libvcruntime:undname.obj
 0001:00007114       ?getStringEncoding@UnDecorator@@CA?AVDName@@W4PrefixKind@@H@Z 10008114 f   libvcruntime:undname.obj
 0001:000071cc       ?getStringHelper@@YAPADPADPBD1H@Z 100081cc f i libvcruntime:undname.obj
 0001:000071f6       ?getSymbolName@UnDecorator@@CA?AVDName@@XZ 100081f6 f i libvcruntime:undname.obj
 0001:0000723e       ?getTemplateArgumentList@UnDecorator@@CA?AVDName@@XZ 1000823e f   libvcruntime:undname.obj
 0001:000073f9       ?getTemplateName@UnDecorator@@CA?AVDName@@_N@Z 100083f9 f   libvcruntime:undname.obj
 0001:0000755a       ?getTemplateNonTypeArgument@UnDecorator@@CA?AVDName@@XZ 1000855a f   libvcruntime:undname.obj
 0001:0000790f       ?getTemplateTypeArgument@UnDecorator@@CA?AVDName@@XZ 1000890f f   libvcruntime:undname.obj
 0001:00007a15       ?getThisType@UnDecorator@@CA?AVDName@@XZ 10008a15 f i libvcruntime:undname.obj
 0001:00007a44       ?getThrowTypes@UnDecorator@@CA?AVDName@@XZ 10008a44 f   libvcruntime:undname.obj
 0001:00007a67       ?getTypeEncoding@UnDecorator@@CAHXZ 10008a67 f i libvcruntime:undname.obj
 0001:00007d97       ?getUndecoratedName@UnDecorator@@QAEPADPADH@Z 10008d97 f i libvcruntime:undname.obj
 0001:00007eb6       ?getVCallThunkType@UnDecorator@@CA?AVDName@@XZ 10008eb6 f i libvcruntime:undname.obj
 0001:00007f0c       ?getVbTableType@UnDecorator@@CA?AVDName@@ABV2@@Z 10008f0c f i libvcruntime:undname.obj
 0001:00007f21       ?getVdispMapType@UnDecorator@@CA?AVDName@@ABV2@@Z 10008f21 f i libvcruntime:undname.obj
 0001:00007f82       ?getVfTableType@UnDecorator@@CA?AVDName@@ABV2@@Z 10008f82 f i libvcruntime:undname.obj
 0001:000080d8       ?getZName@UnDecorator@@CA?AVDName@@_N0@Z 100090d8 f   libvcruntime:undname.obj
 0001:000082ed       ?haveTemplateParameters@UnDecorator@@SAHXZ 100092ed f i libvcruntime:undname.obj
 0001:000082f8       ?isArray@DName@@QBEHXZ     100092f8 f i libvcruntime:undname.obj
 0001:00008302       ?isComArray@DName@@QBEHXZ  10009302 f i libvcruntime:undname.obj
 0001:0000830c       ?isEmpty@DName@@QBEHXZ     1000930c f i libvcruntime:undname.obj
 0001:00008314       ?isFull@Replicator@@QBEHXZ 10009314 f i libvcruntime:undname.obj
 0001:0000831d       ?isNoTE@DName@@QBEHXZ      1000931d f i libvcruntime:undname.obj
 0001:00008327       ?isPinPtr@DName@@QBEHXZ    10009327 f i libvcruntime:undname.obj
 0001:00008331       ?isPtrRef@DName@@QBEHXZ    10009331 f i libvcruntime:undname.obj
 0001:0000833b       ?isUDC@DName@@QBEHXZ       1000933b f i libvcruntime:undname.obj
 0001:0000834c       ?isUDTThunk@DName@@QBEHXZ  1000934c f i libvcruntime:undname.obj
 0001:0000835d       ?isVCallThunk@DName@@QBEHXZ 1000935d f i libvcruntime:undname.obj
 0001:00008367       ?isValid@DName@@QBEHXZ     10009367 f i libvcruntime:undname.obj
 0001:00008371       ?length@DName@@QBEHXZ      10009371 f i libvcruntime:undname.obj
 0001:00008390       ?length@DNameStatusNode@@UBEHXZ 10009390 f i libvcruntime:undname.obj
 0001:00008394       ?length@charNode@@UBEHXZ   10009394 f i libvcruntime:undname.obj
 0001:00008398       ?length@pDNameNode@@UBEHXZ 10009398 f i libvcruntime:undname.obj
 0001:000083a6       ?length@pairNode@@UBEHXZ   100093a6 f i libvcruntime:undname.obj
 0001:000083ef       ?length@pcharNode@@UBEHXZ  100093ef f i libvcruntime:undname.obj
 0001:000083f3       ?make@DNameStatusNode@@SAPBV1@W4DNameStatus@@@Z 100093f3 f i libvcruntime:undname.obj
 0001:0000840f       ?parseDecoratedName@UnDecorator@@CA?AVDName@@XZ 1000940f f   libvcruntime:undname.obj
 0001:00008509       ?raw_length@DNameStatusNode@@UBEHXZ 10009509 f i libvcruntime:undname.obj
 0001:0000850d       ?raw_length@charNode@@UBEHXZ 1000950d f i libvcruntime:undname.obj
 0001:00008511       ?raw_length@pDNameNode@@UBEHXZ 10009511 f i libvcruntime:undname.obj
 0001:00008515       ?raw_length@pairNode@@UBEHXZ 10009515 f i libvcruntime:undname.obj
 0001:00008519       ?raw_length@pcharNode@@UBEHXZ 10009519 f i libvcruntime:undname.obj
 0001:0000851d       ?setIsArray@DName@@QAEXXZ  1000951d f i libvcruntime:undname.obj
 0001:00008525       ?setIsComArray@DName@@QAEXXZ 10009525 f i libvcruntime:undname.obj
 0001:0000852d       ?setIsNoTE@DName@@QAEXXZ   1000952d f i libvcruntime:undname.obj
 0001:00008535       ?setIsPinPtr@DName@@QAEXXZ 10009535 f i libvcruntime:undname.obj
 0001:0000853d       ?setIsUDC@DName@@QAEXXZ    1000953d f i libvcruntime:undname.obj
 0001:0000854a       ?setIsVCallThunk@DName@@QAEXXZ 1000954a f i libvcruntime:undname.obj
 0001:00008552       ?setPtrRef@DName@@QAEAAV1@XZ 10009552 f i libvcruntime:undname.obj
 0001:0000855c       ?status@DName@@QBE?AW4DNameStatus@@XZ 1000955c f i libvcruntime:undname.obj
 0001:000085c8       ___unDName                 100095c8 f   libvcruntime:undname.obj
 0001:000085eb       ___unDNameEx               100095eb f   libvcruntime:undname.obj
 0001:0000868a       __vsprintf_s_l             1000968a f i libvcruntime:undname.obj
 0001:000086b7       _sprintf_s                 100096b7 f i libvcruntime:undname.obj
 0001:000086d3       _unDNameGenerateCHPE       100096d3 f   libvcruntime:undname.obj
 0001:00008770       ??$?RU__vcrt_ptd@@@__crt_internal_free_policy@@QBEXQBU__vcrt_ptd@@@Z 10009770 f i libvcruntime:per_thread_data.obj
 0001:00008780       ??0?$__crt_unique_heap_ptr@U__vcrt_ptd@@U__crt_internal_free_policy@@@@QAE@QAU__vcrt_ptd@@@Z 10009780 f i libvcruntime:per_thread_data.obj
 0001:0000879d       ??1?$__crt_unique_heap_ptr@U__vcrt_ptd@@U__crt_internal_free_policy@@@@QAE@XZ 1000979d f i libvcruntime:per_thread_data.obj
 0001:000087b6       ??B?$__crt_unique_heap_ptr@U__vcrt_ptd@@U__crt_internal_free_policy@@@@QBE_NXZ 100097b6 f i libvcruntime:per_thread_data.obj
 0001:000087bd       ?detach@?$__crt_unique_heap_ptr@U__vcrt_ptd@@U__crt_internal_free_policy@@@@QAEPAU__vcrt_ptd@@XZ 100097bd f i libvcruntime:per_thread_data.obj
 0001:000087c3       ?get@?$__crt_unique_heap_ptr@U__vcrt_ptd@@U__crt_internal_free_policy@@@@QBEPAU__vcrt_ptd@@XZ 100097c3 f i libvcruntime:per_thread_data.obj
 0001:000087c6       ?is_valid@?$__crt_unique_heap_ptr@U__vcrt_ptd@@U__crt_internal_free_policy@@@@QBE_NXZ 100097c6 f i libvcruntime:per_thread_data.obj
 0001:000087cd       ?release@?$__crt_unique_heap_ptr@U__vcrt_ptd@@U__crt_internal_free_policy@@@@QAEXXZ 100097cd f i libvcruntime:per_thread_data.obj
 0001:000087f7       ___vcrt_freefls@4          100097f7 f   libvcruntime:per_thread_data.obj
 0001:00008813       ___vcrt_freeptd            10009813 f   libvcruntime:per_thread_data.obj
 0001:00008849       ___vcrt_getptd             10009849 f   libvcruntime:per_thread_data.obj
 0001:00008857       ___vcrt_getptd_noexit      10009857 f   libvcruntime:per_thread_data.obj
 0001:000088e9       ___vcrt_getptd_noinit      100098e9 f   libvcruntime:per_thread_data.obj
 0001:00008920       ___vcrt_initialize_ptd     10009920 f   libvcruntime:per_thread_data.obj
 0001:00008953       ___vcrt_uninitialize_ptd   10009953 f   libvcruntime:per_thread_data.obj
 0001:0000896e       ___vcrt_initialize_locks   1000996e f   libvcruntime:locks.obj
 0001:000089aa       ___vcrt_lock               100099aa f   libvcruntime:locks.obj
 0001:000089bf       ___vcrt_uninitialize_locks 100099bf f   libvcruntime:locks.obj
 0001:000089ee       ___vcrt_unlock             100099ee f   libvcruntime:locks.obj
 0001:00008a10       __global_unwind2           10009a10 f   libvcruntime:exsup.obj
 0001:00008a76       __local_unwind2            10009a76 f   libvcruntime:exsup.obj
 0001:00008afa       __abnormal_termination     10009afa f   libvcruntime:exsup.obj
 0001:00008b20       __NLG_Notify1              10009b20 f   libvcruntime:exsup.obj
 0001:00008b2c       __NLG_Notify               10009b2c f   libvcruntime:exsup.obj
 0001:00008b43       __NLG_Dispatch2            10009b43     libvcruntime:exsup.obj
 0001:00008b43       __NLG_Dispatch             10009b43     libvcruntime:exsup.obj
 0001:00008b4b       __NLG_Call                 10009b4b f   libvcruntime:exsup.obj
 0001:00008b4d       __NLG_Return2              10009b4d     libvcruntime:exsup.obj
 0001:00008b4e       ??$__crt_interlocked_exchange_pointer@$$A6AXXZP6AXXZ@@YAP6AXXZPDS6AXXZQ6AXXZ@Z 10009b4e f i libvcruntime:purevirt.obj
 0001:00008b5b       ??$__crt_interlocked_read_pointer@$$A6AXXZ@@YAP6AXXZPDS6AXXZ@Z 10009b5b f i libvcruntime:purevirt.obj
 0001:00008b65       __get_purecall_handler     10009b65 f   libvcruntime:purevirt.obj
 0001:00008b6b       __purecall                 10009b6b f   libvcruntime:purevirt.obj
 0001:00008b87       __set_purecall_handler     10009b87 f   libvcruntime:purevirt.obj
 0001:00008b96       ??$?0AAViterator@TryBlockMap@__FrameHandler3@@AAV012@$0A@@?$pair@Viterator@TryBlockMap@__FrameHandler3@@V123@@std@@QAE@AAViterator@TryBlockMap@__FrameHandler3@@0@Z 10009b96 f i libvcruntime:trnsctrl.obj
 0001:00008bba       ??$forward@AAViterator@TryBlockMap@__FrameHandler3@@@std@@YAAAViterator@TryBlockMap@__FrameHandler3@@AAV123@@Z 10009bba f i libvcruntime:trnsctrl.obj
 0001:00008bc2       ??0iterator@TryBlockMap@__FrameHandler3@@QAE@AAV12@I@Z 10009bc2 f i libvcruntime:trnsctrl.obj
 0001:00008bd6       ?GetRangeOfTrysToCheck@__FrameHandler3@@SA?AU?$pair@Viterator@TryBlockMap@__FrameHandler3@@V123@@std@@AAVTryBlockMap@1@HPAXPBU_s_FuncInfo@@H@Z 10009bd6 f   libvcruntime:trnsctrl.obj
 0001:00008c46       ?_CallCatchBlock2@@YAPAXPAUEHRegistrationNode@@PBU_s_FuncInfo@@PAXHK@Z 10009c46 f   libvcruntime:trnsctrl.obj
 0001:00008ca4       ?_CallSETranslator@@YAHPAUEHExceptionRecord@@PAUEHRegistrationNode@@PAX2PBU_s_FuncInfo@@H1@Z 10009ca4 f   libvcruntime:trnsctrl.obj
 0001:00008d8a       ?_JumpToContinuation@@YGXPAXPAUEHRegistrationNode@@@Z 10009d8a f   libvcruntime:trnsctrl.obj
 0001:00008dba       ?_UnwindNestedFrames@@YGXPAUEHRegistrationNode@@PAUEHExceptionRecord@@@Z 10009dba f   libvcruntime:trnsctrl.obj
 0001:00008e0d       __CatchGuardHandler        10009e0d f   libvcruntime:trnsctrl.obj
 0001:00008e3e       __CreateFrameInfo          10009e3e f   libvcruntime:trnsctrl.obj
 0001:00008e62       __FindAndUnlinkFrame       10009e62 f   libvcruntime:trnsctrl.obj
 0001:00008eaa       __TranslatorGuardHandler   10009eaa f   libvcruntime:trnsctrl.obj
 0001:00008f47       ___CxxFrameHandler         10009f47 f   libvcruntime:trnsctrl.obj
 0001:00008f7d       ___CxxFrameHandler2        10009f7d f   libvcruntime:trnsctrl.obj
 0001:00008fb3       ___CxxFrameHandler3        10009fb3 f   libvcruntime:trnsctrl.obj
 0001:00008fe9       ___CxxLongjmpUnwind@4      10009fe9 f   libvcruntime:trnsctrl.obj
 0001:00009010       _memcpy                    1000a010 f   libvcruntime:memcpy.obj
 0001:00009584       ??$__crt_interlocked_exchange_pointer@UHINSTANCE__@@PAU1@@@YAPAUHINSTANCE__@@PDSAU0@QAU0@@Z 1000a584 f i libvcruntime:winapi_downlevel.obj
 0001:00009591       ??$__crt_interlocked_exchange_pointer@UHINSTANCE__@@PAX@@YAPAUHINSTANCE__@@PDSAU0@QAX@Z 1000a591 f i libvcruntime:winapi_downlevel.obj
 0001:0000959e       ??$__crt_interlocked_exchange_pointer@XPAX@@YAPAXPDSAXQAX@Z 1000a59e f i libvcruntime:winapi_downlevel.obj
 0001:000095ab       ??$__crt_interlocked_read_pointer@UHINSTANCE__@@@@YAPAUHINSTANCE__@@PDSAU0@@Z 1000a5ab f i libvcruntime:winapi_downlevel.obj
 0001:000095b5       ??$__crt_interlocked_read_pointer@X@@YAPAXPDSAX@Z 1000a5b5 f i libvcruntime:winapi_downlevel.obj
 0001:000097e4       ___vcrt_FlsAlloc           1000a7e4 f   libvcruntime:winapi_downlevel.obj
 0001:0000981f       ___vcrt_FlsFree            1000a81f f   libvcruntime:winapi_downlevel.obj
 0001:0000985a       ___vcrt_FlsGetValue        1000a85a f   libvcruntime:winapi_downlevel.obj
 0001:00009895       ___vcrt_FlsSetValue        1000a895 f   libvcruntime:winapi_downlevel.obj
 0001:000098d3       ___vcrt_InitializeCriticalSectionEx 1000a8d3 f   libvcruntime:winapi_downlevel.obj
 0001:0000a05d       ??$TypeMatchHelper@V__FrameHandler3@@@@YAHPBU_s_HandlerType@@PBU_s_CatchableType@@PBU_s_ThrowInfo@@@Z 1000b05d f i libvcruntime:frame.obj
 0001:0000a0eb       ??$__InternalCxxFrameHandler@V__FrameHandler3@@@@YA?AW4_EXCEPTION_DISPOSITION@@PAUEHExceptionRecord@@PAUEHRegistrationNode@@PAU_CONTEXT@@PAXPBU_s_FuncInfo@@H1E@Z 1000b0eb f i libvcruntime:frame.obj
 0001:0000a1ed       ??0HandlerMap@__FrameHandler3@@QAE@PBU_s_TryBlockMapEntry@@II@Z 1000b1ed f i libvcruntime:frame.obj
 0001:0000a204       ??0TryBlockMap@__FrameHandler3@@QAE@PBU_s_FuncInfo@@I@Z 1000b204 f i libvcruntime:frame.obj
 0001:0000a218       ??0bad_exception@std@@QAE@ABV01@@Z 1000b218 f i libvcruntime:frame.obj
 0001:0000a233       ??0bad_exception@std@@QAE@XZ 1000b233 f i libvcruntime:frame.obj
 0001:0000a24b       ??0iterator@HandlerMap@__FrameHandler3@@QAE@AAV12@I@Z 1000b24b f i libvcruntime:frame.obj
 0001:0000a25f       ??1bad_exception@std@@UAE@XZ 1000b25f f i libvcruntime:frame.obj
 0001:0000a270       ??8iterator@HandlerMap@__FrameHandler3@@QBE_NABV012@@Z 1000b270 f i libvcruntime:frame.obj
 0001:0000a283       ??8type_info@@QBE_NABV0@@Z 1000b283 f i libvcruntime:frame.obj
 0001:0000a2a2       ??9iterator@HandlerMap@__FrameHandler3@@QBE_NABV012@@Z 1000b2a2 f i libvcruntime:frame.obj
 0001:0000a2b5       ??Diterator@HandlerMap@__FrameHandler3@@QAE?BU_s_HandlerType@@XZ 1000b2b5 f i libvcruntime:frame.obj
 0001:0000a2d4       ??Diterator@TryBlockMap@__FrameHandler3@@QAE?BU_s_TryBlockMapEntry@@XZ 1000b2d4 f i libvcruntime:frame.obj
 0001:0000a2f6       ??Eiterator@HandlerMap@__FrameHandler3@@QAEAAV012@XZ 1000b2f6 f i libvcruntime:frame.obj
 0001:0000a2fc       ??Eiterator@TryBlockMap@__FrameHandler3@@QAEAAV012@XZ 1000b2fc f i libvcruntime:frame.obj
 0001:0000a302       ??Miterator@TryBlockMap@__FrameHandler3@@QBE_NABV012@@Z 1000b302 f i libvcruntime:frame.obj
 0001:0000a315       ??_Gbad_exception@std@@UAEPAXI@Z 1000b315 f i libvcruntime:frame.obj
 0001:0000a315       ??_Ebad_exception@std@@UAEPAXI@Z 1000b315 f i libvcruntime:frame.obj
 0001:0000a342       ?BuildCatchObject@__FrameHandler3@@SAXPAUEHExceptionRecord@@PAXPBU_s_HandlerType@@PBU_s_CatchableType@@@Z 1000b342 f   libvcruntime:frame.obj
 0001:0000a347       ?BuildCatchObjectHelper@__FrameHandler3@@SAHPAUEHExceptionRecord@@PAXPBU_s_HandlerType@@PBU_s_CatchableType@@@Z 1000b347 f   libvcruntime:frame.obj
 0001:0000a598       ?FrameUnwindToEmptyState@__FrameHandler3@@SAXPAUEHRegistrationNode@@PAXPBU_s_FuncInfo@@@Z 1000b598 f   libvcruntime:frame.obj
 0001:0000a5b0       ?FrameUnwindToState@__FrameHandler3@@SAXPAUEHRegistrationNode@@PAXPBU_s_FuncInfo@@H@Z 1000b5b0 f   libvcruntime:frame.obj
 0001:0000a698       ?GetMaxState@__FrameHandler3@@SAHPAXPBU_s_FuncInfo@@@Z 1000b698 f i libvcruntime:frame.obj
 0001:0000a776       ?TypeMatch@__FrameHandler3@@SAHPBU_s_HandlerType@@PBU_s_CatchableType@@PBU_s_ThrowInfo@@@Z 1000b776 f   libvcruntime:frame.obj
 0001:0000a77f       ?_CallMemberFunction1@@YGXQAX00@Z 1000b77f f i libvcruntime:frame.obj
 0001:0000a78f       ?_CallMemberFunction2@@YGXQAX00H@Z 1000b78f f i libvcruntime:frame.obj
 0001:0000a7a2       ?begin@HandlerMap@__FrameHandler3@@QAE?AViterator@12@XZ 1000b7a2 f i libvcruntime:frame.obj
 0001:0000a7b2       ?end@HandlerMap@__FrameHandler3@@QAE?AViterator@12@XZ 1000b7b2 f i libvcruntime:frame.obj
 0001:0000a7c3       ?getESTypes@__FrameHandler3@@SAPBU_s_ESTypeList@@PBU_s_FuncInfo@@@Z 1000b7c3 f i libvcruntime:frame.obj
 0001:0000a7ce       ?getLastEntry@HandlerMap@__FrameHandler3@@QAEPBU_s_HandlerType@@XZ 1000b7ce f i libvcruntime:frame.obj
 0001:0000a7dc       ?getMagicNum@__FrameHandler3@@SAIPBU_s_FuncInfo@@@Z 1000b7dc f i libvcruntime:frame.obj
 0001:0000a7eb       ?getNumTryBlocks@TryBlockMap@__FrameHandler3@@QAEIXZ 1000b7eb f i libvcruntime:frame.obj
 0001:0000a7f1       ?isEHs@__FrameHandler3@@SA_NPBU_s_FuncInfo@@@Z 1000b7f1 f i libvcruntime:frame.obj
 0001:0000a7fe       ?isNoExcept@__FrameHandler3@@SA_NPBU_s_FuncInfo@@@Z 1000b7fe f i libvcruntime:frame.obj
 0001:0000a80e       ___BuildCatchObject        1000b80e f   libvcruntime:frame.obj
 0001:0000a813       ___BuildCatchObjectHelper  1000b813 f   libvcruntime:frame.obj
 0001:0000a81c       ___TypeMatch               1000b81c f   libvcruntime:frame.obj
 0001:0000a825       ___vcrt_EncodePointer      1000b825 f i libvcruntime:frame.obj
 0001:0000a840       __CallSettingFrame@12      1000b840 f   libvcruntime:lowhelpr.obj
 0001:0000a867       __NLG_Return               1000b867     libvcruntime:lowhelpr.obj
 0001:0000a8a0       __get_unexpected           1000b8a0 f   libvcruntime:unexpected.obj
 0001:0000a8b2       _set_unexpected            1000b8b2 f   libvcruntime:unexpected.obj
 0001:0000a8d0       _unexpected                1000b8d0 f   libvcruntime:unexpected.obj
 0001:0000a8ed       ?GetCurrentState@__FrameHandler3@@SAHPAUEHRegistrationNode@@PAXPBU_s_FuncInfo@@@Z 1000b8ed f   libvcruntime:ehstate.obj
 0001:0000a90a       ?SetState@__FrameHandler3@@SAXPAUEHRegistrationNode@@PBU_s_FuncInfo@@H@Z 1000b90a f   libvcruntime:ehstate.obj
 0001:0000a920       _memmove                   1000b920 f   libvcruntime:memmove.obj
 0001:0000ae94       ??$__crt_interlocked_read@J@@YAJPDJ@Z 1000be94 f i libucrt:fclose.obj
 0001:0000aea1       ??0__crt_stdio_stream@@QAE@QAU_iobuf@@@Z 1000bea1 f i libucrt:fclose.obj
 0001:0000aeb1       ??C__crt_stdio_stream@@QBEPAU__crt_stdio_stream_data@@XZ 1000beb1 f i libucrt:fclose.obj
 0001:0000aeb4       ?get_flags@__crt_stdio_stream@@QBEJXZ 1000beb4 f i libucrt:fclose.obj
 0001:0000aebb       ?is_in_use@__crt_stdio_stream@@QBE_NXZ 1000bebb f i libucrt:fclose.obj
 0001:0000aec7       ?is_string_backed@__crt_stdio_stream@@QBE_NXZ 1000bec7 f i libucrt:fclose.obj
 0001:0000aed3       ?public_stream@__crt_stdio_stream@@QBEPAU_iobuf@@XZ 1000bed3 f i libucrt:fclose.obj
 0001:0000aed6       ?valid@__crt_stdio_stream@@QBE_NXZ 1000bed6 f i libucrt:fclose.obj
 0001:0000aedd       __fclose_nolock            1000bedd f   libucrt:fclose.obj
 0001:0000af54       _fclose                    1000bf54 f   libucrt:fclose.obj
 0001:0000b1d3       ??$open_file@ABQBDABQBDABHPAU_iobuf@@@?$__crt_char_traits@D@@SAPAU_iobuf@@ABQBD0ABH$$QAPAU1@@Z 1000c1d3 f i libucrt:fopen.obj
 0001:0000b1f6       ??$open_file@ABQB_WABQB_WABHPAU_iobuf@@@?$__crt_char_traits@_W@@SAPAU_iobuf@@ABQB_W0ABH$$QAPAU1@@Z 1000c1f6 f i libucrt:fopen.obj
 0001:0000b219       ?unlock@__crt_stdio_stream@@QBEXXZ 1000c219 f i libucrt:fopen.obj
 0001:0000b222       __fsopen                   1000c222 f   libucrt:fopen.obj
 0001:0000b22d       __wfopen                   1000c22d f   libucrt:fopen.obj
 0001:0000b244       __wfopen_s                 1000c244 f   libucrt:fopen.obj
 0001:0000b28b       __wfsopen                  1000c28b f   libucrt:fopen.obj
 0001:0000b296       _fopen                     1000c296 f   libucrt:fopen.obj
 0001:0000b2ad       _fopen_s                   1000c2ad f   libucrt:fopen.obj
 0001:0000b2f4       ?__acrt_stdio_reset_buffer@@YAXV__crt_stdio_stream@@@Z 1000c2f4 f i libucrt:fread.obj
 0001:0000b30a       ?has_any_buffer@__crt_stdio_stream@@QBE_NXZ 1000c30a f i libucrt:fread.obj
 0001:0000b319       ?has_any_of@__crt_stdio_stream@@QBE_NJ@Z 1000c319 f i libucrt:fread.obj
 0001:0000b32e       ?set_flags@__crt_stdio_stream@@QBE_NJ@Z 1000c32e f i libucrt:fread.obj
 0001:0000b352       __fread_nolock             1000c352 f   libucrt:fread.obj
 0001:0000b36f       __fread_nolock_s           1000c36f f   libucrt:fread.obj
 0001:0000b555       _fread                     1000c555 f   libucrt:fread.obj
 0001:0000b572       _fread_s                   1000c572 f   libucrt:fread.obj
 0001:0000b690       ?LongLongSub@@YAJ_J0PA_J@Z 1000c690 f i libucrt:fseek.obj
 0001:0000b94c       ?has_all_of@__crt_stdio_stream@@QBE_NJ@Z 1000c94c f i libucrt:fseek.obj
 0001:0000b964       ?lowio_handle@__crt_stdio_stream@@QBEHXZ 1000c964 f i libucrt:fseek.obj
 0001:0000b96b       ?unset_flags@__crt_stdio_stream@@QBE_NJ@Z 1000c96b f i libucrt:fseek.obj
 0001:0000b994       __fseek_nolock             1000c994 f   libucrt:fseek.obj
 0001:0000b9af       __fseeki64                 1000c9af f   libucrt:fseek.obj
 0001:0000b9ca       __fseeki64_nolock          1000c9ca f   libucrt:fseek.obj
 0001:0000b9e5       _fseek                     1000c9e5 f   libucrt:fseek.obj
 0001:0000c120       ?ctrl_z@__crt_stdio_stream@@QBE_NXZ 1000d120 f i libucrt:ftell.obj
 0001:0000c12c       ?has_big_buffer@__crt_stdio_stream@@QBE_NXZ 1000d12c f i libucrt:ftell.obj
 0001:0000c138       ?has_crt_buffer@__crt_stdio_stream@@QBE_NXZ 1000d138 f i libucrt:ftell.obj
 0001:0000c144       ?has_setvbuf_buffer@__crt_stdio_stream@@QBE_NXZ 1000d144 f i libucrt:ftell.obj
 0001:0000c150       __ftell_nolock             1000d150 f   libucrt:ftell.obj
 0001:0000c15b       __ftelli64                 1000d15b f   libucrt:ftell.obj
 0001:0000c166       __ftelli64_nolock          1000d166 f   libucrt:ftell.obj
 0001:0000c171       __utf8_no_of_trailbytes    1000d171 f i libucrt:ftell.obj
 0001:0000c182       _ftell                     1000d182 f   libucrt:ftell.obj
 0001:0000c18d       __initterm                 1000d18d f   libucrt:initterm.obj
 0001:0000c1d2       __initterm_e               1000d1d2 f   libucrt:initterm.obj
 0001:0000c200       ??$?B$$A6AHI@Z@__crt_fast_encoded_nullptr_t@@QBEP6AHI@ZXZ 1000d200 f i libucrt:new_handler.obj
 0001:0000c206       ??$__crt_fast_decode_pointer@P6AHI@Z@@YAP6AHI@ZQ6AHI@Z@Z 1000d206 f i libucrt:new_handler.obj
 0001:0000c21c       ??$__crt_fast_encode_pointer@P6AHI@Z@@YAP6AHI@ZQ6AHI@Z@Z 1000d21c f i libucrt:new_handler.obj
 0001:0000c23b       ?__crt_fast_encode_pointer@@YA?AU__crt_fast_encoded_nullptr_t@@$$T@Z 1000d23b f i libucrt:new_handler.obj
 0001:0000c246       ?__crt_rotate_pointer_value@@YAIIH@Z 1000d246 f i libucrt:new_handler.obj
 0001:0000c255       ?_set_new_handler@@YAP6AHI@ZH@Z 1000d255 f   libucrt:new_handler.obj
 0001:0000c262       ?get_current_state_index@__crt_state_management@@YAIXZ 1000d262 f i libucrt:new_handler.obj
 0001:0000c265       ?initialize@?$dual_state_global@P6AHI@Z@__crt_state_management@@QAEXQ6AHI@Z@Z 1000d265 f i libucrt:new_handler.obj
 0001:0000c28b       ?value@?$dual_state_global@P6AHI@Z@__crt_state_management@@QAEAAP6AHI@ZXZ 1000d28b f i libucrt:new_handler.obj
 0001:0000c28e       ___acrt_initialize_new_handler 1000d28e f   libucrt:new_handler.obj
 0001:0000c29d       __callnewh                 1000d29d f   libucrt:new_handler.obj
 0001:0000c2ca       __query_new_handler        1000d2ca f   libucrt:new_handler.obj
 0001:0000c326       __set_new_handler          1000d326 f   libucrt:new_handler.obj
 0001:0000c390       _malloc                    1000d390 f   libucrt:malloc.obj
 0001:0000c3bf       __seh_filter_dll           1000d3bf f   libucrt:exception_filter.obj
 0001:0000c3df       __seh_filter_exe           1000d3df f   libucrt:exception_filter.obj
 0001:0000c537       ??$?B$$A6GXPAXK0@Z@__crt_fast_encoded_nullptr_t@@QBEP6GXPAXK0@ZXZ 1000d537 f i libucrt:exit.obj
 0001:0000c5b0       ??$__crt_fast_decode_pointer@P6GXPAXK0@Z@@YAP6GXPAXK0@ZQ6GX0K0@Z@Z 1000d5b0 f i libucrt:exit.obj
 0001:0000c5c6       ??$__crt_fast_encode_pointer@P6GXPAXK0@Z@@YAP6GXPAXK0@ZQ6GX0K0@Z@Z 1000d5c6 f i libucrt:exit.obj
 0001:0000c5e5       ??$__crt_get_proc_address@P6GXI@Z@@YAP6GXI@ZQAUHINSTANCE__@@QBD@Z 1000d5e5 f i libucrt:exit.obj
 0001:0000c638       ??0?$__crt_unique_handle_t@U__crt_hmodule_traits@@@@QAE@QAUHINSTANCE__@@@Z 1000d638 f i libucrt:exit.obj
 0001:0000c648       ??1?$__crt_unique_handle_t@U__crt_hmodule_traits@@@@QAE@XZ 1000d648 f i libucrt:exit.obj
 0001:0000c74b       ?__acrt_select_exit_lock@@YA?AW4__acrt_lock_id@@XZ 1000d74b f i libucrt:exit.obj
 0001:0000c762       ?close@?$__crt_unique_handle_t@U__crt_hmodule_traits@@@@QAEXXZ 1000d762 f i libucrt:exit.obj
 0001:0000c779       ?close@__crt_hmodule_traits@@SA_NPAUHINSTANCE__@@@Z 1000d779 f i libucrt:exit.obj
 0001:0000c834       ?get@?$__crt_unique_handle_t@U__crt_hmodule_traits@@@@QBEPAUHINSTANCE__@@XZ 1000d834 f i libucrt:exit.obj
 0001:0000c837       ?get_address_of@?$__crt_unique_handle_t@U__crt_hmodule_traits@@@@QAEPAPAUHINSTANCE__@@XZ 1000d837 f i libucrt:exit.obj
 0001:0000c83a       ?get_invalid_value@__crt_hmodule_traits@@SAPAUHINSTANCE__@@XZ 1000d83a f i libucrt:exit.obj
 0001:0000c8f5       __Exit                     1000d8f5 f   libucrt:exit.obj
 0001:0000c90b       ___acrt_initialize_thread_local_exit_callback 1000d90b f   libucrt:exit.obj
 0001:0000c91a       __c_exit                   1000d91a f   libucrt:exit.obj
 0001:0000c929       __cexit                    1000d929 f   libucrt:exit.obj
 0001:0000c938       __exit                     1000d938 f   libucrt:exit.obj
 0001:0000c94e       __is_c_termination_complete 1000d94e f   libucrt:exit.obj
 0001:0000c955       __register_thread_local_exe_atexit_callback 1000d955 f   libucrt:exit.obj
 0001:0000c97b       _exit                      1000d97b f   libucrt:exit.obj
 0001:0000c991       _quick_exit                1000d991 f   libucrt:exit.obj
 0001:0000c9a7       ??$?RE@__crt_internal_free_policy@@QBEXQBE@Z 1000d9a7 f i libucrt:argv_parsing.obj
 0001:0000c9b9       ??$?RPAD@__crt_internal_free_policy@@QBEXQBQAD@Z 1000d9b9 f i libucrt:argv_parsing.obj
 0001:0000c9cb       ??$?RPA_W@__crt_internal_free_policy@@QBEXQBQA_W@Z 1000d9cb f i libucrt:argv_parsing.obj
 0001:0000cc42       ??$get_module_file_name@$$TAAY0BAF@DH@?$__crt_char_traits@D@@SAK$$QA$$TAAY0BAF@D$$QAH@Z 1000dc42 f i libucrt:argv_parsing.obj
 0001:0000cc5e       ??$get_module_file_name@$$TAAY0BAF@_WH@?$__crt_char_traits@_W@@SAK$$QA$$TAAY0BAF@_W$$QAH@Z 1000dc5e f i libucrt:argv_parsing.obj
 0001:0000cf84       ??$set_program_name@PAD@?$__crt_char_traits@D@@SAX$$QAPAD@Z 1000df84 f i libucrt:argv_parsing.obj
 0001:0000cf95       ??$set_program_name@PA_W@?$__crt_char_traits@_W@@SAX$$QAPA_W@Z 1000df95 f i libucrt:argv_parsing.obj
 0001:0000cfc6       ??0?$__crt_unique_heap_ptr@EU__crt_internal_free_policy@@@@QAE@QAE@Z 1000dfc6 f i libucrt:argv_parsing.obj
 0001:0000cfd6       ??0?$__crt_unique_heap_ptr@PADU__crt_internal_free_policy@@@@QAE@QAPAD@Z 1000dfd6 f i libucrt:argv_parsing.obj
 0001:0000cfe6       ??0?$__crt_unique_heap_ptr@PA_WU__crt_internal_free_policy@@@@QAE@QAPA_W@Z 1000dfe6 f i libucrt:argv_parsing.obj
 0001:0000cff6       ??1?$__crt_unique_heap_ptr@EU__crt_internal_free_policy@@@@QAE@XZ 1000dff6 f i libucrt:argv_parsing.obj
 0001:0000d008       ??1?$__crt_unique_heap_ptr@PADU__crt_internal_free_policy@@@@QAE@XZ 1000e008 f i libucrt:argv_parsing.obj
 0001:0000d01a       ??1?$__crt_unique_heap_ptr@PA_WU__crt_internal_free_policy@@@@QAE@XZ 1000e01a f i libucrt:argv_parsing.obj
 0001:0000d02c       ??B?$__crt_unique_heap_ptr@EU__crt_internal_free_policy@@@@QBE_NXZ 1000e02c f i libucrt:argv_parsing.obj
 0001:0000d05f       ?detach@?$__crt_unique_heap_ptr@EU__crt_internal_free_policy@@@@QAEPAEXZ 1000e05f f i libucrt:argv_parsing.obj
 0001:0000d065       ?detach@?$__crt_unique_heap_ptr@PADU__crt_internal_free_policy@@@@QAEPAPADXZ 1000e065 f i libucrt:argv_parsing.obj
 0001:0000d06b       ?detach@?$__crt_unique_heap_ptr@PA_WU__crt_internal_free_policy@@@@QAEPAPA_WXZ 1000e06b f i libucrt:argv_parsing.obj
 0001:0000d08f       ?get@?$__crt_unique_heap_ptr@EU__crt_internal_free_policy@@@@QBEPAEXZ 1000e08f f i libucrt:argv_parsing.obj
 0001:0000d092       ?get@?$__crt_unique_heap_ptr@PADU__crt_internal_free_policy@@@@QBEPAPADXZ 1000e092 f i libucrt:argv_parsing.obj
 0001:0000d095       ?get@?$__crt_unique_heap_ptr@PA_WU__crt_internal_free_policy@@@@QBEPAPA_WXZ 1000e095 f i libucrt:argv_parsing.obj
 0001:0000d098       ?get_address_of@?$__crt_unique_heap_ptr@PADU__crt_internal_free_policy@@@@QAEPAPAPADXZ 1000e098 f i libucrt:argv_parsing.obj
 0001:0000d09b       ?get_address_of@?$__crt_unique_heap_ptr@PA_WU__crt_internal_free_policy@@@@QAEPAPAPA_WXZ 1000e09b f i libucrt:argv_parsing.obj
 0001:0000d0b6       ?is_valid@?$__crt_unique_heap_ptr@EU__crt_internal_free_policy@@@@QBE_NXZ 1000e0b6 f i libucrt:argv_parsing.obj
 0001:0000d0bd       ?release@?$__crt_unique_heap_ptr@EU__crt_internal_free_policy@@@@QAEXXZ 1000e0bd f i libucrt:argv_parsing.obj
 0001:0000d0cf       ?release@?$__crt_unique_heap_ptr@PADU__crt_internal_free_policy@@@@QAEXXZ 1000e0cf f i libucrt:argv_parsing.obj
 0001:0000d0e1       ?release@?$__crt_unique_heap_ptr@PA_WU__crt_internal_free_policy@@@@QAEXXZ 1000e0e1 f i libucrt:argv_parsing.obj
 0001:0000d10d       ___acrt_allocate_buffer_for_argv 1000e10d f   libucrt:argv_parsing.obj
 0001:0000d15c       __configure_narrow_argv    1000e15c f   libucrt:argv_parsing.obj
 0001:0000d167       __configure_wide_argv      1000e167 f   libucrt:argv_parsing.obj
 0001:0000d172       __set_pgmptr               1000e172 f i libucrt:argv_parsing.obj
 0001:0000d181       __set_wpgmptr              1000e181 f i libucrt:argv_parsing.obj
 0001:0000d190       ??$?R_W@__crt_internal_free_policy@@QBEXQB_W@Z 1000e190 f i libucrt:environment_initialization.obj
 0001:0000d57b       ??$get_environment_from_os@$$V@?$__crt_char_traits@D@@SAPADXZ 1000e57b f i libucrt:environment_initialization.obj
 0001:0000d580       ??$get_environment_from_os@$$V@?$__crt_char_traits@_W@@SAPA_WXZ 1000e580 f i libucrt:environment_initialization.obj
 0001:0000d685       ??$set_variable_in_environment_nolock@PADH@?$__crt_char_traits@D@@SAH$$QAPAD$$QAH@Z 1000e685 f i libucrt:environment_initialization.obj
 0001:0000d69d       ??$set_variable_in_environment_nolock@PA_WH@?$__crt_char_traits@_W@@SAH$$QAPA_W$$QAH@Z 1000e69d f i libucrt:environment_initialization.obj
 0001:0000d6b5       ??$tcscpy_s@PADABIAAPAD@?$__crt_char_traits@D@@SAH$$QAPADABIAAPAD@Z 1000e6b5 f i libucrt:environment_initialization.obj
 0001:0000d6d3       ??$tcscpy_s@PA_WABIAAPA_W@?$__crt_char_traits@_W@@SAH$$QAPA_WABIAAPA_W@Z 1000e6d3 f i libucrt:environment_initialization.obj
 0001:0000d6f1       ??$tcslen@AAPAD@?$__crt_char_traits@D@@SAIAAPAD@Z 1000e6f1 f i libucrt:environment_initialization.obj
 0001:0000d709       ??$tcslen@AAPA_W@?$__crt_char_traits@_W@@SAIAAPA_W@Z 1000e709 f i libucrt:environment_initialization.obj
 0001:0000d727       ??$uninitialize@A6AXAAPAPAD@Z@?$dual_state_global@PAPAD@__crt_state_management@@QAEXA6AXAAPAPAD@Z@Z 1000e727 f i libucrt:environment_initialization.obj
 0001:0000d750       ??$uninitialize@A6AXAAPAPA_W@Z@?$dual_state_global@PAPA_W@__crt_state_management@@QAEXA6AXAAPAPA_W@Z@Z 1000e750 f i libucrt:environment_initialization.obj
 0001:0000d7af       ??0?$__crt_unique_heap_ptr@_WU__crt_internal_free_policy@@@@QAE@QA_W@Z 1000e7af f i libucrt:environment_initialization.obj
 0001:0000d7bf       ??1?$__crt_unique_heap_ptr@_WU__crt_internal_free_policy@@@@QAE@XZ 1000e7bf f i libucrt:environment_initialization.obj
 0001:0000d7d1       ??B?$__crt_unique_heap_ptr@PADU__crt_internal_free_policy@@@@QBE_NXZ 1000e7d1 f i libucrt:environment_initialization.obj
 0001:0000d7d8       ??B?$__crt_unique_heap_ptr@PA_WU__crt_internal_free_policy@@@@QBE_NXZ 1000e7d8 f i libucrt:environment_initialization.obj
 0001:0000d7df       ??B?$__crt_unique_heap_ptr@_WU__crt_internal_free_policy@@@@QBE_NXZ 1000e7df f i libucrt:environment_initialization.obj
 0001:0000d7e6       ?__crt_compute_required_transform_buffer_count@@YAIIQBD@Z 1000e7e6 f i libucrt:environment_initialization.obj
 0001:0000d802       ?__crt_compute_required_transform_buffer_count@@YAIIQB_W@Z 1000e802 f i libucrt:environment_initialization.obj
 0001:0000d820       ?__crt_transform_string@@YAIIQBDQA_WI@Z 1000e820 f i libucrt:environment_initialization.obj
 0001:0000d83f       ?__crt_transform_string@@YAIIQB_WQADI@Z 1000e83f f i libucrt:environment_initialization.obj
 0001:0000d861       ?detach@?$__crt_unique_heap_ptr@DU__crt_internal_free_policy@@@@QAEPADXZ 1000e861 f i libucrt:environment_initialization.obj
 0001:0000d867       ?detach@?$__crt_unique_heap_ptr@_WU__crt_internal_free_policy@@@@QAEPA_WXZ 1000e867 f i libucrt:environment_initialization.obj
 0001:0000d86d       ?get@?$__crt_unique_heap_ptr@_WU__crt_internal_free_policy@@@@QBEPA_WXZ 1000e86d f i libucrt:environment_initialization.obj
 0001:0000d894       ?initialize@?$dual_state_global@PAPAD@__crt_state_management@@QAEXQAPAD@Z 1000e894 f i libucrt:environment_initialization.obj
 0001:0000d8ba       ?initialize@?$dual_state_global@PAPA_W@__crt_state_management@@QAEXQAPA_W@Z 1000e8ba f i libucrt:environment_initialization.obj
 0001:0000d8e0       ?is_valid@?$__crt_unique_heap_ptr@PADU__crt_internal_free_policy@@@@QBE_NXZ 1000e8e0 f i libucrt:environment_initialization.obj
 0001:0000d8e7       ?is_valid@?$__crt_unique_heap_ptr@PA_WU__crt_internal_free_policy@@@@QBE_NXZ 1000e8e7 f i libucrt:environment_initialization.obj
 0001:0000d8ee       ?is_valid@?$__crt_unique_heap_ptr@_WU__crt_internal_free_policy@@@@QBE_NXZ 1000e8ee f i libucrt:environment_initialization.obj
 0001:0000d8fd       ?release@?$__crt_unique_heap_ptr@_WU__crt_internal_free_policy@@@@QAEXXZ 1000e8fd f i libucrt:environment_initialization.obj
 0001:0000d90f       ?value@?$dual_state_global@PAPAD@__crt_state_management@@QAEAAPAPADXZ 1000e90f f i libucrt:environment_initialization.obj
 0001:0000d912       ?value@?$dual_state_global@PAPA_W@__crt_state_management@@QAEAAPAPA_WXZ 1000e912 f i libucrt:environment_initialization.obj
 0001:0000d915       ___dcrt_get_or_create_narrow_environment_nolock 1000e915 f   libucrt:environment_initialization.obj
 0001:0000d91a       ___dcrt_get_or_create_wide_environment_nolock 1000e91a f   libucrt:environment_initialization.obj
 0001:0000d91f       ___dcrt_uninitialize_environments_nolock 1000e91f f   libucrt:environment_initialization.obj
 0001:0000d956       ___p__environ              1000e956 f   libucrt:environment_initialization.obj
 0001:0000d95c       ___p__wenviron             1000e95c f   libucrt:environment_initialization.obj
 0001:0000d962       __get_initial_narrow_environment 1000e962 f   libucrt:environment_initialization.obj
 0001:0000d976       __get_initial_wide_environment 1000e976 f   libucrt:environment_initialization.obj
 0001:0000d98a       __initialize_narrow_environment 1000e98a f   libucrt:environment_initialization.obj
 0001:0000d98f       __initialize_wide_environment 1000e98f f   libucrt:environment_initialization.obj
 0001:0000d994       __invoke_watson_if_error   1000e994 f i libucrt:environment_initialization.obj
 0001:0000d9b6       ??$?B$$A6AXXZ@__crt_fast_encoded_nullptr_t@@QBEP6AXXZXZ 1000e9b6 f i libucrt:onexit.obj
 0001:0000d9bc       ??$?BP6AXXZ@__crt_fast_encoded_nullptr_t@@QBEPAP6AXXZXZ 1000e9bc f i libucrt:onexit.obj
 0001:0000d9c2       ??$?RP6AXXZ@__crt_internal_free_policy@@QBEXQBQ6AXXZ@Z 1000e9c2 f i libucrt:onexit.obj
 0001:0000dad6       ??$__crt_fast_decode_pointer@P6AXXZ@@YAP6AXXZQ6AXXZ@Z 1000ead6 f i libucrt:onexit.obj
 0001:0000daec       ??$__crt_fast_decode_pointer@PAP6AXXZ@@YAPAP6AXXZQAP6AXXZ@Z 1000eaec f i libucrt:onexit.obj
 0001:0000db02       ??$__crt_fast_encode_pointer@P6AHXZ@@YAP6AHXZQ6AHXZ@Z 1000eb02 f i libucrt:onexit.obj
 0001:0000db21       ??$__crt_fast_encode_pointer@P6AXXZ@@YAP6AXXZQ6AXXZ@Z 1000eb21 f i libucrt:onexit.obj
 0001:0000db40       ??$__crt_fast_encode_pointer@PAP6AXXZ@@YAPAP6AXXZQAP6AXXZ@Z 1000eb40 f i libucrt:onexit.obj
 0001:0000dbcd       ??0?$__crt_unique_heap_ptr@P6AXXZU__crt_internal_free_policy@@@@QAE@QAP6AXXZ@Z 1000ebcd f i libucrt:onexit.obj
 0001:0000dbdd       ??1?$__crt_unique_heap_ptr@P6AXXZU__crt_internal_free_policy@@@@QAE@XZ 1000ebdd f i libucrt:onexit.obj
 0001:0000dbef       ??1scoped_global_state_reset@__crt_state_management@@QAE@XZ 1000ebef f i libucrt:onexit.obj
 0001:0000de19       ?detach@?$__crt_unique_heap_ptr@P6AXXZU__crt_internal_free_policy@@@@QAEPAP6AXXZXZ 1000ee19 f i libucrt:onexit.obj
 0001:0000de1f       ?release@?$__crt_unique_heap_ptr@P6AXXZU__crt_internal_free_policy@@@@QAEXXZ 1000ee1f f i libucrt:onexit.obj
 0001:0000de31       __crt_at_quick_exit        1000ee31 f   libucrt:onexit.obj
 0001:0000de47       __crt_atexit               1000ee47 f   libucrt:onexit.obj
 0001:0000de5d       __execute_onexit_table     1000ee5d f   libucrt:onexit.obj
 0001:0000de8a       __initialize_onexit_table  1000ee8a f   libucrt:onexit.obj
 0001:0000deb3       __register_onexit_function 1000eeb3 f   libucrt:onexit.obj
 0001:0000dfc2       ??$?BX@__crt_fast_encoded_nullptr_t@@QBEPAXXZ 1000efc2 f i libucrt:initialization.obj
 0001:0000dfc8       ??$__crt_fast_encode_pointer@PAX@@YAPAXQAX@Z 1000efc8 f i libucrt:initialization.obj
 0001:0000e039       ?__acrt_stdio_is_initialized@@YA_NXZ 1000f039 f i libucrt:initialization.obj
 0001:0000e044       ?initialize@?$dual_state_global@PAU__crt_locale_data@@@__crt_state_management@@QAEXQAU__crt_locale_data@@@Z 1000f044 f i libucrt:initialization.obj
 0001:0000e06a       ___acrt_initialize         1000f06a f   libucrt:initialization.obj
 0001:0000e07c       ___acrt_thread_attach      1000f07c f   libucrt:initialization.obj
 0001:0000e087       ___acrt_thread_detach      1000f087 f   libucrt:initialization.obj
 0001:0000e08f       ___acrt_uninitialize       1000f08f f   libucrt:initialization.obj
 0001:0000e0bf       ___acrt_uninitialize_critical 1000f0bf f   libucrt:initialization.obj
 0001:0000e0e7       __get_terminate            1000f0e7 f   libucrt:terminate.obj
 0001:0000e0f9       _set_terminate             1000f0f9 f   libucrt:terminate.obj
 0001:0000e119       _terminate                 1000f119 f   libucrt:terminate.obj
 0001:0000e155       _free                      1000f155 f   libucrt:free.obj
 0001:0000e1ca       _strcpy_s                  1000f1ca f   libucrt:strcpy_s.obj
 0001:0000e224       __set_abort_behavior       1000f224 f   libucrt:abort.obj
 0001:0000e245       _abort                     1000f245 f   libucrt:abort.obj
 0001:0000e289       ??$?0ABV?$stream_output_adapter@D@__crt_stdio_output@@AB_KABQBDABQAU__crt_locale_pointers@@ABQAD@?$format_validation_base@DV?$stream_output_adapter@D@__crt_stdio_output@@@__crt_stdio_output@@IAE@ABV?$stream_output_adapter@D@1@AB_KABQBDABQAU__crt_locale_pointers@@ABQAD@Z 1000f289 f i libucrt:output.obj
 0001:0000e2ac       ??$?0ABV?$stream_output_adapter@D@__crt_stdio_output@@AB_KABQBDABQAU__crt_locale_pointers@@ABQAD@?$positional_parameter_base@DV?$stream_output_adapter@D@__crt_stdio_output@@@__crt_stdio_output@@IAE@ABV?$stream_output_adapter@D@1@AB_KABQBDABQAU__crt_locale_pointers@@ABQAD@Z 1000f2ac f i libucrt:output.obj
 0001:0000e2f4       ??$?0ABV?$stream_output_adapter@D@__crt_stdio_output@@AB_KABQBDABQAU__crt_locale_pointers@@ABQAD@?$standard_base@DV?$stream_output_adapter@D@__crt_stdio_output@@@__crt_stdio_output@@IAE@ABV?$stream_output_adapter@D@1@AB_KABQBDABQAU__crt_locale_pointers@@ABQAD@Z 1000f2f4 f i libucrt:output.obj
 0001:0000e329       ??$?0ABV?$stream_output_adapter@_W@__crt_stdio_output@@AB_KABQB_WABQAU__crt_locale_pointers@@ABQAD@?$format_validation_base@_WV?$stream_output_adapter@_W@__crt_stdio_output@@@__crt_stdio_output@@IAE@ABV?$stream_output_adapter@_W@1@AB_KABQB_WABQAU__crt_locale_pointers@@ABQAD@Z 1000f329 f i libucrt:output.obj
 0001:0000e34c       ??$?0ABV?$stream_output_adapter@_W@__crt_stdio_output@@AB_KABQB_WABQAU__crt_locale_pointers@@ABQAD@?$positional_parameter_base@_WV?$stream_output_adapter@_W@__crt_stdio_output@@@__crt_stdio_output@@IAE@ABV?$stream_output_adapter@_W@1@AB_KABQB_WABQAU__crt_locale_pointers@@ABQAD@Z 1000f34c f i libucrt:output.obj
 0001:0000e394       ??$?0ABV?$stream_output_adapter@_W@__crt_stdio_output@@AB_KABQB_WABQAU__crt_locale_pointers@@ABQAD@?$standard_base@_WV?$stream_output_adapter@_W@__crt_stdio_output@@@__crt_stdio_output@@IAE@ABV?$stream_output_adapter@_W@1@AB_KABQB_WABQAU__crt_locale_pointers@@ABQAD@Z 1000f394 f i libucrt:output.obj
 0001:0000e3c9       ??$?0ABV?$string_output_adapter@D@__crt_stdio_output@@AB_KABQBDABQAU__crt_locale_pointers@@ABQAD@?$format_validation_base@DV?$string_output_adapter@D@__crt_stdio_output@@@__crt_stdio_output@@IAE@ABV?$string_output_adapter@D@1@AB_KABQBDABQAU__crt_locale_pointers@@ABQAD@Z 1000f3c9 f i libucrt:output.obj
 0001:0000e3ec       ??$?0ABV?$string_output_adapter@D@__crt_stdio_output@@AB_KABQBDABQAU__crt_locale_pointers@@ABQAD@?$positional_parameter_base@DV?$string_output_adapter@D@__crt_stdio_output@@@__crt_stdio_output@@IAE@ABV?$string_output_adapter@D@1@AB_KABQBDABQAU__crt_locale_pointers@@ABQAD@Z 1000f3ec f i libucrt:output.obj
 0001:0000e434       ??$?0ABV?$string_output_adapter@D@__crt_stdio_output@@AB_KABQBDABQAU__crt_locale_pointers@@ABQAD@?$standard_base@DV?$string_output_adapter@D@__crt_stdio_output@@@__crt_stdio_output@@IAE@ABV?$string_output_adapter@D@1@AB_KABQBDABQAU__crt_locale_pointers@@ABQAD@Z 1000f434 f i libucrt:output.obj
 0001:0000e469       ??$?0ABV?$string_output_adapter@_W@__crt_stdio_output@@AB_KABQB_WABQAU__crt_locale_pointers@@ABQAD@?$format_validation_base@_WV?$string_output_adapter@_W@__crt_stdio_output@@@__crt_stdio_output@@IAE@ABV?$string_output_adapter@_W@1@AB_KABQB_WABQAU__crt_locale_pointers@@ABQAD@Z 1000f469 f i libucrt:output.obj
 0001:0000e48c       ??$?0ABV?$string_output_adapter@_W@__crt_stdio_output@@AB_KABQB_WABQAU__crt_locale_pointers@@ABQAD@?$positional_parameter_base@_WV?$string_output_adapter@_W@__crt_stdio_output@@@__crt_stdio_output@@IAE@ABV?$string_output_adapter@_W@1@AB_KABQB_WABQAU__crt_locale_pointers@@ABQAD@Z 1000f48c f i libucrt:output.obj
 0001:0000e4d4       ??$?0ABV?$string_output_adapter@_W@__crt_stdio_output@@AB_KABQB_WABQAU__crt_locale_pointers@@ABQAD@?$standard_base@_WV?$string_output_adapter@_W@__crt_stdio_output@@@__crt_stdio_output@@IAE@ABV?$string_output_adapter@_W@1@AB_KABQB_WABQAU__crt_locale_pointers@@ABQAD@Z 1000f4d4 f i libucrt:output.obj
 0001:0000f6a0       ??$count@D@formatting_buffer@__crt_stdio_output@@QBEIXZ 100106a0 f i libucrt:output.obj
 0001:0000f6b8       ??$count@_W@formatting_buffer@__crt_stdio_output@@QBEIXZ 100106b8 f i libucrt:output.obj
 0001:0000f6d1       ??$data@D@formatting_buffer@__crt_stdio_output@@QAEPADXZ 100106d1 f i libucrt:output.obj
 0001:0000f6de       ??$data@_W@formatting_buffer@__crt_stdio_output@@QAEPA_WXZ 100106de f i libucrt:output.obj
 0001:0000f6eb       ??$ensure_buffer_is_big_enough@D@formatting_buffer@__crt_stdio_output@@QAE_NI@Z 100106eb f i libucrt:output.obj
 0001:0000f768       ??$ensure_buffer_is_big_enough@_W@formatting_buffer@__crt_stdio_output@@QAE_NI@Z 10010768 f i libucrt:output.obj
 0001:0000f7e6       ??$extract_argument_from_va_list@C_J@?$positional_parameter_base@DV?$stream_output_adapter@D@__crt_stdio_output@@@__crt_stdio_output@@IAE_NAA_J@Z 100107e6 f i libucrt:output.obj
 0001:0000f85f       ??$extract_argument_from_va_list@C_J@?$positional_parameter_base@DV?$string_output_adapter@D@__crt_stdio_output@@@__crt_stdio_output@@IAE_NAA_J@Z 1001085f f i libucrt:output.obj
 0001:0000f8d8       ??$extract_argument_from_va_list@C_J@?$positional_parameter_base@_WV?$stream_output_adapter@_W@__crt_stdio_output@@@__crt_stdio_output@@IAE_NAA_J@Z 100108d8 f i libucrt:output.obj
 0001:0000f951       ??$extract_argument_from_va_list@C_J@?$positional_parameter_base@_WV?$string_output_adapter@_W@__crt_stdio_output@@@__crt_stdio_output@@IAE_NAA_J@Z 10010951 f i libucrt:output.obj
 0001:0000f9ca       ??$extract_argument_from_va_list@C_J@?$standard_base@DV?$stream_output_adapter@D@__crt_stdio_output@@@__crt_stdio_output@@IAE_NAA_J@Z 100109ca f i libucrt:output.obj
 0001:0000f9e9       ??$extract_argument_from_va_list@C_J@?$standard_base@DV?$string_output_adapter@D@__crt_stdio_output@@@__crt_stdio_output@@IAE_NAA_J@Z 100109e9 f i libucrt:output.obj
 0001:0000fa08       ??$extract_argument_from_va_list@C_J@?$standard_base@_WV?$stream_output_adapter@_W@__crt_stdio_output@@@__crt_stdio_output@@IAE_NAA_J@Z 10010a08 f i libucrt:output.obj
 0001:0000fa27       ??$extract_argument_from_va_list@C_J@?$standard_base@_WV?$string_output_adapter@_W@__crt_stdio_output@@@__crt_stdio_output@@IAE_NAA_J@Z 10010a27 f i libucrt:output.obj
 0001:0000fa46       ??$extract_argument_from_va_list@E_J@?$positional_parameter_base@DV?$stream_output_adapter@D@__crt_stdio_output@@@__crt_stdio_output@@IAE_NAA_J@Z 10010a46 f i libucrt:output.obj
 0001:0000fabf       ??$extract_argument_from_va_list@E_J@?$positional_parameter_base@DV?$string_output_adapter@D@__crt_stdio_output@@@__crt_stdio_output@@IAE_NAA_J@Z 10010abf f i libucrt:output.obj
 0001:0000fb38       ??$extract_argument_from_va_list@E_J@?$positional_parameter_base@_WV?$stream_output_adapter@_W@__crt_stdio_output@@@__crt_stdio_output@@IAE_NAA_J@Z 10010b38 f i libucrt:output.obj
 0001:0000fbb1       ??$extract_argument_from_va_list@E_J@?$positional_parameter_base@_WV?$string_output_adapter@_W@__crt_stdio_output@@@__crt_stdio_output@@IAE_NAA_J@Z 10010bb1 f i libucrt:output.obj
 0001:0000fc2a       ??$extract_argument_from_va_list@E_J@?$standard_base@DV?$stream_output_adapter@D@__crt_stdio_output@@@__crt_stdio_output@@IAE_NAA_J@Z 10010c2a f i libucrt:output.obj
 0001:0000fc49       ??$extract_argument_from_va_list@E_J@?$standard_base@DV?$string_output_adapter@D@__crt_stdio_output@@@__crt_stdio_output@@IAE_NAA_J@Z 10010c49 f i libucrt:output.obj
 0001:0000fc68       ??$extract_argument_from_va_list@E_J@?$standard_base@_WV?$stream_output_adapter@_W@__crt_stdio_output@@@__crt_stdio_output@@IAE_NAA_J@Z 10010c68 f i libucrt:output.obj
 0001:0000fc87       ??$extract_argument_from_va_list@E_J@?$standard_base@_WV?$string_output_adapter@_W@__crt_stdio_output@@@__crt_stdio_output@@IAE_NAA_J@Z 10010c87 f i libucrt:output.obj
 0001:0000fca6       ??$extract_argument_from_va_list@F_J@?$positional_parameter_base@DV?$stream_output_adapter@D@__crt_stdio_output@@@__crt_stdio_output@@IAE_NAA_J@Z 10010ca6 f i libucrt:output.obj
 0001:0000fd1f       ??$extract_argument_from_va_list@F_J@?$positional_parameter_base@DV?$string_output_adapter@D@__crt_stdio_output@@@__crt_stdio_output@@IAE_NAA_J@Z 10010d1f f i libucrt:output.obj
 0001:0000fd98       ??$extract_argument_from_va_list@F_J@?$positional_parameter_base@_WV?$stream_output_adapter@_W@__crt_stdio_output@@@__crt_stdio_output@@IAE_NAA_J@Z 10010d98 f i libucrt:output.obj
 0001:0000fe11       ??$extract_argument_from_va_list@F_J@?$positional_parameter_base@_WV?$string_output_adapter@_W@__crt_stdio_output@@@__crt_stdio_output@@IAE_NAA_J@Z 10010e11 f i libucrt:output.obj
 0001:0000fe8a       ??$extract_argument_from_va_list@F_J@?$standard_base@DV?$stream_output_adapter@D@__crt_stdio_output@@@__crt_stdio_output@@IAE_NAA_J@Z 10010e8a f i libucrt:output.obj
 0001:0000fea9       ??$extract_argument_from_va_list@F_J@?$standard_base@DV?$string_output_adapter@D@__crt_stdio_output@@@__crt_stdio_output@@IAE_NAA_J@Z 10010ea9 f i libucrt:output.obj
 0001:0000fec8       ??$extract_argument_from_va_list@F_J@?$standard_base@_WV?$stream_output_adapter@_W@__crt_stdio_output@@@__crt_stdio_output@@IAE_NAA_J@Z 10010ec8 f i libucrt:output.obj
 0001:0000fee7       ??$extract_argument_from_va_list@F_J@?$standard_base@_WV?$string_output_adapter@_W@__crt_stdio_output@@@__crt_stdio_output@@IAE_NAA_J@Z 10010ee7 f i libucrt:output.obj
 0001:0000ff06       ??$extract_argument_from_va_list@GD@?$positional_parameter_base@DV?$stream_output_adapter@D@__crt_stdio_output@@@__crt_stdio_output@@IAE_NAAD@Z 10010f06 f i libucrt:output.obj
 0001:0000ff7e       ??$extract_argument_from_va_list@GD@?$positional_parameter_base@DV?$string_output_adapter@D@__crt_stdio_output@@@__crt_stdio_output@@IAE_NAAD@Z 10010f7e f i libucrt:output.obj
 0001:0000fff6       ??$extract_argument_from_va_list@GD@?$standard_base@DV?$stream_output_adapter@D@__crt_stdio_output@@@__crt_stdio_output@@IAE_NAAD@Z 10010ff6 f i libucrt:output.obj
 0001:00010010       ??$extract_argument_from_va_list@GD@?$standard_base@DV?$string_output_adapter@D@__crt_stdio_output@@@__crt_stdio_output@@IAE_NAAD@Z 10011010 f i libucrt:output.obj
 0001:0001002a       ??$extract_argument_from_va_list@G_J@?$positional_parameter_base@DV?$stream_output_adapter@D@__crt_stdio_output@@@__crt_stdio_output@@IAE_NAA_J@Z 1001102a f i libucrt:output.obj
 0001:000100a3       ??$extract_argument_from_va_list@G_J@?$positional_parameter_base@DV?$string_output_adapter@D@__crt_stdio_output@@@__crt_stdio_output@@IAE_NAA_J@Z 100110a3 f i libucrt:output.obj
 0001:0001011c       ??$extract_argument_from_va_list@G_J@?$positional_parameter_base@_WV?$stream_output_adapter@_W@__crt_stdio_output@@@__crt_stdio_output@@IAE_NAA_J@Z 1001111c f i libucrt:output.obj
 0001:00010195       ??$extract_argument_from_va_list@G_J@?$positional_parameter_base@_WV?$string_output_adapter@_W@__crt_stdio_output@@@__crt_stdio_output@@IAE_NAA_J@Z 10011195 f i libucrt:output.obj
 0001:0001020e       ??$extract_argument_from_va_list@G_J@?$standard_base@DV?$stream_output_adapter@D@__crt_stdio_output@@@__crt_stdio_output@@IAE_NAA_J@Z 1001120e f i libucrt:output.obj
 0001:0001022d       ??$extract_argument_from_va_list@G_J@?$standard_base@DV?$string_output_adapter@D@__crt_stdio_output@@@__crt_stdio_output@@IAE_NAA_J@Z 1001122d f i libucrt:output.obj
 0001:0001024c       ??$extract_argument_from_va_list@G_J@?$standard_base@_WV?$stream_output_adapter@_W@__crt_stdio_output@@@__crt_stdio_output@@IAE_NAA_J@Z 1001124c f i libucrt:output.obj
[...]
 0002:00008480       __sehtable$_terminate      1004b480     libucrt:terminate.obj
 0002:000084a0       __sehtable$??$?RV<lambda_c29ee0499b841886b80d843682cc403a>@@AAV<lambda_0be4ab1c2a6918fda4e39227d83ea893>@@V<lambda_5a3ed3da325c8ea037a470278c0f2d16>@@@?$__crt_seh_guarded_call@H@@QAEH$$QAV<lambda_c29ee0499b841886b80d843682cc403a>@@AAV<lambda_0be4ab1c2a6918fda4e39227d83ea893>@@$$QAV<lambda_5a3ed3da325c8ea037a470278c0f2d16>@@@Z 1004b4a0     libucrt:output.obj
 0002:000084c0       __sehtable$??$?RV<lambda_9b2bd5c6bb91c5c032542faa5c3cb611>@@AAV<lambda_be68057ced330f874c40fe9612235e36>@@V<lambda_dbd837d1c0b7fc6e2d81c287c81c071b>@@@?$__crt_seh_guarded_call@H@@QAEH$$QAV<lambda_9b2bd5c6bb91c5c032542faa5c3cb611>@@AAV<lambda_be68057ced330f874c40fe9612235e36>@@$$QAV<lambda_dbd837d1c0b7fc6e2d81c287c81c071b>@@@Z 1004b4c0     libucrt:output.obj
 0002:000084e0       __sehtable$??$?RV<lambda_5d912c5eb12d68f7685796d855ab8da6>@@AAV<lambda_81587a929b95143618da2bd798ca9df2>@@V<lambda_bfd63e08e93a545639db6d324cf10d1a>@@@?$__crt_seh_guarded_call@H@@QAEH$$QAV<lambda_5d912c5eb12d68f7685796d855ab8da6>@@AAV<lambda_81587a929b95143618da2bd798ca9df2>@@$$QAV<lambda_bfd63e08e93a545639db6d324cf10d1a>@@@Z 1004b4e0     libucrt:output.obj
 0002:00008500       __sehtable$??$?RV<lambda_3cfd252a7c5e244e8f20fc56fe35ebe9>@@AAV<lambda_d7427dbf72509eba5fa970998bac2a27>@@V<lambda_8f55a0afecd2292d47fde3ce68e72492>@@@?$__crt_seh_guarded_call@H@@QAEH$$QAV<lambda_3cfd252a7c5e244e8f20fc56fe35ebe9>@@AAV<lambda_d7427dbf72509eba5fa970998bac2a27>@@$$QAV<lambda_8f55a0afecd2292d47fde3ce68e72492>@@@Z 1004b500     libucrt:output.obj
 0002:00008520       __sehtable$??$?RV<lambda_ba8264b40644a42074cedf043e7aa388>@@AAV<lambda_9dc9bc4853282e051506c0cc602abcf3>@@V<lambda_1c412e3457517a614fb7d0c137686c95>@@@?$__crt_seh_guarded_call@H@@QAEH$$QAV<lambda_ba8264b40644a42074cedf043e7aa388>@@AAV<lambda_9dc9bc4853282e051506c0cc602abcf3>@@$$QAV<lambda_1c412e3457517a614fb7d0c137686c95>@@@Z 1004b520     libucrt:output.obj
 0002:00008540       __sehtable$??$?RV<lambda_cae121c7667f229345c68b3f32b19755>@@AAV<lambda_b09925f738b1434f525bf50d3162636f>@@V<lambda_18d67e1eeb4dde13899af949c649d933>@@@?$__crt_seh_guarded_call@H@@QAEH$$QAV<lambda_cae121c7667f229345c68b3f32b19755>@@AAV<lambda_b09925f738b1434f525bf50d3162636f>@@$$QAV<lambda_18d67e1eeb4dde13899af949c649d933>@@@Z 1004b540     libucrt:output.obj
 0002:00008560       __sehtable$??$?RV<lambda_218ce3db14220d0be481dae8ef3383b6>@@AAV<lambda_628dfdc04ba53c8bfc02c9951375f3f5>@@V<lambda_57dc472bd5c9d5f3b2cbca59b8a843ae>@@@?$__crt_seh_guarded_call@H@@QAEH$$QAV<lambda_218ce3db14220d0be481dae8ef3383b6>@@AAV<lambda_628dfdc04ba53c8bfc02c9951375f3f5>@@$$QAV<lambda_57dc472bd5c9d5f3b2cbca59b8a843ae>@@@Z 1004b560     libucrt:close.obj
 0002:00008580       __sehtable$?__acrt_stdio_allocate_stream@@YA?AV__crt_stdio_stream@@XZ 1004b580     libucrt:stream.obj
 0002:000085a0       __sehtable$??$?RV<lambda_2866be3712abc81a800a822484c830d8>@@AAV<lambda_39ca0ed439415581b5b15c265174cece>@@V<lambda_2b24c74d71094a6cd0cb82e44167d71b>@@@?$__crt_seh_guarded_call@X@@QAEX$$QAV<lambda_2866be3712abc81a800a822484c830d8>@@AAV<lambda_39ca0ed439415581b5b15c265174cece>@@$$QAV<lambda_2b24c74d71094a6cd0cb82e44167d71b>@@@Z 1004b5a0     libucrt:fflush.obj
 0002:000085c0       __sehtable$??$?RV<lambda_2cc53f568c5a2bb6f192f930a45d44ea>@@AAV<lambda_ab61a845afdef5b7c387490eaf3616ee>@@V<lambda_c2ffc0b7726aa6be21d5f0026187e748>@@@?$__crt_seh_guarded_call@X@@QAEX$$QAV<lambda_2cc53f568c5a2bb6f192f930a45d44ea>@@AAV<lambda_ab61a845afdef5b7c387490eaf3616ee>@@$$QAV<lambda_c2ffc0b7726aa6be21d5f0026187e748>@@@Z 1004b5c0     libucrt:fflush.obj
 0002:000085e0       __sehtable$??$?RV<lambda_6d20deecaf4856105ebacbad442d1079>@@AAV<lambda_9a32fed5bf61b6b509b2d3f6003082a1>@@V<lambda_63ea2239ed67c638ddbae41947fdf875>@@@?$__crt_seh_guarded_call@H@@QAEH$$QAV<lambda_6d20deecaf4856105ebacbad442d1079>@@AAV<lambda_9a32fed5bf61b6b509b2d3f6003082a1>@@$$QAV<lambda_63ea2239ed67c638ddbae41947fdf875>@@@Z 1004b5e0     libucrt:fflush.obj
 0002:00008600       __sehtable$__read          1004b600     libucrt:read.obj
 0002:00008620       __sehtable$??$common_lseek@J@@YAJHJH@Z 1004b620     libucrt:lseek.obj
 0002:00008640       __sehtable$??$common_lseek@_J@@YA_JH_JH@Z 1004b640     libucrt:lseek.obj
 0002:00008660       __sehtable$___acrt_initialize_lowio 1004b660     libucrt:ioinit.obj
 0002:00008680       __sehtable$??$?RV<lambda_15ade71b0218206bbe3333a0c9b79046>@@AAV<lambda_da44e0f8b0f19ba52fefafb335991732>@@V<lambda_207f2d024fc103971653565357d6cd41>@@@?$__crt_seh_guarded_call@X@@QAEX$$QAV<lambda_15ade71b0218206bbe3333a0c9b79046>@@AAV<lambda_da44e0f8b0f19ba52fefafb335991732>@@$$QAV<lambda_207f2d024fc103971653565357d6cd41>@@@Z 1004b680     libucrt:per_thread_data.obj
 0002:000086a0       __sehtable$??$?RV<lambda_a7e850c220f1c8d1e6efeecdedd162c6>@@AAV<lambda_46720907175c18b6c9d2717bc0d2d362>@@V<lambda_9048902d66e8d99359bc9897bbb930a8>@@@?$__crt_seh_guarded_call@X@@QAEX$$QAV<lambda_a7e850c220f1c8d1e6efeecdedd162c6>@@AAV<lambda_46720907175c18b6c9d2717bc0d2d362>@@$$QAV<lambda_9048902d66e8d99359bc9897bbb930a8>@@@Z 1004b6a0     libucrt:per_thread_data.obj
 0002:000086c0       __sehtable$??$?RV<lambda_38edbb1296d33220d7e4dd0ed76b244a>@@AAV<lambda_5ce1d447e08cb34b2473517608e21441>@@V<lambda_fb385d3da700c9147fc39e65dd577a8c>@@@?$__crt_seh_guarded_call@X@@QAEX$$QAV<lambda_38edbb1296d33220d7e4dd0ed76b244a>@@AAV<lambda_5ce1d447e08cb34b2473517608e21441>@@$$QAV<lambda_fb385d3da700c9147fc39e65dd577a8c>@@@Z 1004b6c0     libucrt:per_thread_data.obj
 0002:000086e0       __sehtable$??$?RV<lambda_6affb1475c98b40b75cdec977db92e3c>@@AAV<lambda_b8d4b9c228a6ecc3f80208dbb4b4a104>@@V<lambda_608742c3c92a14382c1684fc64f96c88>@@@?$__crt_seh_guarded_call@X@@QAEX$$QAV<lambda_6affb1475c98b40b75cdec977db92e3c>@@AAV<lambda_b8d4b9c228a6ecc3f80208dbb4b4a104>@@$$QAV<lambda_608742c3c92a14382c1684fc64f96c88>@@@Z 1004b6e0     libucrt:per_thread_data.obj
 0002:00008700       __sehtable$?update_thread_multibyte_data_internal@@YAPAU__crt_multibyte_data@@QAU__acrt_ptd@@QAPAU1@@Z 1004b700     libucrt:mbctype.obj
 0002:00008720       __sehtable$??$?RV<lambda_ceb1ee4838e85a9d631eb091e2fbe199>@@AAV<lambda_ae742caa10f662c28703da3d2ea5e57e>@@V<lambda_cd08b5d6af4937fe54fc07d0c9bf6b37>@@@?$__crt_seh_guarded_call@X@@QAEX$$QAV<lambda_ceb1ee4838e85a9d631eb091e2fbe199>@@AAV<lambda_ae742caa10f662c28703da3d2ea5e57e>@@$$QAV<lambda_cd08b5d6af4937fe54fc07d0c9bf6b37>@@@Z 1004b720     libucrt:mbctype.obj
 0002:00008740       __sehtable$??$?RV<lambda_6b4b7855443974f2b4b77000ea21c99c>@@AAV<lambda_8f7d3b162ab39427f4fa9995c67a7986>@@V<lambda_cc9a5ba8a5d8428b9634eab82665e5dc>@@@?$__crt_seh_guarded_call@H@@QAEH$$QAV<lambda_6b4b7855443974f2b4b77000ea21c99c>@@AAV<lambda_8f7d3b162ab39427f4fa9995c67a7986>@@$$QAV<lambda_cc9a5ba8a5d8428b9634eab82665e5dc>@@@Z 1004b740     libucrt:winapi_thunks.obj
 0002:00008760       __sehtable$_signal         1004b760     libucrt:signal.obj
 0002:00008780       __sehtable$_raise          1004b780     libucrt:signal.obj
 0002:000087a0       __sehtable$?ctrlevent_capture@@YGHK@Z 1004b7a0     libucrt:signal.obj
 0002:000087c0       __sehtable$??$?RV<lambda_cbab9ec6f41b0180b23cc171c22676b0>@@AAV<lambda_44731a7d0e6d81c3e6aa82d741081786>@@V<lambda_4b292cb8dd18144e164572427af410ab>@@@?$__crt_seh_guarded_call@P6AXH@Z@@QAEP6AXH@Z$$QAV<lambda_cbab9ec6f41b0180b23cc171c22676b0>@@AAV<lambda_44731a7d0e6d81c3e6aa82d741081786>@@$$QAV<lambda_4b292cb8dd18144e164572427af410ab>@@@Z 1004b7c0     libucrt:signal.obj
 0002:000087e0       __sehtable$_fputwc         1004b7e0     libucrt:fputwc.obj
 0002:00008800       __sehtable$_fputc          1004b800     libucrt:fputc.obj
 0002:00008820       __sehtable$__free_locale   1004b820     libucrt:wsetlocale.obj
 0002:00008848       __sehtable$??$?RV<lambda_e5124f882df8998aaf41531e079ba474>@@AAV<lambda_3e16ef9562a7dcce91392c22ab16ea36>@@V<lambda_e25ca0880e6ef98be67edffd8c599615>@@@?$__crt_seh_guarded_call@X@@QAEX$$QAV<lambda_e5124f882df8998aaf41531e079ba474>@@AAV<lambda_3e16ef9562a7dcce91392c22ab16ea36>@@$$QAV<lambda_e25ca0880e6ef98be67edffd8c599615>@@@Z 1004b848     libucrt:wsetlocale.obj
 0002:00008868       __sehtable$??$?RV<lambda_82aef432098b982f9ede325b418aa67a>@@AAV<lambda_862e9a3f04921db6ca1ce3faa2bf3edf>@@V<lambda_ffabc152e504b53d7492b9889b10c020>@@@?$__crt_seh_guarded_call@X@@QAEX$$QAV<lambda_82aef432098b982f9ede325b418aa67a>@@AAV<lambda_862e9a3f04921db6ca1ce3faa2bf3edf>@@$$QAV<lambda_ffabc152e504b53d7492b9889b10c020>@@@Z 1004b868     libucrt:wsetlocale.obj
 0002:00008888       __sehtable$??$?RV<lambda_6673f7c4c09a5d469d0c27ae364621ce>@@AAV<lambda_ebab98244f73a74f49db879bf13fa982>@@V<lambda_be20789b7a146653eab82509ec35b419>@@@?$__crt_seh_guarded_call@X@@QAEX$$QAV<lambda_6673f7c4c09a5d469d0c27ae364621ce>@@AAV<lambda_ebab98244f73a74f49db879bf13fa982>@@$$QAV<lambda_be20789b7a146653eab82509ec35b419>@@@Z 1004b888     libucrt:wsetlocale.obj
 0002:000088a8       __sehtable$??$?RV<lambda_4fdada1b837b2abbf20876fac97688ad>@@AAV<lambda_b57350f2640456a0859d250846f69caf>@@V<lambda_eed5e4f92b5b7d55fa22c48c484aaa54>@@@?$__crt_seh_guarded_call@X@@QAEX$$QAV<lambda_4fdada1b837b2abbf20876fac97688ad>@@AAV<lambda_b57350f2640456a0859d250846f69caf>@@$$QAV<lambda_eed5e4f92b5b7d55fa22c48c484aaa54>@@@Z 1004b8a8     libucrt:wsetlocale.obj
 0002:000088c8       __sehtable$??$?RV<lambda_135d2772fca65dc1248eeaa1b56e886a>@@AAV<lambda_2a444430fde8c29194d880d93eed5e8f>@@AAV<lambda_8dff2cf36a5417162780cd64fa2883ef>@@@?$__crt_seh_guarded_call@X@@QAEX$$QAV<lambda_135d2772fca65dc1248eeaa1b56e886a>@@AAV<lambda_2a444430fde8c29194d880d93eed5e8f>@@AAV<lambda_8dff2cf36a5417162780cd64fa2883ef>@@@Z 1004b8c8     libucrt:wsetlocale.obj
 0002:000088e8       __sehtable$__open_osfhandle 1004b8e8     libucrt:osfinfo.obj
 0002:00008908       __sehtable$__alloc_osfhnd  1004b908     libucrt:osfinfo.obj
 0002:00008928       __sehtable$___acrt_lowio_ensure_fh_exists 1004b928     libucrt:osfinfo.obj
 0002:00008948       __sehtable$__fcloseall     1004b948     libucrt:closeall.obj
 0002:00008968       __sehtable$??$?RV<lambda_9e9de3de5fa147e2223d7db92bc10aa6>@@AAV<lambda_38ce7e780aa69e748d6df282ebc68efe>@@V<lambda_8ca6da459f0f6780f1cff60fdc3d00e5>@@@?$__crt_seh_guarded_call@H@@QAEH$$QAV<lambda_9e9de3de5fa147e2223d7db92bc10aa6>@@AAV<lambda_38ce7e780aa69e748d6df282ebc68efe>@@$$QAV<lambda_8ca6da459f0f6780f1cff60fdc3d00e5>@@@Z 1004b968     libucrt:commit.obj
 0002:00008988       __sehtable$__write         1004b988     libucrt:write.obj
 0002:000089a8       __sehtable$??$common_open@D@@YAHQBDHH@Z 1004b9a8     libucrt:open.obj
 0002:000089c8       __sehtable$??$common_open@_W@@YAHQB_WHH@Z 1004b9c8     libucrt:open.obj
 0002:000089e8       __sehtable$??$common_sopen_dispatch@D@@YAHQBDHHHQAHH@Z 1004b9e8     libucrt:open.obj
 0002:00008a08       __sehtable$??$common_sopen_dispatch@_W@@YAHQB_WHHHQAHH@Z 1004ba08     libucrt:open.obj
 0002:00008a28       __sehtable$___acrt_update_thread_locale_data 1004ba28     libucrt:locale_refcounting.obj
 0002:00008a48       __sehtable$??$?RV<lambda_f828341fbe69b7c0d4c527b01f22877f>@@AAV<lambda_9e0b6ab72a5b3ae37ad997d08b519f50>@@V<lambda_f01deac0a8d65d6e0411edf7e0af5775>@@@?$__crt_seh_guarded_call@G@@QAEG$$QAV<lambda_f828341fbe69b7c0d4c527b01f22877f>@@AAV<lambda_9e0b6ab72a5b3ae37ad997d08b519f50>@@$$QAV<lambda_f01deac0a8d65d6e0411edf7e0af5775>@@@Z 1004ba48     libucrt:putwch.obj
 0002:00008a68       __sehtable$__setmode       1004ba68     libucrt:setmode.obj
 0002:00008a88       __sehtable$??$?RV<lambda_3b12a17125e8c5b5e6e6f6c6050db0c1>@@AAV<lambda_522ac1b1e1a1180d6f374a882b81d1c8>@@V<lambda_e92b96cac182f562f30acc9fb7872857>@@@?$__crt_seh_guarded_call@H@@QAEH$$QAV<lambda_3b12a17125e8c5b5e6e6f6c6050db0c1>@@AAV<lambda_522ac1b1e1a1180d6f374a882b81d1c8>@@$$QAV<lambda_e92b96cac182f562f30acc9fb7872857>@@@Z 1004ba88     libucrt:chsize.obj
 0002:00008aa8       __sehtable$___set_fpsr_sse2 1004baa8     libucrt:fpctrl.obj
 0002:00008ac8       __sehtable$__IsNonwritableInCurrentImage 1004bac8     LIBCMT:pesect.obj
 0002:00008af0       .edata                     1004baf0     WzAG.exp
 0002:00008b18       rgpv                       1004bb18     WzAG.exp
 0002:00008b3c       rgszName                   1004bb3c     WzAG.exp
 0002:00008b60       rgwOrd                     1004bb60     WzAG.exp
 0002:00008b72       szName                     1004bb72     WzAG.exp
 0002:00008b7b       $N00001                    1004bb7b     WzAG.exp
 0002:00008b8a       $N00002                    1004bb8a     WzAG.exp
 0002:00008b9d       $N00003                    1004bb9d     WzAG.exp
 0002:00008bad       $N00004                    1004bbad     WzAG.exp
 0002:00008bc1       $N00005                    1004bbc1     WzAG.exp
 0002:00008bca       $N00006                    1004bbca     WzAG.exp
 0002:00008bda       $N00007                    1004bbda     WzAG.exp
 0002:00008be8       $N00008                    1004bbe8     WzAG.exp
 0002:00008bf2       $N00009                    1004bbf2     WzAG.exp
 0002:00008dba       .idata$6                   1004bdba     kernel32:KERNEL32.dll
 0002:00008dd6       .idata$6                   1004bdd6     user32:USER32.dll
 0003:00000030       ?__vcrt_flsindex@@3KA      1004d030     libvcruntime:per_thread_data.obj
 0003:00000060       ?errno_no_memory@@3HA      1004d060     libucrt:errno.obj
 0003:00000064       ?doserrno_no_memory@@3KA   1004d064     libucrt:errno.obj
 0003:00000248       ?__acrt_flsindex@@3KA      1004d248     libucrt:per_thread_data.obj
 0003:00000470       __mbctypes                 1004d470     libucrt:mbctype.obj
 0003:00000578       __mbcasemaps               1004d578     libucrt:mbctype.obj
 0003:00000678       ?__rgctypeflag@@3PADA      1004d678     libucrt:mbctype.obj
 0003:00000680       ?__rgcode_page_info@@3PAUcode_page_info@@A 1004d680     libucrt:mbctype.obj
 0003:00000838       __ctype_loc_style          1004d838     libucrt:wsetlocale.obj
 0003:000008c0       ?__dcrt_lowio_console_output_handle@@3PAXA 1004d8c0     libucrt:initcon.obj
 0003:000008d0       ?__DAZ_ENABLED@?1??__set_fpsr_sse2@@9@9 1004d8d0     libucrt:fpctrl.obj
 0003:00000a50       ?__proc_attached@@3HA      1004da50     LIBCMT:dll_dllmain.obj
 0003:00000a58       _GS_ExceptionRecord        1004da58     LIBCMT:gs_report.obj
 0003:00000aa8       _GS_ContextRecord          1004daa8     LIBCMT:gs_report.obj
 0003:00000d98       ?is_initialized_as_dll@@3_NA 1004dd98     LIBCMT:utility.obj
 0003:00000d99       ?module_local_atexit_table_initialized@@3_NA 1004dd99     LIBCMT:utility.obj
 0003:00000d9c       ?module_local_atexit_table@@3U_onexit_table_t@@A 1004dd9c     LIBCMT:utility.obj
 0003:00000da8       ?module_local_at_quick_exit_table@@3U_onexit_table_t@@A 1004dda8     LIBCMT:utility.obj
 0003:00000dec       ?heap@@3V_HeapManager@@A   1004ddec     libvcruntime:undname.obj
 0003:00000e00       ?__vcrt_startup_thread_ptd@@3U__vcrt_ptd@@A 1004de00     libvcruntime:per_thread_data.obj
 0003:00000e28       ___vcrt_lock_table         1004de28     libvcruntime:locks.obj
 0003:00000e40       ___vcrt_locks_initialized  1004de40     libvcruntime:locks.obj
 0003:00000e44       ?module_handles@@3PAPAUHINSTANCE__@@A 1004de44     libvcruntime:winapi_downlevel.obj
 0003:00000e50       ?function_pointers@@3PAPAXA 1004de50     libvcruntime:winapi_downlevel.obj
 0003:00000e68       ?__acrt_new_handler@@3V?$dual_state_global@P6AHI@Z@__crt_state_management@@A 1004de68     libucrt:new_handler.obj
 0003:00000e6c       ?c_termination_complete@@3JA 1004de6c     libucrt:exit.obj
 0003:00000e70       ?thread_local_exit_callback_func@@3P6GXPAXK0@ZA 1004de70     libucrt:exit.obj
 0003:00000e78       ?program_name@?1???$common_configure_argv@D@@YAHW4_crt_argv_mode@@@Z@4PADA 1004de78     libucrt:argv_parsing.obj
 0003:00000f80       ?program_name@?1???$common_configure_argv@_W@@YAHW4_crt_argv_mode@@@Z@4PA_WA 1004df80     libucrt:argv_parsing.obj
 0003:000011b4       ?__acrt_invalid_parameter_handler@@3V?$dual_state_global@P6AXPB_W00II@Z@__crt_state_management@@A 1004e1b4     libucrt:invalid_parameter.obj
 0003:000013d0       ?__acrt_lock_table@@3PAU_RTL_CRITICAL_SECTION@@A 1004e3d0     libucrt:locks.obj
 0003:00001520       ?__acrt_locks_initialized@@3IA 1004e520     libucrt:locks.obj
 0003:00001524       ?state_cache@?1???$get_cached_win_policy@Ubegin_thread_init_policy_properties@?1??__acrt_get_begin_thread_init_policy@@YA?AW4begin_thread_init_policy@@XZ@@@YA?AW4begin_thread_init_policy@@W4AppPolicyThreadInitializationType@@@Z@4JA 1004e524     libucrt:win_policies.obj
 0003:00001528       ?state_cache@?1???$get_cached_win_policy@Udeveloper_information_policy_properties@?1??__acrt_get_developer_information_policy@@YA?AW4developer_information_policy@@XZ@@@YA?AW4developer_information_policy@@W4AppPolicyShowDeveloperDiagnostic@@@Z@4JA 1004e528     libucrt:win_policies.obj
 0003:0000152c       ?state_cache@?1???$get_cached_win_policy@Uwindowing_model_policy_properties@?1??__acrt_get_windowing_model_policy@@YA?AW4windowing_model_policy@@XZ@@@YA?AW4windowing_model_policy@@W4AppPolicyWindowingModel@@@Z@4JA 1004e52c     libucrt:win_policies.obj
 0003:0000153c       ?fSystemSet@@3HA           1004e53c     libucrt:mbctype.obj
 0003:00001540       ?initialized@?1??__acrt_initialize_multibyte@@9@4_NA 1004e540     libucrt:mbctype.obj
 0003:00001560       ?module_handles@@3PAPAUHINSTANCE__@@A 1004e560     libucrt:winapi_thunks.obj
 0003:000015b0       ?encoded_function_pointers@@3PAPAXA 1004e5b0     libucrt:winapi_thunks.obj
 0003:00001638       ?static_enum_proc@?1??enum_system_locales_ex_nolock@@YAHQ6GHPA_WKJ@Z@Z@4P6GH0KJ@ZA 1004e638     libucrt:winapi_thunks.obj
 0003:00001640       ?console_ctrl_handler_installed@@3_NA 1004e640     libucrt:signal.obj
 0003:00001644       ?ctrlc_action@@3V?$dual_state_global@P6AXH@Z@__crt_state_management@@A 1004e644     libucrt:signal.obj
 0003:00001648       ?ctrlbreak_action@@3V?$dual_state_global@P6AXH@Z@__crt_state_management@@A 1004e648     libucrt:signal.obj
 0003:0000164c       ?abort_action@@3V?$dual_state_global@P6AXH@Z@__crt_state_management@@A 1004e64c     libucrt:signal.obj
 0003:00001650       ?term_action@@3V?$dual_state_global@P6AXH@Z@__crt_state_management@@A 1004e650     libucrt:signal.obj
 0003:00001654       ?user_matherr@@3V?$dual_state_global@P6AHPAU_exception@@@Z@__crt_state_management@@A 1004e654     libucrt:matherr.obj
 0003:00001664       ?internal_state@?1??_mbtowc_l@@9@4U_Mbstatet@@A 1004e664     libucrt:mbtowc.obj
 0003:0000166c       ?enable_percent_n@@3IA     1004e66c     libucrt:printf_count_output.obj
 0003:00001678       ?__acrt_global_new_mode@@3V?$dual_state_global@J@__crt_state_management@@A 1004e678     libucrt:new_mode.obj
 0003:00001684       ?mbst@?1??mbrlen@@9@4U_Mbstatet@@A 1004e684     libucrt:mbrtowc.obj
 0003:0000168c       ?mbst@?1??mbrtowc@@9@4U_Mbstatet@@A 1004e68c     libucrt:mbrtowc.obj
 0003:00001694       ?mbst@?1??_mbsrtowcs_helper@@YAIPA_WPAPBDIPAU_Mbstatet@@@Z@4U2@A 1004e694     libucrt:mbrtowc.obj
 0003:0000169c       ?__acrt_app_type@@3W4_crt_app_type@@A 1004e69c     libucrt:report_runtime_error.obj
 0003:000016a0       ?outmsg@?9??__acrt_report_runtime_error@@9@4PA_WA 1004e6a0     libucrt:report_runtime_error.obj
 0003:00001ccc       ?internal_pst@?1??__mbrtoc32_utf8@__crt_mbstring@@YAIPA_UPBDIPAU_Mbstatet@@@Z@4U3@A 1004eccc     libucrt:mbrtoc32.obj
 0003:00001cd4       ___acrt_error_mode         1004ecd4     libucrt:set_error_mode.obj
 0003:00001ce0       __pmatherr_set             1004ece0     libucrt:libm_error.obj
 0004:000000a0       $R000000                   1004f0a0     WzAG.res
 0004:00000358       $R0002B8                   1004f358     WzAG.res
